<!doctype html public "-//w3c//dtd html 4.0 transitional//en">
<html><head>
<title>Static Call Graph - [.\output\Project.axf]</title></head>
<body><HR>
<H1>Static Call Graph for image .\output\Project.axf</H1><HR>
<BR><P>#&#060CALLGRAPH&#062# ARM Linker, 6180002: Last Updated: Fri May 24 12:29:59 2024
<BR><P>
<H3>Maximum Stack Usage =          0 bytes + Unknown(Cycles, Untraceable Function Pointers)</H3><H3>
Call chain for Maximum Stack Depth:</H3>

<P>
<H3>
Mutually Recursive functions
</H3> <LI><a href="#[18]">ADC_IRQHandler</a>&nbsp;&nbsp;&nbsp;&rArr;&nbsp;&nbsp;&nbsp;<a href="#[18]">ADC_IRQHandler</a><BR>
</UL>
<P>
<H3>
Function Pointers
</H3><UL>
 <LI><a href="#[18]">ADC_IRQHandler</a> from startup_gd32l235xx.o(.text) referenced from startup_gd32l235xx.o(RESET)
 <LI><a href="#[37]">CAN_EWMC_IRQHandler</a> from startup_gd32l235xx.o(.text) referenced from startup_gd32l235xx.o(RESET)
 <LI><a href="#[36]">CAN_RX1_IRQHandler</a> from startup_gd32l235xx.o(.text) referenced from startup_gd32l235xx.o(RESET)
 <LI><a href="#[3f]">CAU_IRQHandler</a> from startup_gd32l235xx.o(.text) referenced from startup_gd32l235xx.o(RESET)
 <LI><a href="#[39]">CMP0_IRQHandler</a> from startup_gd32l235xx.o(.text) referenced from startup_gd32l235xx.o(RESET)
 <LI><a href="#[3a]">CMP1_IRQHandler</a> from startup_gd32l235xx.o(.text) referenced from startup_gd32l235xx.o(RESET)
 <LI><a href="#[2b]">DAC_IRQHandler</a> from startup_gd32l235xx.o(.text) referenced from startup_gd32l235xx.o(RESET)
 <LI><a href="#[38]">DMAMUX_IRQHandler</a> from startup_gd32l235xx.o(.text) referenced from startup_gd32l235xx.o(RESET)
 <LI><a href="#[11]">DMA_Channel0_IRQHandler</a> from startup_gd32l235xx.o(.text) referenced from startup_gd32l235xx.o(RESET)
 <LI><a href="#[12]">DMA_Channel1_IRQHandler</a> from startup_gd32l235xx.o(.text) referenced from startup_gd32l235xx.o(RESET)
 <LI><a href="#[13]">DMA_Channel2_IRQHandler</a> from startup_gd32l235xx.o(.text) referenced from startup_gd32l235xx.o(RESET)
 <LI><a href="#[14]">DMA_Channel3_IRQHandler</a> from startup_gd32l235xx.o(.text) referenced from startup_gd32l235xx.o(RESET)
 <LI><a href="#[15]">DMA_Channel4_IRQHandler</a> from startup_gd32l235xx.o(.text) referenced from startup_gd32l235xx.o(RESET)
 <LI><a href="#[16]">DMA_Channel5_IRQHandler</a> from startup_gd32l235xx.o(.text) referenced from startup_gd32l235xx.o(RESET)
 <LI><a href="#[17]">DMA_Channel6_IRQHandler</a> from startup_gd32l235xx.o(.text) referenced from startup_gd32l235xx.o(RESET)
 <LI><a href="#[c]">EXTI0_IRQHandler</a> from startup_gd32l235xx.o(.text) referenced from startup_gd32l235xx.o(RESET)
 <LI><a href="#[34]">EXTI10_15_IRQHandler</a> from startup_gd32l235xx.o(.text) referenced from startup_gd32l235xx.o(RESET)
 <LI><a href="#[d]">EXTI1_IRQHandler</a> from startup_gd32l235xx.o(.text) referenced from startup_gd32l235xx.o(RESET)
 <LI><a href="#[e]">EXTI2_IRQHandler</a> from startup_gd32l235xx.o(.text) referenced from startup_gd32l235xx.o(RESET)
 <LI><a href="#[f]">EXTI3_IRQHandler</a> from startup_gd32l235xx.o(.text) referenced from startup_gd32l235xx.o(RESET)
 <LI><a href="#[10]">EXTI4_IRQHandler</a> from startup_gd32l235xx.o(.text) referenced from startup_gd32l235xx.o(RESET)
 <LI><a href="#[30]">EXTI5_9_IRQHandler</a> from startup_gd32l235xx.o(.text) referenced from startup_gd32l235xx.o(RESET)
 <LI><a href="#[a]">FMC_IRQHandler</a> from startup_gd32l235xx.o(.text) referenced from startup_gd32l235xx.o(RESET)
 <LI><a href="#[2]">HardFault_Handler</a> from gd32l23x_it.o(.text.HardFault_Handler) referenced from startup_gd32l235xx.o(RESET)
 <LI><a href="#[26]">I2C0_ER_IRQHandler</a> from startup_gd32l235xx.o(.text) referenced from startup_gd32l235xx.o(RESET)
 <LI><a href="#[25]">I2C0_EV_IRQHandler</a> from startup_gd32l235xx.o(.text) referenced from startup_gd32l235xx.o(RESET)
 <LI><a href="#[3b]">I2C0_WKUP_IRQHandler</a> from startup_gd32l235xx.o(.text) referenced from startup_gd32l235xx.o(RESET)
 <LI><a href="#[28]">I2C1_ER_IRQHandler</a> from startup_gd32l235xx.o(.text) referenced from startup_gd32l235xx.o(RESET)
 <LI><a href="#[27]">I2C1_EV_IRQHandler</a> from startup_gd32l235xx.o(.text) referenced from startup_gd32l235xx.o(RESET)
 <LI><a href="#[43]">I2C1_WKUP_IRQHandler</a> from startup_gd32l235xx.o(.text) referenced from startup_gd32l235xx.o(RESET)
 <LI><a href="#[2d]">I2C2_ER_IRQHandler</a> from startup_gd32l235xx.o(.text) referenced from startup_gd32l235xx.o(RESET)
 <LI><a href="#[2c]">I2C2_EV_IRQHandler</a> from startup_gd32l235xx.o(.text) referenced from startup_gd32l235xx.o(RESET)
 <LI><a href="#[3c]">I2C2_WKUP_IRQHandler</a> from startup_gd32l235xx.o(.text) referenced from startup_gd32l235xx.o(RESET)
 <LI><a href="#[45]">LPTIMER0_IRQHandler</a> from startup_gd32l235xx.o(.text) referenced from startup_gd32l235xx.o(RESET)
 <LI><a href="#[47]">LPTIMER1_IRQHandler</a> from startup_gd32l235xx.o(.text) referenced from startup_gd32l235xx.o(RESET)
 <LI><a href="#[3e]">LPUART0_IRQHandler</a> from startup_gd32l235xx.o(.text) referenced from startup_gd32l235xx.o(RESET)
 <LI><a href="#[44]">LPUART0_WKUP_IRQHandler</a> from startup_gd32l235xx.o(.text) referenced from startup_gd32l235xx.o(RESET)
 <LI><a href="#[48]">LPUART1_IRQHandler</a> from startup_gd32l235xx.o(.text) referenced from startup_gd32l235xx.o(RESET)
 <LI><a href="#[46]">LPUART1_WKUP_IRQHandler</a> from startup_gd32l235xx.o(.text) referenced from startup_gd32l235xx.o(RESET)
 <LI><a href="#[7]">LVD_IRQHandler</a> from startup_gd32l235xx.o(.text) referenced from startup_gd32l235xx.o(RESET)
 <LI><a href="#[1]">NMI_Handler</a> from gd32l23x_it.o(.text.NMI_Handler) referenced from startup_gd32l235xx.o(RESET)
 <LI><a href="#[4]">PendSV_Handler</a> from gd32l23x_it.o(.text.PendSV_Handler) referenced from startup_gd32l235xx.o(RESET)
 <LI><a href="#[b]">RCU_CTC_IRQHandler</a> from startup_gd32l235xx.o(.text) referenced from startup_gd32l235xx.o(RESET)
 <LI><a href="#[2e]">RTC_Alarm_IRQHandler</a> from startup_gd32l235xx.o(.text) referenced from startup_gd32l235xx.o(RESET)
 <LI><a href="#[9]">RTC_WKUP_IRQHandler</a> from startup_gd32l235xx.o(.text) referenced from startup_gd32l235xx.o(RESET)
 <LI><a href="#[0]">Reset_Handler</a> from startup_gd32l235xx.o(.text) referenced from startup_gd32l235xx.o(RESET)
 <LI><a href="#[41]">SLCD_IRQHandler</a> from startup_gd32l235xx.o(.text) referenced from startup_gd32l235xx.o(RESET)
 <LI><a href="#[29]">SPI0_IRQHandler</a> from startup_gd32l235xx.o(.text) referenced from startup_gd32l235xx.o(RESET)
 <LI><a href="#[2a]">SPI1_IRQHandler</a> from startup_gd32l235xx.o(.text) referenced from startup_gd32l235xx.o(RESET)
 <LI><a href="#[3]">SVC_Handler</a> from gd32l23x_it.o(.text.SVC_Handler) referenced from startup_gd32l235xx.o(RESET)
 <LI><a href="#[5]">SysTick_Handler</a> from gd32l23x_it.o(.text.SysTick_Handler) referenced from startup_gd32l235xx.o(RESET)
 <LI><a href="#[4a]">SystemInit</a> from system_gd32l23x.o(.text.SystemInit) referenced from startup_gd32l235xx.o(.text)
 <LI><a href="#[8]">TAMPER_STAMP_IRQHandler</a> from startup_gd32l235xx.o(.text) referenced from startup_gd32l235xx.o(RESET)
 <LI><a href="#[32]">TIMER0_Channel_IRQHandler</a> from startup_gd32l235xx.o(.text) referenced from startup_gd32l235xx.o(RESET)
 <LI><a href="#[31]">TIMER0_TRG_CMT_UP_BRK_IRQHandler</a> from startup_gd32l235xx.o(.text) referenced from startup_gd32l235xx.o(RESET)
 <LI><a href="#[1e]">TIMER11_IRQHandler</a> from startup_gd32l235xx.o(.text) referenced from startup_gd32l235xx.o(RESET)
 <LI><a href="#[33]">TIMER14_IRQHandler</a> from startup_gd32l235xx.o(.text) referenced from startup_gd32l235xx.o(RESET)
 <LI><a href="#[1b]">TIMER1_IRQHandler</a> from startup_gd32l235xx.o(.text) referenced from startup_gd32l235xx.o(RESET)
 <LI><a href="#[1c]">TIMER2_IRQHandler</a> from startup_gd32l235xx.o(.text) referenced from startup_gd32l235xx.o(RESET)
 <LI><a href="#[35]">TIMER40_IRQHandler</a> from startup_gd32l235xx.o(.text) referenced from startup_gd32l235xx.o(RESET)
 <LI><a href="#[1f]">TIMER5_IRQHandler</a> from startup_gd32l235xx.o(.text) referenced from startup_gd32l235xx.o(RESET)
 <LI><a href="#[20]">TIMER6_IRQHandler</a> from startup_gd32l235xx.o(.text) referenced from startup_gd32l235xx.o(RESET)
 <LI><a href="#[1d]">TIMER8_IRQHandler</a> from startup_gd32l235xx.o(.text) referenced from startup_gd32l235xx.o(RESET)
 <LI><a href="#[40]">TRNG_IRQHandler</a> from startup_gd32l235xx.o(.text) referenced from startup_gd32l235xx.o(RESET)
 <LI><a href="#[23]">UART3_IRQHandler</a> from startup_gd32l235xx.o(.text) referenced from startup_gd32l235xx.o(RESET)
 <LI><a href="#[24]">UART4_IRQHandler</a> from startup_gd32l235xx.o(.text) referenced from startup_gd32l235xx.o(RESET)
 <LI><a href="#[21]">USART0_IRQHandler</a> from startup_gd32l235xx.o(.text) referenced from startup_gd32l235xx.o(RESET)
 <LI><a href="#[3d]">USART0_WKUP_IRQHandler</a> from startup_gd32l235xx.o(.text) referenced from startup_gd32l235xx.o(RESET)
 <LI><a href="#[22]">USART1_IRQHandler</a> from startup_gd32l235xx.o(.text) referenced from startup_gd32l235xx.o(RESET)
 <LI><a href="#[42]">USART1_WKUP_IRQHandler</a> from startup_gd32l235xx.o(.text) referenced from startup_gd32l235xx.o(RESET)
 <LI><a href="#[19]">USBD_HP_CAN_TX_IRQHandler</a> from startup_gd32l235xx.o(.text) referenced from startup_gd32l235xx.o(RESET)
 <LI><a href="#[1a]">USBD_LP_CAN_RX0_IRQHandler</a> from startup_gd32l235xx.o(.text) referenced from startup_gd32l235xx.o(RESET)
 <LI><a href="#[2f]">USBD_WKUP_IRQHandler</a> from startup_gd32l235xx.o(.text) referenced from startup_gd32l235xx.o(RESET)
 <LI><a href="#[6]">WWDGT_IRQHandler</a> from startup_gd32l235xx.o(.text) referenced from startup_gd32l235xx.o(RESET)
 <LI><a href="#[4b]">__main</a> from entry.o(.ARM.Collect$$$$00000000) referenced from startup_gd32l235xx.o(.text)
 <LI><a href="#[4c]">fputc</a> from main.o(.text.fputc) referenced from printfa.o(i.__0printf)
 <LI><a href="#[49]">main</a> from main.o(.text.main) referenced from entry9a.o(.ARM.Collect$$$$0000000B)
</UL>
<P>
<H3>
Global Symbols
</H3>
<P><STRONG><a name="[4b]"></a>__main</STRONG> (Thumb, 0 bytes, Stack size 0 bytes, entry.o(.ARM.Collect$$$$00000000))
<BR>[Address Reference Count : 1]<UL><LI> startup_gd32l235xx.o(.text)
</UL>
<P><STRONG><a name="[4d]"></a>_main_scatterload</STRONG> (Thumb, 0 bytes, Stack size 0 bytes, entry5.o(.ARM.Collect$$$$00000004))
<BR><BR>[Calls]<UL><LI><a href="#[4e]">&gt;&gt;</a>&nbsp;&nbsp;&nbsp;__scatterload
</UL>

<P><STRONG><a name="[5b]"></a>__main_after_scatterload</STRONG> (Thumb, 0 bytes, Stack size 0 bytes, entry5.o(.ARM.Collect$$$$00000004))
<BR><BR>[Called By]<UL><LI><a href="#[4e]">&gt;&gt;</a>&nbsp;&nbsp;&nbsp;__scatterload
</UL>

<P><STRONG><a name="[0]"></a>Reset_Handler</STRONG> (Thumb, 34 bytes, Stack size 0 bytes, startup_gd32l235xx.o(.text))
<BR>[Address Reference Count : 1]<UL><LI> startup_gd32l235xx.o(RESET)
</UL>
<P><STRONG><a name="[18]"></a>ADC_IRQHandler</STRONG> (Thumb, 0 bytes, Stack size 0 bytes, startup_gd32l235xx.o(.text))
<BR><BR>[Calls]<UL><LI><a href="#[18]">&gt;&gt;</a>&nbsp;&nbsp;&nbsp;ADC_IRQHandler
</UL>
<BR>[Called By]<UL><LI><a href="#[18]">&gt;&gt;</a>&nbsp;&nbsp;&nbsp;ADC_IRQHandler
</UL>
<BR>[Address Reference Count : 1]<UL><LI> startup_gd32l235xx.o(RESET)
</UL>
<P><STRONG><a name="[37]"></a>CAN_EWMC_IRQHandler</STRONG> (Thumb, 0 bytes, Stack size 0 bytes, startup_gd32l235xx.o(.text))
<BR>[Address Reference Count : 1]<UL><LI> startup_gd32l235xx.o(RESET)
</UL>
<P><STRONG><a name="[36]"></a>CAN_RX1_IRQHandler</STRONG> (Thumb, 0 bytes, Stack size 0 bytes, startup_gd32l235xx.o(.text))
<BR>[Address Reference Count : 1]<UL><LI> startup_gd32l235xx.o(RESET)
</UL>
<P><STRONG><a name="[3f]"></a>CAU_IRQHandler</STRONG> (Thumb, 0 bytes, Stack size 0 bytes, startup_gd32l235xx.o(.text))
<BR>[Address Reference Count : 1]<UL><LI> startup_gd32l235xx.o(RESET)
</UL>
<P><STRONG><a name="[39]"></a>CMP0_IRQHandler</STRONG> (Thumb, 0 bytes, Stack size 0 bytes, startup_gd32l235xx.o(.text))
<BR>[Address Reference Count : 1]<UL><LI> startup_gd32l235xx.o(RESET)
</UL>
<P><STRONG><a name="[3a]"></a>CMP1_IRQHandler</STRONG> (Thumb, 0 bytes, Stack size 0 bytes, startup_gd32l235xx.o(.text))
<BR>[Address Reference Count : 1]<UL><LI> startup_gd32l235xx.o(RESET)
</UL>
<P><STRONG><a name="[2b]"></a>DAC_IRQHandler</STRONG> (Thumb, 0 bytes, Stack size 0 bytes, startup_gd32l235xx.o(.text))
<BR>[Address Reference Count : 1]<UL><LI> startup_gd32l235xx.o(RESET)
</UL>
<P><STRONG><a name="[38]"></a>DMAMUX_IRQHandler</STRONG> (Thumb, 0 bytes, Stack size 0 bytes, startup_gd32l235xx.o(.text))
<BR>[Address Reference Count : 1]<UL><LI> startup_gd32l235xx.o(RESET)
</UL>
<P><STRONG><a name="[11]"></a>DMA_Channel0_IRQHandler</STRONG> (Thumb, 0 bytes, Stack size 0 bytes, startup_gd32l235xx.o(.text))
<BR>[Address Reference Count : 1]<UL><LI> startup_gd32l235xx.o(RESET)
</UL>
<P><STRONG><a name="[12]"></a>DMA_Channel1_IRQHandler</STRONG> (Thumb, 0 bytes, Stack size 0 bytes, startup_gd32l235xx.o(.text))
<BR>[Address Reference Count : 1]<UL><LI> startup_gd32l235xx.o(RESET)
</UL>
<P><STRONG><a name="[13]"></a>DMA_Channel2_IRQHandler</STRONG> (Thumb, 0 bytes, Stack size 0 bytes, startup_gd32l235xx.o(.text))
<BR>[Address Reference Count : 1]<UL><LI> startup_gd32l235xx.o(RESET)
</UL>
<P><STRONG><a name="[14]"></a>DMA_Channel3_IRQHandler</STRONG> (Thumb, 0 bytes, Stack size 0 bytes, startup_gd32l235xx.o(.text))
<BR>[Address Reference Count : 1]<UL><LI> startup_gd32l235xx.o(RESET)
</UL>
<P><STRONG><a name="[15]"></a>DMA_Channel4_IRQHandler</STRONG> (Thumb, 0 bytes, Stack size 0 bytes, startup_gd32l235xx.o(.text))
<BR>[Address Reference Count : 1]<UL><LI> startup_gd32l235xx.o(RESET)
</UL>
<P><STRONG><a name="[16]"></a>DMA_Channel5_IRQHandler</STRONG> (Thumb, 0 bytes, Stack size 0 bytes, startup_gd32l235xx.o(.text))
<BR>[Address Reference Count : 1]<UL><LI> startup_gd32l235xx.o(RESET)
</UL>
<P><STRONG><a name="[17]"></a>DMA_Channel6_IRQHandler</STRONG> (Thumb, 0 bytes, Stack size 0 bytes, startup_gd32l235xx.o(.text))
<BR>[Address Reference Count : 1]<UL><LI> startup_gd32l235xx.o(RESET)
</UL>
<P><STRONG><a name="[c]"></a>EXTI0_IRQHandler</STRONG> (Thumb, 0 bytes, Stack size 0 bytes, startup_gd32l235xx.o(.text))
<BR>[Address Reference Count : 1]<UL><LI> startup_gd32l235xx.o(RESET)
</UL>
<P><STRONG><a name="[34]"></a>EXTI10_15_IRQHandler</STRONG> (Thumb, 0 bytes, Stack size 0 bytes, startup_gd32l235xx.o(.text))
<BR>[Address Reference Count : 1]<UL><LI> startup_gd32l235xx.o(RESET)
</UL>
<P><STRONG><a name="[d]"></a>EXTI1_IRQHandler</STRONG> (Thumb, 0 bytes, Stack size 0 bytes, startup_gd32l235xx.o(.text))
<BR>[Address Reference Count : 1]<UL><LI> startup_gd32l235xx.o(RESET)
</UL>
<P><STRONG><a name="[e]"></a>EXTI2_IRQHandler</STRONG> (Thumb, 0 bytes, Stack size 0 bytes, startup_gd32l235xx.o(.text))
<BR>[Address Reference Count : 1]<UL><LI> startup_gd32l235xx.o(RESET)
</UL>
<P><STRONG><a name="[f]"></a>EXTI3_IRQHandler</STRONG> (Thumb, 0 bytes, Stack size 0 bytes, startup_gd32l235xx.o(.text))
<BR>[Address Reference Count : 1]<UL><LI> startup_gd32l235xx.o(RESET)
</UL>
<P><STRONG><a name="[10]"></a>EXTI4_IRQHandler</STRONG> (Thumb, 0 bytes, Stack size 0 bytes, startup_gd32l235xx.o(.text))
<BR>[Address Reference Count : 1]<UL><LI> startup_gd32l235xx.o(RESET)
</UL>
<P><STRONG><a name="[30]"></a>EXTI5_9_IRQHandler</STRONG> (Thumb, 0 bytes, Stack size 0 bytes, startup_gd32l235xx.o(.text))
<BR>[Address Reference Count : 1]<UL><LI> startup_gd32l235xx.o(RESET)
</UL>
<P><STRONG><a name="[a]"></a>FMC_IRQHandler</STRONG> (Thumb, 0 bytes, Stack size 0 bytes, startup_gd32l235xx.o(.text))
<BR>[Address Reference Count : 1]<UL><LI> startup_gd32l235xx.o(RESET)
</UL>
<P><STRONG><a name="[26]"></a>I2C0_ER_IRQHandler</STRONG> (Thumb, 0 bytes, Stack size 0 bytes, startup_gd32l235xx.o(.text))
<BR>[Address Reference Count : 1]<UL><LI> startup_gd32l235xx.o(RESET)
</UL>
<P><STRONG><a name="[25]"></a>I2C0_EV_IRQHandler</STRONG> (Thumb, 0 bytes, Stack size 0 bytes, startup_gd32l235xx.o(.text))
<BR>[Address Reference Count : 1]<UL><LI> startup_gd32l235xx.o(RESET)
</UL>
<P><STRONG><a name="[3b]"></a>I2C0_WKUP_IRQHandler</STRONG> (Thumb, 0 bytes, Stack size 0 bytes, startup_gd32l235xx.o(.text))
<BR>[Address Reference Count : 1]<UL><LI> startup_gd32l235xx.o(RESET)
</UL>
<P><STRONG><a name="[28]"></a>I2C1_ER_IRQHandler</STRONG> (Thumb, 0 bytes, Stack size 0 bytes, startup_gd32l235xx.o(.text))
<BR>[Address Reference Count : 1]<UL><LI> startup_gd32l235xx.o(RESET)
</UL>
<P><STRONG><a name="[27]"></a>I2C1_EV_IRQHandler</STRONG> (Thumb, 0 bytes, Stack size 0 bytes, startup_gd32l235xx.o(.text))
<BR>[Address Reference Count : 1]<UL><LI> startup_gd32l235xx.o(RESET)
</UL>
<P><STRONG><a name="[43]"></a>I2C1_WKUP_IRQHandler</STRONG> (Thumb, 0 bytes, Stack size 0 bytes, startup_gd32l235xx.o(.text))
<BR>[Address Reference Count : 1]<UL><LI> startup_gd32l235xx.o(RESET)
</UL>
<P><STRONG><a name="[2d]"></a>I2C2_ER_IRQHandler</STRONG> (Thumb, 0 bytes, Stack size 0 bytes, startup_gd32l235xx.o(.text))
<BR>[Address Reference Count : 1]<UL><LI> startup_gd32l235xx.o(RESET)
</UL>
<P><STRONG><a name="[2c]"></a>I2C2_EV_IRQHandler</STRONG> (Thumb, 0 bytes, Stack size 0 bytes, startup_gd32l235xx.o(.text))
<BR>[Address Reference Count : 1]<UL><LI> startup_gd32l235xx.o(RESET)
</UL>
<P><STRONG><a name="[3c]"></a>I2C2_WKUP_IRQHandler</STRONG> (Thumb, 0 bytes, Stack size 0 bytes, startup_gd32l235xx.o(.text))
<BR>[Address Reference Count : 1]<UL><LI> startup_gd32l235xx.o(RESET)
</UL>
<P><STRONG><a name="[45]"></a>LPTIMER0_IRQHandler</STRONG> (Thumb, 0 bytes, Stack size 0 bytes, startup_gd32l235xx.o(.text))
<BR>[Address Reference Count : 1]<UL><LI> startup_gd32l235xx.o(RESET)
</UL>
<P><STRONG><a name="[47]"></a>LPTIMER1_IRQHandler</STRONG> (Thumb, 0 bytes, Stack size 0 bytes, startup_gd32l235xx.o(.text))
<BR>[Address Reference Count : 1]<UL><LI> startup_gd32l235xx.o(RESET)
</UL>
<P><STRONG><a name="[3e]"></a>LPUART0_IRQHandler</STRONG> (Thumb, 0 bytes, Stack size 0 bytes, startup_gd32l235xx.o(.text))
<BR>[Address Reference Count : 1]<UL><LI> startup_gd32l235xx.o(RESET)
</UL>
<P><STRONG><a name="[44]"></a>LPUART0_WKUP_IRQHandler</STRONG> (Thumb, 0 bytes, Stack size 0 bytes, startup_gd32l235xx.o(.text))
<BR>[Address Reference Count : 1]<UL><LI> startup_gd32l235xx.o(RESET)
</UL>
<P><STRONG><a name="[48]"></a>LPUART1_IRQHandler</STRONG> (Thumb, 0 bytes, Stack size 0 bytes, startup_gd32l235xx.o(.text))
<BR>[Address Reference Count : 1]<UL><LI> startup_gd32l235xx.o(RESET)
</UL>
<P><STRONG><a name="[46]"></a>LPUART1_WKUP_IRQHandler</STRONG> (Thumb, 0 bytes, Stack size 0 bytes, startup_gd32l235xx.o(.text))
<BR>[Address Reference Count : 1]<UL><LI> startup_gd32l235xx.o(RESET)
</UL>
<P><STRONG><a name="[7]"></a>LVD_IRQHandler</STRONG> (Thumb, 0 bytes, Stack size 0 bytes, startup_gd32l235xx.o(.text))
<BR>[Address Reference Count : 1]<UL><LI> startup_gd32l235xx.o(RESET)
</UL>
<P><STRONG><a name="[b]"></a>RCU_CTC_IRQHandler</STRONG> (Thumb, 0 bytes, Stack size 0 bytes, startup_gd32l235xx.o(.text))
<BR>[Address Reference Count : 1]<UL><LI> startup_gd32l235xx.o(RESET)
</UL>
<P><STRONG><a name="[2e]"></a>RTC_Alarm_IRQHandler</STRONG> (Thumb, 0 bytes, Stack size 0 bytes, startup_gd32l235xx.o(.text))
<BR>[Address Reference Count : 1]<UL><LI> startup_gd32l235xx.o(RESET)
</UL>
<P><STRONG><a name="[9]"></a>RTC_WKUP_IRQHandler</STRONG> (Thumb, 0 bytes, Stack size 0 bytes, startup_gd32l235xx.o(.text))
<BR>[Address Reference Count : 1]<UL><LI> startup_gd32l235xx.o(RESET)
</UL>
<P><STRONG><a name="[41]"></a>SLCD_IRQHandler</STRONG> (Thumb, 0 bytes, Stack size 0 bytes, startup_gd32l235xx.o(.text))
<BR>[Address Reference Count : 1]<UL><LI> startup_gd32l235xx.o(RESET)
</UL>
<P><STRONG><a name="[29]"></a>SPI0_IRQHandler</STRONG> (Thumb, 0 bytes, Stack size 0 bytes, startup_gd32l235xx.o(.text))
<BR>[Address Reference Count : 1]<UL><LI> startup_gd32l235xx.o(RESET)
</UL>
<P><STRONG><a name="[2a]"></a>SPI1_IRQHandler</STRONG> (Thumb, 0 bytes, Stack size 0 bytes, startup_gd32l235xx.o(.text))
<BR>[Address Reference Count : 1]<UL><LI> startup_gd32l235xx.o(RESET)
</UL>
<P><STRONG><a name="[8]"></a>TAMPER_STAMP_IRQHandler</STRONG> (Thumb, 0 bytes, Stack size 0 bytes, startup_gd32l235xx.o(.text))
<BR>[Address Reference Count : 1]<UL><LI> startup_gd32l235xx.o(RESET)
</UL>
<P><STRONG><a name="[32]"></a>TIMER0_Channel_IRQHandler</STRONG> (Thumb, 0 bytes, Stack size 0 bytes, startup_gd32l235xx.o(.text))
<BR>[Address Reference Count : 1]<UL><LI> startup_gd32l235xx.o(RESET)
</UL>
<P><STRONG><a name="[31]"></a>TIMER0_TRG_CMT_UP_BRK_IRQHandler</STRONG> (Thumb, 0 bytes, Stack size 0 bytes, startup_gd32l235xx.o(.text))
<BR>[Address Reference Count : 1]<UL><LI> startup_gd32l235xx.o(RESET)
</UL>
<P><STRONG><a name="[1e]"></a>TIMER11_IRQHandler</STRONG> (Thumb, 0 bytes, Stack size 0 bytes, startup_gd32l235xx.o(.text))
<BR>[Address Reference Count : 1]<UL><LI> startup_gd32l235xx.o(RESET)
</UL>
<P><STRONG><a name="[33]"></a>TIMER14_IRQHandler</STRONG> (Thumb, 0 bytes, Stack size 0 bytes, startup_gd32l235xx.o(.text))
<BR>[Address Reference Count : 1]<UL><LI> startup_gd32l235xx.o(RESET)
</UL>
<P><STRONG><a name="[1b]"></a>TIMER1_IRQHandler</STRONG> (Thumb, 0 bytes, Stack size 0 bytes, startup_gd32l235xx.o(.text))
<BR>[Address Reference Count : 1]<UL><LI> startup_gd32l235xx.o(RESET)
</UL>
<P><STRONG><a name="[1c]"></a>TIMER2_IRQHandler</STRONG> (Thumb, 0 bytes, Stack size 0 bytes, startup_gd32l235xx.o(.text))
<BR>[Address Reference Count : 1]<UL><LI> startup_gd32l235xx.o(RESET)
</UL>
<P><STRONG><a name="[35]"></a>TIMER40_IRQHandler</STRONG> (Thumb, 0 bytes, Stack size 0 bytes, startup_gd32l235xx.o(.text))
<BR>[Address Reference Count : 1]<UL><LI> startup_gd32l235xx.o(RESET)
</UL>
<P><STRONG><a name="[1f]"></a>TIMER5_IRQHandler</STRONG> (Thumb, 0 bytes, Stack size 0 bytes, startup_gd32l235xx.o(.text))
<BR>[Address Reference Count : 1]<UL><LI> startup_gd32l235xx.o(RESET)
</UL>
<P><STRONG><a name="[20]"></a>TIMER6_IRQHandler</STRONG> (Thumb, 0 bytes, Stack size 0 bytes, startup_gd32l235xx.o(.text))
<BR>[Address Reference Count : 1]<UL><LI> startup_gd32l235xx.o(RESET)
</UL>
<P><STRONG><a name="[1d]"></a>TIMER8_IRQHandler</STRONG> (Thumb, 0 bytes, Stack size 0 bytes, startup_gd32l235xx.o(.text))
<BR>[Address Reference Count : 1]<UL><LI> startup_gd32l235xx.o(RESET)
</UL>
<P><STRONG><a name="[40]"></a>TRNG_IRQHandler</STRONG> (Thumb, 0 bytes, Stack size 0 bytes, startup_gd32l235xx.o(.text))
<BR>[Address Reference Count : 1]<UL><LI> startup_gd32l235xx.o(RESET)
</UL>
<P><STRONG><a name="[23]"></a>UART3_IRQHandler</STRONG> (Thumb, 0 bytes, Stack size 0 bytes, startup_gd32l235xx.o(.text))
<BR>[Address Reference Count : 1]<UL><LI> startup_gd32l235xx.o(RESET)
</UL>
<P><STRONG><a name="[24]"></a>UART4_IRQHandler</STRONG> (Thumb, 0 bytes, Stack size 0 bytes, startup_gd32l235xx.o(.text))
<BR>[Address Reference Count : 1]<UL><LI> startup_gd32l235xx.o(RESET)
</UL>
<P><STRONG><a name="[21]"></a>USART0_IRQHandler</STRONG> (Thumb, 0 bytes, Stack size 0 bytes, startup_gd32l235xx.o(.text))
<BR>[Address Reference Count : 1]<UL><LI> startup_gd32l235xx.o(RESET)
</UL>
<P><STRONG><a name="[3d]"></a>USART0_WKUP_IRQHandler</STRONG> (Thumb, 0 bytes, Stack size 0 bytes, startup_gd32l235xx.o(.text))
<BR>[Address Reference Count : 1]<UL><LI> startup_gd32l235xx.o(RESET)
</UL>
<P><STRONG><a name="[22]"></a>USART1_IRQHandler</STRONG> (Thumb, 0 bytes, Stack size 0 bytes, startup_gd32l235xx.o(.text))
<BR>[Address Reference Count : 1]<UL><LI> startup_gd32l235xx.o(RESET)
</UL>
<P><STRONG><a name="[42]"></a>USART1_WKUP_IRQHandler</STRONG> (Thumb, 0 bytes, Stack size 0 bytes, startup_gd32l235xx.o(.text))
<BR>[Address Reference Count : 1]<UL><LI> startup_gd32l235xx.o(RESET)
</UL>
<P><STRONG><a name="[19]"></a>USBD_HP_CAN_TX_IRQHandler</STRONG> (Thumb, 0 bytes, Stack size 0 bytes, startup_gd32l235xx.o(.text))
<BR>[Address Reference Count : 1]<UL><LI> startup_gd32l235xx.o(RESET)
</UL>
<P><STRONG><a name="[1a]"></a>USBD_LP_CAN_RX0_IRQHandler</STRONG> (Thumb, 0 bytes, Stack size 0 bytes, startup_gd32l235xx.o(.text))
<BR>[Address Reference Count : 1]<UL><LI> startup_gd32l235xx.o(RESET)
</UL>
<P><STRONG><a name="[2f]"></a>USBD_WKUP_IRQHandler</STRONG> (Thumb, 0 bytes, Stack size 0 bytes, startup_gd32l235xx.o(.text))
<BR>[Address Reference Count : 1]<UL><LI> startup_gd32l235xx.o(RESET)
</UL>
<P><STRONG><a name="[6]"></a>WWDGT_IRQHandler</STRONG> (Thumb, 0 bytes, Stack size 0 bytes, startup_gd32l235xx.o(.text))
<BR>[Address Reference Count : 1]<UL><LI> startup_gd32l235xx.o(RESET)
</UL>
<P><STRONG><a name="[4f]"></a>__aeabi_uldivmod</STRONG> (Thumb, 96 bytes, Stack size 0 bytes, uldiv.o(.text), UNUSED)
<BR><BR>[Calls]<UL><LI><a href="#[50]">&gt;&gt;</a>&nbsp;&nbsp;&nbsp;__aeabi_llsr
<LI><a href="#[51]">&gt;&gt;</a>&nbsp;&nbsp;&nbsp;__aeabi_llsl
</UL>
<BR>[Called By]<UL><LI><a href="#[99]">&gt;&gt;</a>&nbsp;&nbsp;&nbsp;_printf_core
<LI><a href="#[9a]">&gt;&gt;</a>&nbsp;&nbsp;&nbsp;_fp_digits
</UL>

<P><STRONG><a name="[52]"></a>__aeabi_dadd</STRONG> (Thumb, 328 bytes, Stack size 0 bytes, dadd.o(.text), UNUSED)
<BR><BR>[Calls]<UL><LI><a href="#[53]">&gt;&gt;</a>&nbsp;&nbsp;&nbsp;__aeabi_lasr
<LI><a href="#[51]">&gt;&gt;</a>&nbsp;&nbsp;&nbsp;__aeabi_llsl
<LI><a href="#[55]">&gt;&gt;</a>&nbsp;&nbsp;&nbsp;_double_round
<LI><a href="#[54]">&gt;&gt;</a>&nbsp;&nbsp;&nbsp;_double_epilogue
</UL>
<BR>[Called By]<UL><LI><a href="#[57]">&gt;&gt;</a>&nbsp;&nbsp;&nbsp;__aeabi_drsub
<LI><a href="#[56]">&gt;&gt;</a>&nbsp;&nbsp;&nbsp;__aeabi_dsub
<LI><a href="#[9a]">&gt;&gt;</a>&nbsp;&nbsp;&nbsp;_fp_digits
</UL>

<P><STRONG><a name="[56]"></a>__aeabi_dsub</STRONG> (Thumb, 12 bytes, Stack size 0 bytes, dadd.o(.text), UNUSED)
<BR><BR>[Calls]<UL><LI><a href="#[52]">&gt;&gt;</a>&nbsp;&nbsp;&nbsp;__aeabi_dadd
</UL>

<P><STRONG><a name="[57]"></a>__aeabi_drsub</STRONG> (Thumb, 12 bytes, Stack size 0 bytes, dadd.o(.text), UNUSED)
<BR><BR>[Calls]<UL><LI><a href="#[52]">&gt;&gt;</a>&nbsp;&nbsp;&nbsp;__aeabi_dadd
</UL>

<P><STRONG><a name="[58]"></a>__aeabi_dmul</STRONG> (Thumb, 202 bytes, Stack size 0 bytes, dmul.o(.text), UNUSED)
<BR><BR>[Calls]<UL><LI><a href="#[54]">&gt;&gt;</a>&nbsp;&nbsp;&nbsp;_double_epilogue
</UL>
<BR>[Called By]<UL><LI><a href="#[9a]">&gt;&gt;</a>&nbsp;&nbsp;&nbsp;_fp_digits
</UL>

<P><STRONG><a name="[59]"></a>__aeabi_ddiv</STRONG> (Thumb, 234 bytes, Stack size 0 bytes, ddiv.o(.text), UNUSED)
<BR><BR>[Calls]<UL><LI><a href="#[55]">&gt;&gt;</a>&nbsp;&nbsp;&nbsp;_double_round
</UL>
<BR>[Called By]<UL><LI><a href="#[9a]">&gt;&gt;</a>&nbsp;&nbsp;&nbsp;_fp_digits
</UL>

<P><STRONG><a name="[5a]"></a>__aeabi_d2ulz</STRONG> (Thumb, 54 bytes, Stack size 0 bytes, dfixul.o(.text), UNUSED)
<BR><BR>[Calls]<UL><LI><a href="#[50]">&gt;&gt;</a>&nbsp;&nbsp;&nbsp;__aeabi_llsr
<LI><a href="#[51]">&gt;&gt;</a>&nbsp;&nbsp;&nbsp;__aeabi_llsl
</UL>
<BR>[Called By]<UL><LI><a href="#[9a]">&gt;&gt;</a>&nbsp;&nbsp;&nbsp;_fp_digits
</UL>

<P><STRONG><a name="[9b]"></a>__aeabi_cdrcmple</STRONG> (Thumb, 38 bytes, Stack size 0 bytes, cdrcmple.o(.text), UNUSED)
<BR><BR>[Called By]<UL><LI><a href="#[9a]">&gt;&gt;</a>&nbsp;&nbsp;&nbsp;_fp_digits
</UL>

<P><STRONG><a name="[4e]"></a>__scatterload</STRONG> (Thumb, 28 bytes, Stack size 0 bytes, init.o(.text))
<BR><BR>[Calls]<UL><LI><a href="#[5b]">&gt;&gt;</a>&nbsp;&nbsp;&nbsp;__main_after_scatterload
</UL>
<BR>[Called By]<UL><LI><a href="#[4d]">&gt;&gt;</a>&nbsp;&nbsp;&nbsp;_main_scatterload
</UL>

<P><STRONG><a name="[9e]"></a>__aeabi_uidivmod</STRONG> (Thumb, 62 bytes, Stack size 0 bytes, uidiv_div0.o(.text), UNUSED)
<BR><BR>[Called By]<UL><LI><a href="#[99]">&gt;&gt;</a>&nbsp;&nbsp;&nbsp;_printf_core
</UL>

<P><STRONG><a name="[51]"></a>__aeabi_llsl</STRONG> (Thumb, 32 bytes, Stack size 0 bytes, llshl.o(.text), UNUSED)
<BR><BR>[Called By]<UL><LI><a href="#[54]">&gt;&gt;</a>&nbsp;&nbsp;&nbsp;_double_epilogue
<LI><a href="#[4f]">&gt;&gt;</a>&nbsp;&nbsp;&nbsp;__aeabi_uldivmod
<LI><a href="#[52]">&gt;&gt;</a>&nbsp;&nbsp;&nbsp;__aeabi_dadd
<LI><a href="#[5a]">&gt;&gt;</a>&nbsp;&nbsp;&nbsp;__aeabi_d2ulz
</UL>

<P><STRONG><a name="[50]"></a>__aeabi_llsr</STRONG> (Thumb, 34 bytes, Stack size 0 bytes, llushr.o(.text), UNUSED)
<BR><BR>[Called By]<UL><LI><a href="#[54]">&gt;&gt;</a>&nbsp;&nbsp;&nbsp;_double_epilogue
<LI><a href="#[4f]">&gt;&gt;</a>&nbsp;&nbsp;&nbsp;__aeabi_uldivmod
<LI><a href="#[5a]">&gt;&gt;</a>&nbsp;&nbsp;&nbsp;__aeabi_d2ulz
</UL>

<P><STRONG><a name="[53]"></a>__aeabi_lasr</STRONG> (Thumb, 38 bytes, Stack size 0 bytes, llsshr.o(.text), UNUSED)
<BR><BR>[Called By]<UL><LI><a href="#[52]">&gt;&gt;</a>&nbsp;&nbsp;&nbsp;__aeabi_dadd
</UL>

<P><STRONG><a name="[55]"></a>_double_round</STRONG> (Thumb, 26 bytes, Stack size 0 bytes, depilogue.o(.text), UNUSED)
<BR><BR>[Called By]<UL><LI><a href="#[54]">&gt;&gt;</a>&nbsp;&nbsp;&nbsp;_double_epilogue
<LI><a href="#[59]">&gt;&gt;</a>&nbsp;&nbsp;&nbsp;__aeabi_ddiv
<LI><a href="#[52]">&gt;&gt;</a>&nbsp;&nbsp;&nbsp;__aeabi_dadd
</UL>

<P><STRONG><a name="[54]"></a>_double_epilogue</STRONG> (Thumb, 164 bytes, Stack size 0 bytes, depilogue.o(.text), UNUSED)
<BR><BR>[Calls]<UL><LI><a href="#[5c]">&gt;&gt;</a>&nbsp;&nbsp;&nbsp;__ARM_clz
<LI><a href="#[50]">&gt;&gt;</a>&nbsp;&nbsp;&nbsp;__aeabi_llsr
<LI><a href="#[51]">&gt;&gt;</a>&nbsp;&nbsp;&nbsp;__aeabi_llsl
<LI><a href="#[55]">&gt;&gt;</a>&nbsp;&nbsp;&nbsp;_double_round
</UL>
<BR>[Called By]<UL><LI><a href="#[58]">&gt;&gt;</a>&nbsp;&nbsp;&nbsp;__aeabi_dmul
<LI><a href="#[52]">&gt;&gt;</a>&nbsp;&nbsp;&nbsp;__aeabi_dadd
</UL>

<P><STRONG><a name="[2]"></a>HardFault_Handler</STRONG> (Thumb, 4 bytes, Stack size 0 bytes, gd32l23x_it.o(.text.HardFault_Handler))
<BR>[Address Reference Count : 1]<UL><LI> startup_gd32l235xx.o(RESET)
</UL>
<P><STRONG><a name="[5d]"></a>IIC2_All_Init</STRONG> (Thumb, 16 bytes, Stack size 0 bytes, i2c_led.o(.text.IIC2_All_Init))
<BR><BR>[Calls]<UL><LI><a href="#[60]">&gt;&gt;</a>&nbsp;&nbsp;&nbsp;i2c_config
<LI><a href="#[5f]">&gt;&gt;</a>&nbsp;&nbsp;&nbsp;gpio_config
<LI><a href="#[5e]">&gt;&gt;</a>&nbsp;&nbsp;&nbsp;rcu_config
</UL>
<BR>[Called By]<UL><LI><a href="#[49]">&gt;&gt;</a>&nbsp;&nbsp;&nbsp;main
</UL>

<P><STRONG><a name="[61]"></a>Init_SHT4X</STRONG> (Thumb, 62 bytes, Stack size 0 bytes, sht4x_example_usage.o(.text.Init_SHT4X))
<BR><BR>[Calls]<UL><LI><a href="#[62]">&gt;&gt;</a>&nbsp;&nbsp;&nbsp;SHT4x_init
<LI><a href="#[63]">&gt;&gt;</a>&nbsp;&nbsp;&nbsp;set_sht4x_status
<LI><a href="#[64]">&gt;&gt;</a>&nbsp;&nbsp;&nbsp;printf
</UL>
<BR>[Called By]<UL><LI><a href="#[49]">&gt;&gt;</a>&nbsp;&nbsp;&nbsp;main
</UL>

<P><STRONG><a name="[1]"></a>NMI_Handler</STRONG> (Thumb, 2 bytes, Stack size 0 bytes, gd32l23x_it.o(.text.NMI_Handler))
<BR>[Address Reference Count : 1]<UL><LI> startup_gd32l235xx.o(RESET)
</UL>
<P><STRONG><a name="[4]"></a>PendSV_Handler</STRONG> (Thumb, 2 bytes, Stack size 0 bytes, gd32l23x_it.o(.text.PendSV_Handler))
<BR>[Address Reference Count : 1]<UL><LI> startup_gd32l235xx.o(RESET)
</UL>
<P><STRONG><a name="[62]"></a>SHT4x_init</STRONG> (Thumb, 8 bytes, Stack size 0 bytes, sht4x_example_usage.o(.text.SHT4x_init))
<BR><BR>[Calls]<UL><LI><a href="#[65]">&gt;&gt;</a>&nbsp;&nbsp;&nbsp;sht4x_probe
</UL>
<BR>[Called By]<UL><LI><a href="#[61]">&gt;&gt;</a>&nbsp;&nbsp;&nbsp;Init_SHT4X
</UL>

<P><STRONG><a name="[3]"></a>SVC_Handler</STRONG> (Thumb, 2 bytes, Stack size 0 bytes, gd32l23x_it.o(.text.SVC_Handler))
<BR>[Address Reference Count : 1]<UL><LI> startup_gd32l235xx.o(RESET)
</UL>
<P><STRONG><a name="[5]"></a>SysTick_Handler</STRONG> (Thumb, 8 bytes, Stack size 0 bytes, gd32l23x_it.o(.text.SysTick_Handler))
<BR><BR>[Calls]<UL><LI><a href="#[68]">&gt;&gt;</a>&nbsp;&nbsp;&nbsp;delay_decrement
</UL>
<BR>[Address Reference Count : 1]<UL><LI> startup_gd32l235xx.o(RESET)
</UL>
<P><STRONG><a name="[4a]"></a>SystemInit</STRONG> (Thumb, 186 bytes, Stack size 0 bytes, system_gd32l23x.o(.text.SystemInit))
<BR><BR>[Calls]<UL><LI><a href="#[6a]">&gt;&gt;</a>&nbsp;&nbsp;&nbsp;nvic_vector_table_set
<LI><a href="#[69]">&gt;&gt;</a>&nbsp;&nbsp;&nbsp;system_clock_config
</UL>
<BR>[Address Reference Count : 1]<UL><LI> startup_gd32l235xx.o(.text)
</UL>
<P><STRONG><a name="[6b]"></a>com_usart_init</STRONG> (Thumb, 180 bytes, Stack size 0 bytes, main.o(.text.com_usart_init))
<BR><BR>[Calls]<UL><LI><a href="#[77]">&gt;&gt;</a>&nbsp;&nbsp;&nbsp;usart_enable
<LI><a href="#[76]">&gt;&gt;</a>&nbsp;&nbsp;&nbsp;usart_transmit_config
<LI><a href="#[75]">&gt;&gt;</a>&nbsp;&nbsp;&nbsp;usart_receive_config
<LI><a href="#[74]">&gt;&gt;</a>&nbsp;&nbsp;&nbsp;usart_baudrate_set
<LI><a href="#[73]">&gt;&gt;</a>&nbsp;&nbsp;&nbsp;usart_parity_config
<LI><a href="#[72]">&gt;&gt;</a>&nbsp;&nbsp;&nbsp;usart_stop_bit_set
<LI><a href="#[71]">&gt;&gt;</a>&nbsp;&nbsp;&nbsp;usart_word_length_set
<LI><a href="#[70]">&gt;&gt;</a>&nbsp;&nbsp;&nbsp;usart_deinit
<LI><a href="#[6f]">&gt;&gt;</a>&nbsp;&nbsp;&nbsp;gpio_output_options_set
<LI><a href="#[6e]">&gt;&gt;</a>&nbsp;&nbsp;&nbsp;gpio_mode_set
<LI><a href="#[6d]">&gt;&gt;</a>&nbsp;&nbsp;&nbsp;gpio_af_set
<LI><a href="#[6c]">&gt;&gt;</a>&nbsp;&nbsp;&nbsp;rcu_periph_clock_enable
</UL>
<BR>[Called By]<UL><LI><a href="#[49]">&gt;&gt;</a>&nbsp;&nbsp;&nbsp;main
</UL>

<P><STRONG><a name="[7f]"></a>delay_1ms</STRONG> (Thumb, 38 bytes, Stack size 0 bytes, systick.o(.text.delay_1ms))
<BR><BR>[Called By]<UL><LI><a href="#[49]">&gt;&gt;</a>&nbsp;&nbsp;&nbsp;main
<LI><a href="#[92]">&gt;&gt;</a>&nbsp;&nbsp;&nbsp;sensirion_sleep_usec
</UL>

<P><STRONG><a name="[68]"></a>delay_decrement</STRONG> (Thumb, 32 bytes, Stack size 0 bytes, systick.o(.text.delay_decrement))
<BR><BR>[Called By]<UL><LI><a href="#[5]">&gt;&gt;</a>&nbsp;&nbsp;&nbsp;SysTick_Handler
</UL>

<P><STRONG><a name="[4c]"></a>fputc</STRONG> (Thumb, 54 bytes, Stack size 0 bytes, main.o(.text.fputc))
<BR><BR>[Calls]<UL><LI><a href="#[79]">&gt;&gt;</a>&nbsp;&nbsp;&nbsp;usart_flag_get
<LI><a href="#[78]">&gt;&gt;</a>&nbsp;&nbsp;&nbsp;usart_data_transmit
</UL>
<BR>[Address Reference Count : 1]<UL><LI> printfa.o(i.__0printf)
</UL>
<P><STRONG><a name="[6d]"></a>gpio_af_set</STRONG> (Thumb, 192 bytes, Stack size 0 bytes, gd32l23x_gpio.o(.text.gpio_af_set))
<BR><BR>[Called By]<UL><LI><a href="#[6b]">&gt;&gt;</a>&nbsp;&nbsp;&nbsp;com_usart_init
<LI><a href="#[5f]">&gt;&gt;</a>&nbsp;&nbsp;&nbsp;gpio_config
</UL>

<P><STRONG><a name="[5f]"></a>gpio_config</STRONG> (Thumb, 100 bytes, Stack size 0 bytes, i2c_led.o(.text.gpio_config))
<BR><BR>[Calls]<UL><LI><a href="#[6f]">&gt;&gt;</a>&nbsp;&nbsp;&nbsp;gpio_output_options_set
<LI><a href="#[6e]">&gt;&gt;</a>&nbsp;&nbsp;&nbsp;gpio_mode_set
<LI><a href="#[6d]">&gt;&gt;</a>&nbsp;&nbsp;&nbsp;gpio_af_set
</UL>
<BR>[Called By]<UL><LI><a href="#[5d]">&gt;&gt;</a>&nbsp;&nbsp;&nbsp;IIC2_All_Init
</UL>

<P><STRONG><a name="[6e]"></a>gpio_mode_set</STRONG> (Thumb, 142 bytes, Stack size 0 bytes, gd32l23x_gpio.o(.text.gpio_mode_set))
<BR><BR>[Called By]<UL><LI><a href="#[6b]">&gt;&gt;</a>&nbsp;&nbsp;&nbsp;com_usart_init
<LI><a href="#[5f]">&gt;&gt;</a>&nbsp;&nbsp;&nbsp;gpio_config
</UL>

<P><STRONG><a name="[6f]"></a>gpio_output_options_set</STRONG> (Thumb, 138 bytes, Stack size 0 bytes, gd32l23x_gpio.o(.text.gpio_output_options_set))
<BR><BR>[Called By]<UL><LI><a href="#[6b]">&gt;&gt;</a>&nbsp;&nbsp;&nbsp;com_usart_init
<LI><a href="#[5f]">&gt;&gt;</a>&nbsp;&nbsp;&nbsp;gpio_config
</UL>

<P><STRONG><a name="[7c]"></a>i2c_address_config</STRONG> (Thumb, 44 bytes, Stack size 0 bytes, gd32l23x_i2c.o(.text.i2c_address_config))
<BR><BR>[Called By]<UL><LI><a href="#[60]">&gt;&gt;</a>&nbsp;&nbsp;&nbsp;i2c_config
</UL>

<P><STRONG><a name="[60]"></a>i2c_config</STRONG> (Thumb, 56 bytes, Stack size 0 bytes, i2c_led.o(.text.i2c_config))
<BR><BR>[Calls]<UL><LI><a href="#[7d]">&gt;&gt;</a>&nbsp;&nbsp;&nbsp;i2c_enable
<LI><a href="#[7c]">&gt;&gt;</a>&nbsp;&nbsp;&nbsp;i2c_address_config
<LI><a href="#[7b]">&gt;&gt;</a>&nbsp;&nbsp;&nbsp;i2c_master_clock_config
<LI><a href="#[7a]">&gt;&gt;</a>&nbsp;&nbsp;&nbsp;i2c_timing_config
</UL>
<BR>[Called By]<UL><LI><a href="#[5d]">&gt;&gt;</a>&nbsp;&nbsp;&nbsp;IIC2_All_Init
</UL>

<P><STRONG><a name="[8a]"></a>i2c_data_receive</STRONG> (Thumb, 14 bytes, Stack size 0 bytes, gd32l23x_i2c.o(.text.i2c_data_receive))
<BR><BR>[Called By]<UL><LI><a href="#[82]">&gt;&gt;</a>&nbsp;&nbsp;&nbsp;sensirion_i2c_ReadByte_timeout
</UL>

<P><STRONG><a name="[86]"></a>i2c_data_transmit</STRONG> (Thumb, 18 bytes, Stack size 0 bytes, gd32l23x_i2c.o(.text.i2c_data_transmit))
<BR><BR>[Called By]<UL><LI><a href="#[8c]">&gt;&gt;</a>&nbsp;&nbsp;&nbsp;sensirion_i2c_WriteByte_timeout
<LI><a href="#[82]">&gt;&gt;</a>&nbsp;&nbsp;&nbsp;sensirion_i2c_ReadByte_timeout
</UL>

<P><STRONG><a name="[7d]"></a>i2c_enable</STRONG> (Thumb, 18 bytes, Stack size 0 bytes, gd32l23x_i2c.o(.text.i2c_enable))
<BR><BR>[Called By]<UL><LI><a href="#[60]">&gt;&gt;</a>&nbsp;&nbsp;&nbsp;i2c_config
</UL>

<P><STRONG><a name="[8b]"></a>i2c_flag_clear</STRONG> (Thumb, 20 bytes, Stack size 0 bytes, gd32l23x_i2c.o(.text.i2c_flag_clear))
<BR><BR>[Called By]<UL><LI><a href="#[8c]">&gt;&gt;</a>&nbsp;&nbsp;&nbsp;sensirion_i2c_WriteByte_timeout
<LI><a href="#[82]">&gt;&gt;</a>&nbsp;&nbsp;&nbsp;sensirion_i2c_ReadByte_timeout
</UL>

<P><STRONG><a name="[84]"></a>i2c_flag_get</STRONG> (Thumb, 42 bytes, Stack size 0 bytes, gd32l23x_i2c.o(.text.i2c_flag_get))
<BR><BR>[Called By]<UL><LI><a href="#[8c]">&gt;&gt;</a>&nbsp;&nbsp;&nbsp;sensirion_i2c_WriteByte_timeout
<LI><a href="#[82]">&gt;&gt;</a>&nbsp;&nbsp;&nbsp;sensirion_i2c_ReadByte_timeout
</UL>

<P><STRONG><a name="[88]"></a>i2c_master_addressing</STRONG> (Thumb, 64 bytes, Stack size 0 bytes, gd32l23x_i2c.o(.text.i2c_master_addressing))
<BR><BR>[Called By]<UL><LI><a href="#[8c]">&gt;&gt;</a>&nbsp;&nbsp;&nbsp;sensirion_i2c_WriteByte_timeout
<LI><a href="#[82]">&gt;&gt;</a>&nbsp;&nbsp;&nbsp;sensirion_i2c_ReadByte_timeout
</UL>

<P><STRONG><a name="[7b]"></a>i2c_master_clock_config</STRONG> (Thumb, 66 bytes, Stack size 0 bytes, gd32l23x_i2c.o(.text.i2c_master_clock_config))
<BR><BR>[Called By]<UL><LI><a href="#[60]">&gt;&gt;</a>&nbsp;&nbsp;&nbsp;i2c_config
</UL>

<P><STRONG><a name="[87]"></a>i2c_nack_disable</STRONG> (Thumb, 24 bytes, Stack size 0 bytes, gd32l23x_i2c.o(.text.i2c_nack_disable))
<BR><BR>[Called By]<UL><LI><a href="#[82]">&gt;&gt;</a>&nbsp;&nbsp;&nbsp;sensirion_i2c_ReadByte_timeout
</UL>

<P><STRONG><a name="[89]"></a>i2c_nack_enable</STRONG> (Thumb, 20 bytes, Stack size 0 bytes, gd32l23x_i2c.o(.text.i2c_nack_enable))
<BR><BR>[Called By]<UL><LI><a href="#[82]">&gt;&gt;</a>&nbsp;&nbsp;&nbsp;sensirion_i2c_ReadByte_timeout
</UL>

<P><STRONG><a name="[85]"></a>i2c_start_on_bus</STRONG> (Thumb, 20 bytes, Stack size 0 bytes, gd32l23x_i2c.o(.text.i2c_start_on_bus))
<BR><BR>[Called By]<UL><LI><a href="#[8c]">&gt;&gt;</a>&nbsp;&nbsp;&nbsp;sensirion_i2c_WriteByte_timeout
<LI><a href="#[82]">&gt;&gt;</a>&nbsp;&nbsp;&nbsp;sensirion_i2c_ReadByte_timeout
</UL>

<P><STRONG><a name="[8d]"></a>i2c_stop_on_bus</STRONG> (Thumb, 20 bytes, Stack size 0 bytes, gd32l23x_i2c.o(.text.i2c_stop_on_bus))
<BR><BR>[Called By]<UL><LI><a href="#[8c]">&gt;&gt;</a>&nbsp;&nbsp;&nbsp;sensirion_i2c_WriteByte_timeout
</UL>

<P><STRONG><a name="[7a]"></a>i2c_timing_config</STRONG> (Thumb, 102 bytes, Stack size 0 bytes, gd32l23x_i2c.o(.text.i2c_timing_config))
<BR><BR>[Called By]<UL><LI><a href="#[60]">&gt;&gt;</a>&nbsp;&nbsp;&nbsp;i2c_config
</UL>

<P><STRONG><a name="[83]"></a>i2c_transfer_byte_number_config</STRONG> (Thumb, 38 bytes, Stack size 0 bytes, gd32l23x_i2c.o(.text.i2c_transfer_byte_number_config))
<BR><BR>[Called By]<UL><LI><a href="#[8c]">&gt;&gt;</a>&nbsp;&nbsp;&nbsp;sensirion_i2c_WriteByte_timeout
<LI><a href="#[82]">&gt;&gt;</a>&nbsp;&nbsp;&nbsp;sensirion_i2c_ReadByte_timeout
</UL>

<P><STRONG><a name="[49]"></a>main</STRONG> (Thumb, 62 bytes, Stack size 0 bytes, main.o(.text.main))
<BR><BR>[Calls]<UL><LI><a href="#[61]">&gt;&gt;</a>&nbsp;&nbsp;&nbsp;Init_SHT4X
<LI><a href="#[7f]">&gt;&gt;</a>&nbsp;&nbsp;&nbsp;delay_1ms
<LI><a href="#[5d]">&gt;&gt;</a>&nbsp;&nbsp;&nbsp;IIC2_All_Init
<LI><a href="#[6b]">&gt;&gt;</a>&nbsp;&nbsp;&nbsp;com_usart_init
<LI><a href="#[7e]">&gt;&gt;</a>&nbsp;&nbsp;&nbsp;systick_config
<LI><a href="#[64]">&gt;&gt;</a>&nbsp;&nbsp;&nbsp;printf
</UL>
<BR>[Address Reference Count : 1]<UL><LI> entry9a.o(.ARM.Collect$$$$0000000B)
</UL>
<P><STRONG><a name="[6a]"></a>nvic_vector_table_set</STRONG> (Thumb, 40 bytes, Stack size 0 bytes, gd32l23x_misc.o(.text.nvic_vector_table_set))
<BR><BR>[Called By]<UL><LI><a href="#[4a]">&gt;&gt;</a>&nbsp;&nbsp;&nbsp;SystemInit
</UL>

<P><STRONG><a name="[95]"></a>rcu_clock_freq_get</STRONG> (Thumb, 2480 bytes, Stack size 0 bytes, gd32l23x_rcu.o(.text.rcu_clock_freq_get))
<BR><BR>[Called By]<UL><LI><a href="#[74]">&gt;&gt;</a>&nbsp;&nbsp;&nbsp;usart_baudrate_set
</UL>

<P><STRONG><a name="[5e]"></a>rcu_config</STRONG> (Thumb, 20 bytes, Stack size 0 bytes, i2c_led.o(.text.rcu_config))
<BR><BR>[Calls]<UL><LI><a href="#[6c]">&gt;&gt;</a>&nbsp;&nbsp;&nbsp;rcu_periph_clock_enable
</UL>
<BR>[Called By]<UL><LI><a href="#[5d]">&gt;&gt;</a>&nbsp;&nbsp;&nbsp;IIC2_All_Init
</UL>

<P><STRONG><a name="[6c]"></a>rcu_periph_clock_enable</STRONG> (Thumb, 40 bytes, Stack size 0 bytes, gd32l23x_rcu.o(.text.rcu_periph_clock_enable))
<BR><BR>[Called By]<UL><LI><a href="#[6b]">&gt;&gt;</a>&nbsp;&nbsp;&nbsp;com_usart_init
<LI><a href="#[5e]">&gt;&gt;</a>&nbsp;&nbsp;&nbsp;rcu_config
</UL>

<P><STRONG><a name="[97]"></a>rcu_periph_reset_disable</STRONG> (Thumb, 40 bytes, Stack size 0 bytes, gd32l23x_rcu.o(.text.rcu_periph_reset_disable))
<BR><BR>[Called By]<UL><LI><a href="#[70]">&gt;&gt;</a>&nbsp;&nbsp;&nbsp;usart_deinit
</UL>

<P><STRONG><a name="[96]"></a>rcu_periph_reset_enable</STRONG> (Thumb, 40 bytes, Stack size 0 bytes, gd32l23x_rcu.o(.text.rcu_periph_reset_enable))
<BR><BR>[Called By]<UL><LI><a href="#[70]">&gt;&gt;</a>&nbsp;&nbsp;&nbsp;usart_deinit
</UL>

<P><STRONG><a name="[80]"></a>sensirion_common_check_crc</STRONG> (Thumb, 66 bytes, Stack size 0 bytes, sensirion_common.o(.text.sensirion_common_check_crc))
<BR><BR>[Calls]<UL><LI><a href="#[81]">&gt;&gt;</a>&nbsp;&nbsp;&nbsp;sensirion_common_generate_crc
</UL>
<BR>[Called By]<UL><LI><a href="#[90]">&gt;&gt;</a>&nbsp;&nbsp;&nbsp;sensirion_i2c_read_words_as_bytes
</UL>

<P><STRONG><a name="[81]"></a>sensirion_common_generate_crc</STRONG> (Thumb, 138 bytes, Stack size 0 bytes, sensirion_common.o(.text.sensirion_common_generate_crc))
<BR><BR>[Called By]<UL><LI><a href="#[80]">&gt;&gt;</a>&nbsp;&nbsp;&nbsp;sensirion_common_check_crc
</UL>

<P><STRONG><a name="[82]"></a>sensirion_i2c_ReadByte_timeout</STRONG> (Thumb, 810 bytes, Stack size 0 bytes, sensirion_hw_i2c_implementation.o(.text.sensirion_i2c_ReadByte_timeout))
<BR><BR>[Calls]<UL><LI><a href="#[8b]">&gt;&gt;</a>&nbsp;&nbsp;&nbsp;i2c_flag_clear
<LI><a href="#[84]">&gt;&gt;</a>&nbsp;&nbsp;&nbsp;i2c_flag_get
<LI><a href="#[83]">&gt;&gt;</a>&nbsp;&nbsp;&nbsp;i2c_transfer_byte_number_config
<LI><a href="#[8a]">&gt;&gt;</a>&nbsp;&nbsp;&nbsp;i2c_data_receive
<LI><a href="#[86]">&gt;&gt;</a>&nbsp;&nbsp;&nbsp;i2c_data_transmit
<LI><a href="#[85]">&gt;&gt;</a>&nbsp;&nbsp;&nbsp;i2c_start_on_bus
<LI><a href="#[87]">&gt;&gt;</a>&nbsp;&nbsp;&nbsp;i2c_nack_disable
<LI><a href="#[89]">&gt;&gt;</a>&nbsp;&nbsp;&nbsp;i2c_nack_enable
<LI><a href="#[88]">&gt;&gt;</a>&nbsp;&nbsp;&nbsp;i2c_master_addressing
<LI><a href="#[64]">&gt;&gt;</a>&nbsp;&nbsp;&nbsp;printf
</UL>
<BR>[Called By]<UL><LI><a href="#[8e]">&gt;&gt;</a>&nbsp;&nbsp;&nbsp;sensirion_i2c_read
</UL>

<P><STRONG><a name="[8c]"></a>sensirion_i2c_WriteByte_timeout</STRONG> (Thumb, 942 bytes, Stack size 0 bytes, sensirion_hw_i2c_implementation.o(.text.sensirion_i2c_WriteByte_timeout))
<BR><BR>[Calls]<UL><LI><a href="#[8b]">&gt;&gt;</a>&nbsp;&nbsp;&nbsp;i2c_flag_clear
<LI><a href="#[84]">&gt;&gt;</a>&nbsp;&nbsp;&nbsp;i2c_flag_get
<LI><a href="#[83]">&gt;&gt;</a>&nbsp;&nbsp;&nbsp;i2c_transfer_byte_number_config
<LI><a href="#[86]">&gt;&gt;</a>&nbsp;&nbsp;&nbsp;i2c_data_transmit
<LI><a href="#[8d]">&gt;&gt;</a>&nbsp;&nbsp;&nbsp;i2c_stop_on_bus
<LI><a href="#[85]">&gt;&gt;</a>&nbsp;&nbsp;&nbsp;i2c_start_on_bus
<LI><a href="#[88]">&gt;&gt;</a>&nbsp;&nbsp;&nbsp;i2c_master_addressing
<LI><a href="#[64]">&gt;&gt;</a>&nbsp;&nbsp;&nbsp;printf
</UL>
<BR>[Called By]<UL><LI><a href="#[91]">&gt;&gt;</a>&nbsp;&nbsp;&nbsp;sensirion_i2c_write
</UL>

<P><STRONG><a name="[8e]"></a>sensirion_i2c_read</STRONG> (Thumb, 96 bytes, Stack size 0 bytes, sensirion_hw_i2c_implementation.o(.text.sensirion_i2c_read))
<BR><BR>[Calls]<UL><LI><a href="#[82]">&gt;&gt;</a>&nbsp;&nbsp;&nbsp;sensirion_i2c_ReadByte_timeout
<LI><a href="#[64]">&gt;&gt;</a>&nbsp;&nbsp;&nbsp;printf
</UL>
<BR>[Called By]<UL><LI><a href="#[90]">&gt;&gt;</a>&nbsp;&nbsp;&nbsp;sensirion_i2c_read_words_as_bytes
</UL>

<P><STRONG><a name="[8f]"></a>sensirion_i2c_read_words</STRONG> (Thumb, 136 bytes, Stack size 0 bytes, sensirion_common.o(.text.sensirion_i2c_read_words))
<BR><BR>[Calls]<UL><LI><a href="#[90]">&gt;&gt;</a>&nbsp;&nbsp;&nbsp;sensirion_i2c_read_words_as_bytes
</UL>
<BR>[Called By]<UL><LI><a href="#[93]">&gt;&gt;</a>&nbsp;&nbsp;&nbsp;sht4x_read_serial
</UL>

<P><STRONG><a name="[90]"></a>sensirion_i2c_read_words_as_bytes</STRONG> (Thumb, 220 bytes, Stack size 0 bytes, sensirion_common.o(.text.sensirion_i2c_read_words_as_bytes))
<BR><BR>[Calls]<UL><LI><a href="#[8e]">&gt;&gt;</a>&nbsp;&nbsp;&nbsp;sensirion_i2c_read
<LI><a href="#[80]">&gt;&gt;</a>&nbsp;&nbsp;&nbsp;sensirion_common_check_crc
<LI><a href="#[64]">&gt;&gt;</a>&nbsp;&nbsp;&nbsp;printf
</UL>
<BR>[Called By]<UL><LI><a href="#[8f]">&gt;&gt;</a>&nbsp;&nbsp;&nbsp;sensirion_i2c_read_words
</UL>

<P><STRONG><a name="[91]"></a>sensirion_i2c_write</STRONG> (Thumb, 126 bytes, Stack size 0 bytes, sensirion_hw_i2c_implementation.o(.text.sensirion_i2c_write))
<BR><BR>[Calls]<UL><LI><a href="#[8c]">&gt;&gt;</a>&nbsp;&nbsp;&nbsp;sensirion_i2c_WriteByte_timeout
<LI><a href="#[64]">&gt;&gt;</a>&nbsp;&nbsp;&nbsp;printf
</UL>
<BR>[Called By]<UL><LI><a href="#[93]">&gt;&gt;</a>&nbsp;&nbsp;&nbsp;sht4x_read_serial
</UL>

<P><STRONG><a name="[92]"></a>sensirion_sleep_usec</STRONG> (Thumb, 60 bytes, Stack size 0 bytes, sensirion_hw_i2c_implementation.o(.text.sensirion_sleep_usec))
<BR><BR>[Calls]<UL><LI><a href="#[7f]">&gt;&gt;</a>&nbsp;&nbsp;&nbsp;delay_1ms
</UL>
<BR>[Called By]<UL><LI><a href="#[93]">&gt;&gt;</a>&nbsp;&nbsp;&nbsp;sht4x_read_serial
</UL>

<P><STRONG><a name="[63]"></a>set_sht4x_status</STRONG> (Thumb, 22 bytes, Stack size 0 bytes, sht4x.o(.text.set_sht4x_status))
<BR><BR>[Called By]<UL><LI><a href="#[61]">&gt;&gt;</a>&nbsp;&nbsp;&nbsp;Init_SHT4X
</UL>

<P><STRONG><a name="[65]"></a>sht4x_probe</STRONG> (Thumb, 14 bytes, Stack size 0 bytes, sht4x.o(.text.sht4x_probe))
<BR><BR>[Calls]<UL><LI><a href="#[93]">&gt;&gt;</a>&nbsp;&nbsp;&nbsp;sht4x_read_serial
</UL>
<BR>[Called By]<UL><LI><a href="#[62]">&gt;&gt;</a>&nbsp;&nbsp;&nbsp;SHT4x_init
</UL>

<P><STRONG><a name="[93]"></a>sht4x_read_serial</STRONG> (Thumb, 124 bytes, Stack size 0 bytes, sht4x.o(.text.sht4x_read_serial))
<BR><BR>[Calls]<UL><LI><a href="#[92]">&gt;&gt;</a>&nbsp;&nbsp;&nbsp;sensirion_sleep_usec
<LI><a href="#[8f]">&gt;&gt;</a>&nbsp;&nbsp;&nbsp;sensirion_i2c_read_words
<LI><a href="#[91]">&gt;&gt;</a>&nbsp;&nbsp;&nbsp;sensirion_i2c_write
<LI><a href="#[64]">&gt;&gt;</a>&nbsp;&nbsp;&nbsp;printf
</UL>
<BR>[Called By]<UL><LI><a href="#[65]">&gt;&gt;</a>&nbsp;&nbsp;&nbsp;sht4x_probe
</UL>

<P><STRONG><a name="[7e]"></a>systick_config</STRONG> (Thumb, 42 bytes, Stack size 0 bytes, systick.o(.text.systick_config))
<BR><BR>[Calls]<UL><LI><a href="#[67]">&gt;&gt;</a>&nbsp;&nbsp;&nbsp;__NVIC_SetPriority
<LI><a href="#[66]">&gt;&gt;</a>&nbsp;&nbsp;&nbsp;SysTick_Config
</UL>
<BR>[Called By]<UL><LI><a href="#[49]">&gt;&gt;</a>&nbsp;&nbsp;&nbsp;main
</UL>

<P><STRONG><a name="[74]"></a>usart_baudrate_set</STRONG> (Thumb, 240 bytes, Stack size 0 bytes, gd32l23x_usart.o(.text.usart_baudrate_set))
<BR><BR>[Calls]<UL><LI><a href="#[95]">&gt;&gt;</a>&nbsp;&nbsp;&nbsp;rcu_clock_freq_get
</UL>
<BR>[Called By]<UL><LI><a href="#[6b]">&gt;&gt;</a>&nbsp;&nbsp;&nbsp;com_usart_init
</UL>

<P><STRONG><a name="[78]"></a>usart_data_transmit</STRONG> (Thumb, 24 bytes, Stack size 0 bytes, gd32l23x_usart.o(.text.usart_data_transmit))
<BR><BR>[Called By]<UL><LI><a href="#[4c]">&gt;&gt;</a>&nbsp;&nbsp;&nbsp;fputc
</UL>

<P><STRONG><a name="[70]"></a>usart_deinit</STRONG> (Thumb, 150 bytes, Stack size 0 bytes, gd32l23x_usart.o(.text.usart_deinit))
<BR><BR>[Calls]<UL><LI><a href="#[97]">&gt;&gt;</a>&nbsp;&nbsp;&nbsp;rcu_periph_reset_disable
<LI><a href="#[96]">&gt;&gt;</a>&nbsp;&nbsp;&nbsp;rcu_periph_reset_enable
</UL>
<BR>[Called By]<UL><LI><a href="#[6b]">&gt;&gt;</a>&nbsp;&nbsp;&nbsp;com_usart_init
</UL>

<P><STRONG><a name="[77]"></a>usart_enable</STRONG> (Thumb, 18 bytes, Stack size 0 bytes, gd32l23x_usart.o(.text.usart_enable))
<BR><BR>[Called By]<UL><LI><a href="#[6b]">&gt;&gt;</a>&nbsp;&nbsp;&nbsp;com_usart_init
</UL>

<P><STRONG><a name="[79]"></a>usart_flag_get</STRONG> (Thumb, 60 bytes, Stack size 0 bytes, gd32l23x_usart.o(.text.usart_flag_get))
<BR><BR>[Called By]<UL><LI><a href="#[4c]">&gt;&gt;</a>&nbsp;&nbsp;&nbsp;fputc
</UL>

<P><STRONG><a name="[73]"></a>usart_parity_config</STRONG> (Thumb, 46 bytes, Stack size 0 bytes, gd32l23x_usart.o(.text.usart_parity_config))
<BR><BR>[Called By]<UL><LI><a href="#[6b]">&gt;&gt;</a>&nbsp;&nbsp;&nbsp;com_usart_init
</UL>

<P><STRONG><a name="[75]"></a>usart_receive_config</STRONG> (Thumb, 30 bytes, Stack size 0 bytes, gd32l23x_usart.o(.text.usart_receive_config))
<BR><BR>[Called By]<UL><LI><a href="#[6b]">&gt;&gt;</a>&nbsp;&nbsp;&nbsp;com_usart_init
</UL>

<P><STRONG><a name="[72]"></a>usart_stop_bit_set</STRONG> (Thumb, 46 bytes, Stack size 0 bytes, gd32l23x_usart.o(.text.usart_stop_bit_set))
<BR><BR>[Called By]<UL><LI><a href="#[6b]">&gt;&gt;</a>&nbsp;&nbsp;&nbsp;com_usart_init
</UL>

<P><STRONG><a name="[76]"></a>usart_transmit_config</STRONG> (Thumb, 30 bytes, Stack size 0 bytes, gd32l23x_usart.o(.text.usart_transmit_config))
<BR><BR>[Called By]<UL><LI><a href="#[6b]">&gt;&gt;</a>&nbsp;&nbsp;&nbsp;com_usart_init
</UL>

<P><STRONG><a name="[71]"></a>usart_word_length_set</STRONG> (Thumb, 46 bytes, Stack size 0 bytes, gd32l23x_usart.o(.text.usart_word_length_set))
<BR><BR>[Called By]<UL><LI><a href="#[6b]">&gt;&gt;</a>&nbsp;&nbsp;&nbsp;com_usart_init
</UL>

<P><STRONG><a name="[98]"></a>__0printf</STRONG> (Thumb, 24 bytes, Stack size 0 bytes, printfa.o(i.__0printf), UNUSED)
<BR><BR>[Calls]<UL><LI><a href="#[99]">&gt;&gt;</a>&nbsp;&nbsp;&nbsp;_printf_core
</UL>

<P><STRONG><a name="[64]"></a>printf</STRONG> (Thumb, 0 bytes, Stack size 0 bytes, printfa.o(i.__0printf))
<BR><BR>[Called By]<UL><LI><a href="#[61]">&gt;&gt;</a>&nbsp;&nbsp;&nbsp;Init_SHT4X
<LI><a href="#[49]">&gt;&gt;</a>&nbsp;&nbsp;&nbsp;main
<LI><a href="#[93]">&gt;&gt;</a>&nbsp;&nbsp;&nbsp;sht4x_read_serial
<LI><a href="#[8c]">&gt;&gt;</a>&nbsp;&nbsp;&nbsp;sensirion_i2c_WriteByte_timeout
<LI><a href="#[82]">&gt;&gt;</a>&nbsp;&nbsp;&nbsp;sensirion_i2c_ReadByte_timeout
<LI><a href="#[8e]">&gt;&gt;</a>&nbsp;&nbsp;&nbsp;sensirion_i2c_read
<LI><a href="#[90]">&gt;&gt;</a>&nbsp;&nbsp;&nbsp;sensirion_i2c_read_words_as_bytes
<LI><a href="#[91]">&gt;&gt;</a>&nbsp;&nbsp;&nbsp;sensirion_i2c_write
</UL>

<P><STRONG><a name="[5c]"></a>__ARM_clz</STRONG> (Thumb, 46 bytes, Stack size 0 bytes, depilogue.o(i.__ARM_clz), UNUSED)
<BR><BR>[Called By]<UL><LI><a href="#[54]">&gt;&gt;</a>&nbsp;&nbsp;&nbsp;_double_epilogue
</UL>
<P>
<H3>
Local Symbols
</H3>
<P><STRONG><a name="[66]"></a>SysTick_Config</STRONG> (Thumb, 82 bytes, Stack size 0 bytes, systick.o(.text.SysTick_Config))
<BR><BR>[Calls]<UL><LI><a href="#[67]">&gt;&gt;</a>&nbsp;&nbsp;&nbsp;__NVIC_SetPriority
</UL>
<BR>[Called By]<UL><LI><a href="#[7e]">&gt;&gt;</a>&nbsp;&nbsp;&nbsp;systick_config
</UL>

<P><STRONG><a name="[67]"></a>__NVIC_SetPriority</STRONG> (Thumb, 136 bytes, Stack size 0 bytes, systick.o(.text.__NVIC_SetPriority))
<BR><BR>[Called By]<UL><LI><a href="#[66]">&gt;&gt;</a>&nbsp;&nbsp;&nbsp;SysTick_Config
<LI><a href="#[7e]">&gt;&gt;</a>&nbsp;&nbsp;&nbsp;systick_config
</UL>

<P><STRONG><a name="[69]"></a>system_clock_config</STRONG> (Thumb, 8 bytes, Stack size 0 bytes, system_gd32l23x.o(.text.system_clock_config))
<BR><BR>[Calls]<UL><LI><a href="#[94]">&gt;&gt;</a>&nbsp;&nbsp;&nbsp;system_clock_64m_hxtal
</UL>
<BR>[Called By]<UL><LI><a href="#[4a]">&gt;&gt;</a>&nbsp;&nbsp;&nbsp;SystemInit
</UL>

<P><STRONG><a name="[94]"></a>system_clock_64m_hxtal</STRONG> (Thumb, 314 bytes, Stack size 0 bytes, system_gd32l23x.o(.text.system_clock_64m_hxtal))
<BR><BR>[Called By]<UL><LI><a href="#[69]">&gt;&gt;</a>&nbsp;&nbsp;&nbsp;system_clock_config
</UL>

<P><STRONG><a name="[9a]"></a>_fp_digits</STRONG> (Thumb, 344 bytes, Stack size 0 bytes, printfa.o(i._fp_digits), UNUSED)
<BR><BR>[Calls]<UL><LI><a href="#[4f]">&gt;&gt;</a>&nbsp;&nbsp;&nbsp;__aeabi_uldivmod
<LI><a href="#[58]">&gt;&gt;</a>&nbsp;&nbsp;&nbsp;__aeabi_dmul
<LI><a href="#[59]">&gt;&gt;</a>&nbsp;&nbsp;&nbsp;__aeabi_ddiv
<LI><a href="#[52]">&gt;&gt;</a>&nbsp;&nbsp;&nbsp;__aeabi_dadd
<LI><a href="#[5a]">&gt;&gt;</a>&nbsp;&nbsp;&nbsp;__aeabi_d2ulz
<LI><a href="#[9b]">&gt;&gt;</a>&nbsp;&nbsp;&nbsp;__aeabi_cdrcmple
</UL>
<BR>[Called By]<UL><LI><a href="#[99]">&gt;&gt;</a>&nbsp;&nbsp;&nbsp;_printf_core
</UL>

<P><STRONG><a name="[99]"></a>_printf_core</STRONG> (Thumb, 1754 bytes, Stack size 0 bytes, printfa.o(i._printf_core), UNUSED)
<BR><BR>[Calls]<UL><LI><a href="#[9e]">&gt;&gt;</a>&nbsp;&nbsp;&nbsp;__aeabi_uidivmod
<LI><a href="#[4f]">&gt;&gt;</a>&nbsp;&nbsp;&nbsp;__aeabi_uldivmod
<LI><a href="#[9c]">&gt;&gt;</a>&nbsp;&nbsp;&nbsp;_printf_pre_padding
<LI><a href="#[9d]">&gt;&gt;</a>&nbsp;&nbsp;&nbsp;_printf_post_padding
<LI><a href="#[9a]">&gt;&gt;</a>&nbsp;&nbsp;&nbsp;_fp_digits
</UL>
<BR>[Called By]<UL><LI><a href="#[98]">&gt;&gt;</a>&nbsp;&nbsp;&nbsp;__0printf
</UL>

<P><STRONG><a name="[9d]"></a>_printf_post_padding</STRONG> (Thumb, 32 bytes, Stack size 0 bytes, printfa.o(i._printf_post_padding), UNUSED)
<BR><BR>[Called By]<UL><LI><a href="#[99]">&gt;&gt;</a>&nbsp;&nbsp;&nbsp;_printf_core
</UL>

<P><STRONG><a name="[9c]"></a>_printf_pre_padding</STRONG> (Thumb, 44 bytes, Stack size 0 bytes, printfa.o(i._printf_pre_padding), UNUSED)
<BR><BR>[Called By]<UL><LI><a href="#[99]">&gt;&gt;</a>&nbsp;&nbsp;&nbsp;_printf_core
</UL>
<P>
<H3>
Undefined Global Symbols
</H3><HR></body></html>
