<!doctype html public "-//w3c//dtd html 4.0 transitional//en">
<html><head>
<title>Static Call Graph - [.\output\Project.axf]</title></head>
<body><HR>
<H1>Static Call Graph for image .\output\Project.axf</H1><HR>
<BR><P>#&#060CALLGRAPH&#062# ARM Linker, 6180002: Last Updated: Fri May 17 15:29:37 2024
<BR><P>
<H3>Maximum Stack Usage =        148 bytes + Unknown(Cycles, Untraceable Function Pointers)</H3><H3>
Call chain for Maximum Stack Depth:</H3>
main &rArr; ota_process &rArr; update_firmware &rArr; EarseFlash_1K &rArr; fmc_page_erase &rArr; fmc_ready_wait &rArr; fmc_state_get
<P>
<H3>
Mutually Recursive functions
</H3> <LI><a href="#[18]">ADC_IRQHandler</a>&nbsp;&nbsp;&nbsp;&rArr;&nbsp;&nbsp;&nbsp;<a href="#[18]">ADC_IRQHandler</a><BR>
</UL>
<P>
<H3>
Function Pointers
</H3><UL>
 <LI><a href="#[18]">ADC_IRQHandler</a> from startup_gd32l235xx.o(.text) referenced from startup_gd32l235xx.o(RESET)
 <LI><a href="#[37]">CAN_EWMC_IRQHandler</a> from startup_gd32l235xx.o(.text) referenced from startup_gd32l235xx.o(RESET)
 <LI><a href="#[36]">CAN_RX1_IRQHandler</a> from startup_gd32l235xx.o(.text) referenced from startup_gd32l235xx.o(RESET)
 <LI><a href="#[3f]">CAU_IRQHandler</a> from startup_gd32l235xx.o(.text) referenced from startup_gd32l235xx.o(RESET)
 <LI><a href="#[39]">CMP0_IRQHandler</a> from startup_gd32l235xx.o(.text) referenced from startup_gd32l235xx.o(RESET)
 <LI><a href="#[3a]">CMP1_IRQHandler</a> from startup_gd32l235xx.o(.text) referenced from startup_gd32l235xx.o(RESET)
 <LI><a href="#[2b]">DAC_IRQHandler</a> from startup_gd32l235xx.o(.text) referenced from startup_gd32l235xx.o(RESET)
 <LI><a href="#[38]">DMAMUX_IRQHandler</a> from startup_gd32l235xx.o(.text) referenced from startup_gd32l235xx.o(RESET)
 <LI><a href="#[11]">DMA_Channel0_IRQHandler</a> from startup_gd32l235xx.o(.text) referenced from startup_gd32l235xx.o(RESET)
 <LI><a href="#[12]">DMA_Channel1_IRQHandler</a> from startup_gd32l235xx.o(.text) referenced from startup_gd32l235xx.o(RESET)
 <LI><a href="#[13]">DMA_Channel2_IRQHandler</a> from startup_gd32l235xx.o(.text) referenced from startup_gd32l235xx.o(RESET)
 <LI><a href="#[14]">DMA_Channel3_IRQHandler</a> from startup_gd32l235xx.o(.text) referenced from startup_gd32l235xx.o(RESET)
 <LI><a href="#[15]">DMA_Channel4_IRQHandler</a> from startup_gd32l235xx.o(.text) referenced from startup_gd32l235xx.o(RESET)
 <LI><a href="#[16]">DMA_Channel5_IRQHandler</a> from startup_gd32l235xx.o(.text) referenced from startup_gd32l235xx.o(RESET)
 <LI><a href="#[17]">DMA_Channel6_IRQHandler</a> from startup_gd32l235xx.o(.text) referenced from startup_gd32l235xx.o(RESET)
 <LI><a href="#[c]">EXTI0_IRQHandler</a> from startup_gd32l235xx.o(.text) referenced from startup_gd32l235xx.o(RESET)
 <LI><a href="#[34]">EXTI10_15_IRQHandler</a> from startup_gd32l235xx.o(.text) referenced from startup_gd32l235xx.o(RESET)
 <LI><a href="#[d]">EXTI1_IRQHandler</a> from startup_gd32l235xx.o(.text) referenced from startup_gd32l235xx.o(RESET)
 <LI><a href="#[e]">EXTI2_IRQHandler</a> from startup_gd32l235xx.o(.text) referenced from startup_gd32l235xx.o(RESET)
 <LI><a href="#[f]">EXTI3_IRQHandler</a> from startup_gd32l235xx.o(.text) referenced from startup_gd32l235xx.o(RESET)
 <LI><a href="#[10]">EXTI4_IRQHandler</a> from startup_gd32l235xx.o(.text) referenced from startup_gd32l235xx.o(RESET)
 <LI><a href="#[30]">EXTI5_9_IRQHandler</a> from startup_gd32l235xx.o(.text) referenced from startup_gd32l235xx.o(RESET)
 <LI><a href="#[a]">FMC_IRQHandler</a> from startup_gd32l235xx.o(.text) referenced from startup_gd32l235xx.o(RESET)
 <LI><a href="#[2]">HardFault_Handler</a> from gd32l23x_it.o(.text.HardFault_Handler) referenced from startup_gd32l235xx.o(RESET)
 <LI><a href="#[26]">I2C0_ER_IRQHandler</a> from startup_gd32l235xx.o(.text) referenced from startup_gd32l235xx.o(RESET)
 <LI><a href="#[25]">I2C0_EV_IRQHandler</a> from startup_gd32l235xx.o(.text) referenced from startup_gd32l235xx.o(RESET)
 <LI><a href="#[3b]">I2C0_WKUP_IRQHandler</a> from startup_gd32l235xx.o(.text) referenced from startup_gd32l235xx.o(RESET)
 <LI><a href="#[28]">I2C1_ER_IRQHandler</a> from startup_gd32l235xx.o(.text) referenced from startup_gd32l235xx.o(RESET)
 <LI><a href="#[27]">I2C1_EV_IRQHandler</a> from startup_gd32l235xx.o(.text) referenced from startup_gd32l235xx.o(RESET)
 <LI><a href="#[43]">I2C1_WKUP_IRQHandler</a> from startup_gd32l235xx.o(.text) referenced from startup_gd32l235xx.o(RESET)
 <LI><a href="#[2d]">I2C2_ER_IRQHandler</a> from startup_gd32l235xx.o(.text) referenced from startup_gd32l235xx.o(RESET)
 <LI><a href="#[2c]">I2C2_EV_IRQHandler</a> from startup_gd32l235xx.o(.text) referenced from startup_gd32l235xx.o(RESET)
 <LI><a href="#[3c]">I2C2_WKUP_IRQHandler</a> from startup_gd32l235xx.o(.text) referenced from startup_gd32l235xx.o(RESET)
 <LI><a href="#[45]">LPTIMER0_IRQHandler</a> from startup_gd32l235xx.o(.text) referenced from startup_gd32l235xx.o(RESET)
 <LI><a href="#[47]">LPTIMER1_IRQHandler</a> from startup_gd32l235xx.o(.text) referenced from startup_gd32l235xx.o(RESET)
 <LI><a href="#[3e]">LPUART0_IRQHandler</a> from startup_gd32l235xx.o(.text) referenced from startup_gd32l235xx.o(RESET)
 <LI><a href="#[44]">LPUART0_WKUP_IRQHandler</a> from startup_gd32l235xx.o(.text) referenced from startup_gd32l235xx.o(RESET)
 <LI><a href="#[48]">LPUART1_IRQHandler</a> from startup_gd32l235xx.o(.text) referenced from startup_gd32l235xx.o(RESET)
 <LI><a href="#[46]">LPUART1_WKUP_IRQHandler</a> from startup_gd32l235xx.o(.text) referenced from startup_gd32l235xx.o(RESET)
 <LI><a href="#[7]">LVD_IRQHandler</a> from startup_gd32l235xx.o(.text) referenced from startup_gd32l235xx.o(RESET)
 <LI><a href="#[1]">NMI_Handler</a> from gd32l23x_it.o(.text.NMI_Handler) referenced from startup_gd32l235xx.o(RESET)
 <LI><a href="#[4]">PendSV_Handler</a> from gd32l23x_it.o(.text.PendSV_Handler) referenced from startup_gd32l235xx.o(RESET)
 <LI><a href="#[b]">RCU_CTC_IRQHandler</a> from startup_gd32l235xx.o(.text) referenced from startup_gd32l235xx.o(RESET)
 <LI><a href="#[2e]">RTC_Alarm_IRQHandler</a> from startup_gd32l235xx.o(.text) referenced from startup_gd32l235xx.o(RESET)
 <LI><a href="#[9]">RTC_WKUP_IRQHandler</a> from startup_gd32l235xx.o(.text) referenced from startup_gd32l235xx.o(RESET)
 <LI><a href="#[0]">Reset_Handler</a> from startup_gd32l235xx.o(.text) referenced from startup_gd32l235xx.o(RESET)
 <LI><a href="#[41]">SLCD_IRQHandler</a> from startup_gd32l235xx.o(.text) referenced from startup_gd32l235xx.o(RESET)
 <LI><a href="#[29]">SPI0_IRQHandler</a> from startup_gd32l235xx.o(.text) referenced from startup_gd32l235xx.o(RESET)
 <LI><a href="#[2a]">SPI1_IRQHandler</a> from startup_gd32l235xx.o(.text) referenced from startup_gd32l235xx.o(RESET)
 <LI><a href="#[3]">SVC_Handler</a> from gd32l23x_it.o(.text.SVC_Handler) referenced from startup_gd32l235xx.o(RESET)
 <LI><a href="#[5]">SysTick_Handler</a> from gd32l23x_it.o(.text.SysTick_Handler) referenced from startup_gd32l235xx.o(RESET)
 <LI><a href="#[4a]">SystemInit</a> from system_gd32l23x.o(.text.SystemInit) referenced from startup_gd32l235xx.o(.text)
 <LI><a href="#[8]">TAMPER_STAMP_IRQHandler</a> from startup_gd32l235xx.o(.text) referenced from startup_gd32l235xx.o(RESET)
 <LI><a href="#[32]">TIMER0_Channel_IRQHandler</a> from startup_gd32l235xx.o(.text) referenced from startup_gd32l235xx.o(RESET)
 <LI><a href="#[31]">TIMER0_TRG_CMT_UP_BRK_IRQHandler</a> from startup_gd32l235xx.o(.text) referenced from startup_gd32l235xx.o(RESET)
 <LI><a href="#[1e]">TIMER11_IRQHandler</a> from startup_gd32l235xx.o(.text) referenced from startup_gd32l235xx.o(RESET)
 <LI><a href="#[33]">TIMER14_IRQHandler</a> from startup_gd32l235xx.o(.text) referenced from startup_gd32l235xx.o(RESET)
 <LI><a href="#[1b]">TIMER1_IRQHandler</a> from startup_gd32l235xx.o(.text) referenced from startup_gd32l235xx.o(RESET)
 <LI><a href="#[1c]">TIMER2_IRQHandler</a> from startup_gd32l235xx.o(.text) referenced from startup_gd32l235xx.o(RESET)
 <LI><a href="#[35]">TIMER40_IRQHandler</a> from startup_gd32l235xx.o(.text) referenced from startup_gd32l235xx.o(RESET)
 <LI><a href="#[1f]">TIMER5_IRQHandler</a> from startup_gd32l235xx.o(.text) referenced from startup_gd32l235xx.o(RESET)
 <LI><a href="#[20]">TIMER6_IRQHandler</a> from startup_gd32l235xx.o(.text) referenced from startup_gd32l235xx.o(RESET)
 <LI><a href="#[1d]">TIMER8_IRQHandler</a> from startup_gd32l235xx.o(.text) referenced from startup_gd32l235xx.o(RESET)
 <LI><a href="#[40]">TRNG_IRQHandler</a> from startup_gd32l235xx.o(.text) referenced from startup_gd32l235xx.o(RESET)
 <LI><a href="#[23]">UART3_IRQHandler</a> from startup_gd32l235xx.o(.text) referenced from startup_gd32l235xx.o(RESET)
 <LI><a href="#[24]">UART4_IRQHandler</a> from startup_gd32l235xx.o(.text) referenced from startup_gd32l235xx.o(RESET)
 <LI><a href="#[21]">USART0_IRQHandler</a> from startup_gd32l235xx.o(.text) referenced from startup_gd32l235xx.o(RESET)
 <LI><a href="#[3d]">USART0_WKUP_IRQHandler</a> from startup_gd32l235xx.o(.text) referenced from startup_gd32l235xx.o(RESET)
 <LI><a href="#[22]">USART1_IRQHandler</a> from startup_gd32l235xx.o(.text) referenced from startup_gd32l235xx.o(RESET)
 <LI><a href="#[42]">USART1_WKUP_IRQHandler</a> from startup_gd32l235xx.o(.text) referenced from startup_gd32l235xx.o(RESET)
 <LI><a href="#[19]">USBD_HP_CAN_TX_IRQHandler</a> from startup_gd32l235xx.o(.text) referenced from startup_gd32l235xx.o(RESET)
 <LI><a href="#[1a]">USBD_LP_CAN_RX0_IRQHandler</a> from startup_gd32l235xx.o(.text) referenced from startup_gd32l235xx.o(RESET)
 <LI><a href="#[2f]">USBD_WKUP_IRQHandler</a> from startup_gd32l235xx.o(.text) referenced from startup_gd32l235xx.o(RESET)
 <LI><a href="#[6]">WWDGT_IRQHandler</a> from startup_gd32l235xx.o(.text) referenced from startup_gd32l235xx.o(RESET)
 <LI><a href="#[4b]">__main</a> from entry.o(.ARM.Collect$$$$00000000) referenced from startup_gd32l235xx.o(.text)
 <LI><a href="#[49]">main</a> from main.o(.text.main) referenced from entry9a.o(.ARM.Collect$$$$0000000B)
</UL>
<P>
<H3>
Global Symbols
</H3>
<P><STRONG><a name="[4b]"></a>__main</STRONG> (Thumb, 0 bytes, Stack size unknown bytes, entry.o(.ARM.Collect$$$$00000000))
<BR>[Address Reference Count : 1]<UL><LI> startup_gd32l235xx.o(.text)
</UL>
<P><STRONG><a name="[6a]"></a>_main_stk</STRONG> (Thumb, 0 bytes, Stack size unknown bytes, entry2.o(.ARM.Collect$$$$00000001))

<P><STRONG><a name="[4c]"></a>_main_scatterload</STRONG> (Thumb, 0 bytes, Stack size unknown bytes, entry5.o(.ARM.Collect$$$$00000004))
<BR><BR>[Calls]<UL><LI><a href="#[4d]">&gt;&gt;</a>&nbsp;&nbsp;&nbsp;__scatterload
</UL>

<P><STRONG><a name="[51]"></a>__main_after_scatterload</STRONG> (Thumb, 0 bytes, Stack size unknown bytes, entry5.o(.ARM.Collect$$$$00000004))
<BR><BR>[Called By]<UL><LI><a href="#[4d]">&gt;&gt;</a>&nbsp;&nbsp;&nbsp;__scatterload
</UL>

<P><STRONG><a name="[6b]"></a>_main_clock</STRONG> (Thumb, 0 bytes, Stack size unknown bytes, entry7b.o(.ARM.Collect$$$$00000008))

<P><STRONG><a name="[6c]"></a>_main_cpp_init</STRONG> (Thumb, 0 bytes, Stack size unknown bytes, entry8b.o(.ARM.Collect$$$$0000000A))

<P><STRONG><a name="[6d]"></a>_main_init</STRONG> (Thumb, 0 bytes, Stack size unknown bytes, entry9a.o(.ARM.Collect$$$$0000000B))

<P><STRONG><a name="[6e]"></a>__rt_final_cpp</STRONG> (Thumb, 0 bytes, Stack size unknown bytes, entry10a.o(.ARM.Collect$$$$0000000D))

<P><STRONG><a name="[6f]"></a>__rt_final_exit</STRONG> (Thumb, 0 bytes, Stack size unknown bytes, entry11a.o(.ARM.Collect$$$$0000000F))

<P><STRONG><a name="[0]"></a>Reset_Handler</STRONG> (Thumb, 34 bytes, Stack size 0 bytes, startup_gd32l235xx.o(.text))
<BR>[Address Reference Count : 1]<UL><LI> startup_gd32l235xx.o(RESET)
</UL>
<P><STRONG><a name="[18]"></a>ADC_IRQHandler</STRONG> (Thumb, 0 bytes, Stack size 0 bytes, startup_gd32l235xx.o(.text))
<BR><BR>[Calls]<UL><LI><a href="#[18]">&gt;&gt;</a>&nbsp;&nbsp;&nbsp;ADC_IRQHandler
</UL>
<BR>[Called By]<UL><LI><a href="#[18]">&gt;&gt;</a>&nbsp;&nbsp;&nbsp;ADC_IRQHandler
</UL>
<BR>[Address Reference Count : 1]<UL><LI> startup_gd32l235xx.o(RESET)
</UL>
<P><STRONG><a name="[37]"></a>CAN_EWMC_IRQHandler</STRONG> (Thumb, 0 bytes, Stack size 0 bytes, startup_gd32l235xx.o(.text))
<BR>[Address Reference Count : 1]<UL><LI> startup_gd32l235xx.o(RESET)
</UL>
<P><STRONG><a name="[36]"></a>CAN_RX1_IRQHandler</STRONG> (Thumb, 0 bytes, Stack size 0 bytes, startup_gd32l235xx.o(.text))
<BR>[Address Reference Count : 1]<UL><LI> startup_gd32l235xx.o(RESET)
</UL>
<P><STRONG><a name="[3f]"></a>CAU_IRQHandler</STRONG> (Thumb, 0 bytes, Stack size 0 bytes, startup_gd32l235xx.o(.text))
<BR>[Address Reference Count : 1]<UL><LI> startup_gd32l235xx.o(RESET)
</UL>
<P><STRONG><a name="[39]"></a>CMP0_IRQHandler</STRONG> (Thumb, 0 bytes, Stack size 0 bytes, startup_gd32l235xx.o(.text))
<BR>[Address Reference Count : 1]<UL><LI> startup_gd32l235xx.o(RESET)
</UL>
<P><STRONG><a name="[3a]"></a>CMP1_IRQHandler</STRONG> (Thumb, 0 bytes, Stack size 0 bytes, startup_gd32l235xx.o(.text))
<BR>[Address Reference Count : 1]<UL><LI> startup_gd32l235xx.o(RESET)
</UL>
<P><STRONG><a name="[2b]"></a>DAC_IRQHandler</STRONG> (Thumb, 0 bytes, Stack size 0 bytes, startup_gd32l235xx.o(.text))
<BR>[Address Reference Count : 1]<UL><LI> startup_gd32l235xx.o(RESET)
</UL>
<P><STRONG><a name="[38]"></a>DMAMUX_IRQHandler</STRONG> (Thumb, 0 bytes, Stack size 0 bytes, startup_gd32l235xx.o(.text))
<BR>[Address Reference Count : 1]<UL><LI> startup_gd32l235xx.o(RESET)
</UL>
<P><STRONG><a name="[11]"></a>DMA_Channel0_IRQHandler</STRONG> (Thumb, 0 bytes, Stack size 0 bytes, startup_gd32l235xx.o(.text))
<BR>[Address Reference Count : 1]<UL><LI> startup_gd32l235xx.o(RESET)
</UL>
<P><STRONG><a name="[12]"></a>DMA_Channel1_IRQHandler</STRONG> (Thumb, 0 bytes, Stack size 0 bytes, startup_gd32l235xx.o(.text))
<BR>[Address Reference Count : 1]<UL><LI> startup_gd32l235xx.o(RESET)
</UL>
<P><STRONG><a name="[13]"></a>DMA_Channel2_IRQHandler</STRONG> (Thumb, 0 bytes, Stack size 0 bytes, startup_gd32l235xx.o(.text))
<BR>[Address Reference Count : 1]<UL><LI> startup_gd32l235xx.o(RESET)
</UL>
<P><STRONG><a name="[14]"></a>DMA_Channel3_IRQHandler</STRONG> (Thumb, 0 bytes, Stack size 0 bytes, startup_gd32l235xx.o(.text))
<BR>[Address Reference Count : 1]<UL><LI> startup_gd32l235xx.o(RESET)
</UL>
<P><STRONG><a name="[15]"></a>DMA_Channel4_IRQHandler</STRONG> (Thumb, 0 bytes, Stack size 0 bytes, startup_gd32l235xx.o(.text))
<BR>[Address Reference Count : 1]<UL><LI> startup_gd32l235xx.o(RESET)
</UL>
<P><STRONG><a name="[16]"></a>DMA_Channel5_IRQHandler</STRONG> (Thumb, 0 bytes, Stack size 0 bytes, startup_gd32l235xx.o(.text))
<BR>[Address Reference Count : 1]<UL><LI> startup_gd32l235xx.o(RESET)
</UL>
<P><STRONG><a name="[17]"></a>DMA_Channel6_IRQHandler</STRONG> (Thumb, 0 bytes, Stack size 0 bytes, startup_gd32l235xx.o(.text))
<BR>[Address Reference Count : 1]<UL><LI> startup_gd32l235xx.o(RESET)
</UL>
<P><STRONG><a name="[c]"></a>EXTI0_IRQHandler</STRONG> (Thumb, 0 bytes, Stack size 0 bytes, startup_gd32l235xx.o(.text))
<BR>[Address Reference Count : 1]<UL><LI> startup_gd32l235xx.o(RESET)
</UL>
<P><STRONG><a name="[34]"></a>EXTI10_15_IRQHandler</STRONG> (Thumb, 0 bytes, Stack size 0 bytes, startup_gd32l235xx.o(.text))
<BR>[Address Reference Count : 1]<UL><LI> startup_gd32l235xx.o(RESET)
</UL>
<P><STRONG><a name="[d]"></a>EXTI1_IRQHandler</STRONG> (Thumb, 0 bytes, Stack size 0 bytes, startup_gd32l235xx.o(.text))
<BR>[Address Reference Count : 1]<UL><LI> startup_gd32l235xx.o(RESET)
</UL>
<P><STRONG><a name="[e]"></a>EXTI2_IRQHandler</STRONG> (Thumb, 0 bytes, Stack size 0 bytes, startup_gd32l235xx.o(.text))
<BR>[Address Reference Count : 1]<UL><LI> startup_gd32l235xx.o(RESET)
</UL>
<P><STRONG><a name="[f]"></a>EXTI3_IRQHandler</STRONG> (Thumb, 0 bytes, Stack size 0 bytes, startup_gd32l235xx.o(.text))
<BR>[Address Reference Count : 1]<UL><LI> startup_gd32l235xx.o(RESET)
</UL>
<P><STRONG><a name="[10]"></a>EXTI4_IRQHandler</STRONG> (Thumb, 0 bytes, Stack size 0 bytes, startup_gd32l235xx.o(.text))
<BR>[Address Reference Count : 1]<UL><LI> startup_gd32l235xx.o(RESET)
</UL>
<P><STRONG><a name="[30]"></a>EXTI5_9_IRQHandler</STRONG> (Thumb, 0 bytes, Stack size 0 bytes, startup_gd32l235xx.o(.text))
<BR>[Address Reference Count : 1]<UL><LI> startup_gd32l235xx.o(RESET)
</UL>
<P><STRONG><a name="[a]"></a>FMC_IRQHandler</STRONG> (Thumb, 0 bytes, Stack size 0 bytes, startup_gd32l235xx.o(.text))
<BR>[Address Reference Count : 1]<UL><LI> startup_gd32l235xx.o(RESET)
</UL>
<P><STRONG><a name="[26]"></a>I2C0_ER_IRQHandler</STRONG> (Thumb, 0 bytes, Stack size 0 bytes, startup_gd32l235xx.o(.text))
<BR>[Address Reference Count : 1]<UL><LI> startup_gd32l235xx.o(RESET)
</UL>
<P><STRONG><a name="[25]"></a>I2C0_EV_IRQHandler</STRONG> (Thumb, 0 bytes, Stack size 0 bytes, startup_gd32l235xx.o(.text))
<BR>[Address Reference Count : 1]<UL><LI> startup_gd32l235xx.o(RESET)
</UL>
<P><STRONG><a name="[3b]"></a>I2C0_WKUP_IRQHandler</STRONG> (Thumb, 0 bytes, Stack size 0 bytes, startup_gd32l235xx.o(.text))
<BR>[Address Reference Count : 1]<UL><LI> startup_gd32l235xx.o(RESET)
</UL>
<P><STRONG><a name="[28]"></a>I2C1_ER_IRQHandler</STRONG> (Thumb, 0 bytes, Stack size 0 bytes, startup_gd32l235xx.o(.text))
<BR>[Address Reference Count : 1]<UL><LI> startup_gd32l235xx.o(RESET)
</UL>
<P><STRONG><a name="[27]"></a>I2C1_EV_IRQHandler</STRONG> (Thumb, 0 bytes, Stack size 0 bytes, startup_gd32l235xx.o(.text))
<BR>[Address Reference Count : 1]<UL><LI> startup_gd32l235xx.o(RESET)
</UL>
<P><STRONG><a name="[43]"></a>I2C1_WKUP_IRQHandler</STRONG> (Thumb, 0 bytes, Stack size 0 bytes, startup_gd32l235xx.o(.text))
<BR>[Address Reference Count : 1]<UL><LI> startup_gd32l235xx.o(RESET)
</UL>
<P><STRONG><a name="[2d]"></a>I2C2_ER_IRQHandler</STRONG> (Thumb, 0 bytes, Stack size 0 bytes, startup_gd32l235xx.o(.text))
<BR>[Address Reference Count : 1]<UL><LI> startup_gd32l235xx.o(RESET)
</UL>
<P><STRONG><a name="[2c]"></a>I2C2_EV_IRQHandler</STRONG> (Thumb, 0 bytes, Stack size 0 bytes, startup_gd32l235xx.o(.text))
<BR>[Address Reference Count : 1]<UL><LI> startup_gd32l235xx.o(RESET)
</UL>
<P><STRONG><a name="[3c]"></a>I2C2_WKUP_IRQHandler</STRONG> (Thumb, 0 bytes, Stack size 0 bytes, startup_gd32l235xx.o(.text))
<BR>[Address Reference Count : 1]<UL><LI> startup_gd32l235xx.o(RESET)
</UL>
<P><STRONG><a name="[45]"></a>LPTIMER0_IRQHandler</STRONG> (Thumb, 0 bytes, Stack size 0 bytes, startup_gd32l235xx.o(.text))
<BR>[Address Reference Count : 1]<UL><LI> startup_gd32l235xx.o(RESET)
</UL>
<P><STRONG><a name="[47]"></a>LPTIMER1_IRQHandler</STRONG> (Thumb, 0 bytes, Stack size 0 bytes, startup_gd32l235xx.o(.text))
<BR>[Address Reference Count : 1]<UL><LI> startup_gd32l235xx.o(RESET)
</UL>
<P><STRONG><a name="[3e]"></a>LPUART0_IRQHandler</STRONG> (Thumb, 0 bytes, Stack size 0 bytes, startup_gd32l235xx.o(.text))
<BR>[Address Reference Count : 1]<UL><LI> startup_gd32l235xx.o(RESET)
</UL>
<P><STRONG><a name="[44]"></a>LPUART0_WKUP_IRQHandler</STRONG> (Thumb, 0 bytes, Stack size 0 bytes, startup_gd32l235xx.o(.text))
<BR>[Address Reference Count : 1]<UL><LI> startup_gd32l235xx.o(RESET)
</UL>
<P><STRONG><a name="[48]"></a>LPUART1_IRQHandler</STRONG> (Thumb, 0 bytes, Stack size 0 bytes, startup_gd32l235xx.o(.text))
<BR>[Address Reference Count : 1]<UL><LI> startup_gd32l235xx.o(RESET)
</UL>
<P><STRONG><a name="[46]"></a>LPUART1_WKUP_IRQHandler</STRONG> (Thumb, 0 bytes, Stack size 0 bytes, startup_gd32l235xx.o(.text))
<BR>[Address Reference Count : 1]<UL><LI> startup_gd32l235xx.o(RESET)
</UL>
<P><STRONG><a name="[7]"></a>LVD_IRQHandler</STRONG> (Thumb, 0 bytes, Stack size 0 bytes, startup_gd32l235xx.o(.text))
<BR>[Address Reference Count : 1]<UL><LI> startup_gd32l235xx.o(RESET)
</UL>
<P><STRONG><a name="[b]"></a>RCU_CTC_IRQHandler</STRONG> (Thumb, 0 bytes, Stack size 0 bytes, startup_gd32l235xx.o(.text))
<BR>[Address Reference Count : 1]<UL><LI> startup_gd32l235xx.o(RESET)
</UL>
<P><STRONG><a name="[2e]"></a>RTC_Alarm_IRQHandler</STRONG> (Thumb, 0 bytes, Stack size 0 bytes, startup_gd32l235xx.o(.text))
<BR>[Address Reference Count : 1]<UL><LI> startup_gd32l235xx.o(RESET)
</UL>
<P><STRONG><a name="[9]"></a>RTC_WKUP_IRQHandler</STRONG> (Thumb, 0 bytes, Stack size 0 bytes, startup_gd32l235xx.o(.text))
<BR>[Address Reference Count : 1]<UL><LI> startup_gd32l235xx.o(RESET)
</UL>
<P><STRONG><a name="[41]"></a>SLCD_IRQHandler</STRONG> (Thumb, 0 bytes, Stack size 0 bytes, startup_gd32l235xx.o(.text))
<BR>[Address Reference Count : 1]<UL><LI> startup_gd32l235xx.o(RESET)
</UL>
<P><STRONG><a name="[29]"></a>SPI0_IRQHandler</STRONG> (Thumb, 0 bytes, Stack size 0 bytes, startup_gd32l235xx.o(.text))
<BR>[Address Reference Count : 1]<UL><LI> startup_gd32l235xx.o(RESET)
</UL>
<P><STRONG><a name="[2a]"></a>SPI1_IRQHandler</STRONG> (Thumb, 0 bytes, Stack size 0 bytes, startup_gd32l235xx.o(.text))
<BR>[Address Reference Count : 1]<UL><LI> startup_gd32l235xx.o(RESET)
</UL>
<P><STRONG><a name="[8]"></a>TAMPER_STAMP_IRQHandler</STRONG> (Thumb, 0 bytes, Stack size 0 bytes, startup_gd32l235xx.o(.text))
<BR>[Address Reference Count : 1]<UL><LI> startup_gd32l235xx.o(RESET)
</UL>
<P><STRONG><a name="[32]"></a>TIMER0_Channel_IRQHandler</STRONG> (Thumb, 0 bytes, Stack size 0 bytes, startup_gd32l235xx.o(.text))
<BR>[Address Reference Count : 1]<UL><LI> startup_gd32l235xx.o(RESET)
</UL>
<P><STRONG><a name="[31]"></a>TIMER0_TRG_CMT_UP_BRK_IRQHandler</STRONG> (Thumb, 0 bytes, Stack size 0 bytes, startup_gd32l235xx.o(.text))
<BR>[Address Reference Count : 1]<UL><LI> startup_gd32l235xx.o(RESET)
</UL>
<P><STRONG><a name="[1e]"></a>TIMER11_IRQHandler</STRONG> (Thumb, 0 bytes, Stack size 0 bytes, startup_gd32l235xx.o(.text))
<BR>[Address Reference Count : 1]<UL><LI> startup_gd32l235xx.o(RESET)
</UL>
<P><STRONG><a name="[33]"></a>TIMER14_IRQHandler</STRONG> (Thumb, 0 bytes, Stack size 0 bytes, startup_gd32l235xx.o(.text))
<BR>[Address Reference Count : 1]<UL><LI> startup_gd32l235xx.o(RESET)
</UL>
<P><STRONG><a name="[1b]"></a>TIMER1_IRQHandler</STRONG> (Thumb, 0 bytes, Stack size 0 bytes, startup_gd32l235xx.o(.text))
<BR>[Address Reference Count : 1]<UL><LI> startup_gd32l235xx.o(RESET)
</UL>
<P><STRONG><a name="[1c]"></a>TIMER2_IRQHandler</STRONG> (Thumb, 0 bytes, Stack size 0 bytes, startup_gd32l235xx.o(.text))
<BR>[Address Reference Count : 1]<UL><LI> startup_gd32l235xx.o(RESET)
</UL>
<P><STRONG><a name="[35]"></a>TIMER40_IRQHandler</STRONG> (Thumb, 0 bytes, Stack size 0 bytes, startup_gd32l235xx.o(.text))
<BR>[Address Reference Count : 1]<UL><LI> startup_gd32l235xx.o(RESET)
</UL>
<P><STRONG><a name="[1f]"></a>TIMER5_IRQHandler</STRONG> (Thumb, 0 bytes, Stack size 0 bytes, startup_gd32l235xx.o(.text))
<BR>[Address Reference Count : 1]<UL><LI> startup_gd32l235xx.o(RESET)
</UL>
<P><STRONG><a name="[20]"></a>TIMER6_IRQHandler</STRONG> (Thumb, 0 bytes, Stack size 0 bytes, startup_gd32l235xx.o(.text))
<BR>[Address Reference Count : 1]<UL><LI> startup_gd32l235xx.o(RESET)
</UL>
<P><STRONG><a name="[1d]"></a>TIMER8_IRQHandler</STRONG> (Thumb, 0 bytes, Stack size 0 bytes, startup_gd32l235xx.o(.text))
<BR>[Address Reference Count : 1]<UL><LI> startup_gd32l235xx.o(RESET)
</UL>
<P><STRONG><a name="[40]"></a>TRNG_IRQHandler</STRONG> (Thumb, 0 bytes, Stack size 0 bytes, startup_gd32l235xx.o(.text))
<BR>[Address Reference Count : 1]<UL><LI> startup_gd32l235xx.o(RESET)
</UL>
<P><STRONG><a name="[23]"></a>UART3_IRQHandler</STRONG> (Thumb, 0 bytes, Stack size 0 bytes, startup_gd32l235xx.o(.text))
<BR>[Address Reference Count : 1]<UL><LI> startup_gd32l235xx.o(RESET)
</UL>
<P><STRONG><a name="[24]"></a>UART4_IRQHandler</STRONG> (Thumb, 0 bytes, Stack size 0 bytes, startup_gd32l235xx.o(.text))
<BR>[Address Reference Count : 1]<UL><LI> startup_gd32l235xx.o(RESET)
</UL>
<P><STRONG><a name="[21]"></a>USART0_IRQHandler</STRONG> (Thumb, 0 bytes, Stack size 0 bytes, startup_gd32l235xx.o(.text))
<BR>[Address Reference Count : 1]<UL><LI> startup_gd32l235xx.o(RESET)
</UL>
<P><STRONG><a name="[3d]"></a>USART0_WKUP_IRQHandler</STRONG> (Thumb, 0 bytes, Stack size 0 bytes, startup_gd32l235xx.o(.text))
<BR>[Address Reference Count : 1]<UL><LI> startup_gd32l235xx.o(RESET)
</UL>
<P><STRONG><a name="[22]"></a>USART1_IRQHandler</STRONG> (Thumb, 0 bytes, Stack size 0 bytes, startup_gd32l235xx.o(.text))
<BR>[Address Reference Count : 1]<UL><LI> startup_gd32l235xx.o(RESET)
</UL>
<P><STRONG><a name="[42]"></a>USART1_WKUP_IRQHandler</STRONG> (Thumb, 0 bytes, Stack size 0 bytes, startup_gd32l235xx.o(.text))
<BR>[Address Reference Count : 1]<UL><LI> startup_gd32l235xx.o(RESET)
</UL>
<P><STRONG><a name="[19]"></a>USBD_HP_CAN_TX_IRQHandler</STRONG> (Thumb, 0 bytes, Stack size 0 bytes, startup_gd32l235xx.o(.text))
<BR>[Address Reference Count : 1]<UL><LI> startup_gd32l235xx.o(RESET)
</UL>
<P><STRONG><a name="[1a]"></a>USBD_LP_CAN_RX0_IRQHandler</STRONG> (Thumb, 0 bytes, Stack size 0 bytes, startup_gd32l235xx.o(.text))
<BR>[Address Reference Count : 1]<UL><LI> startup_gd32l235xx.o(RESET)
</UL>
<P><STRONG><a name="[2f]"></a>USBD_WKUP_IRQHandler</STRONG> (Thumb, 0 bytes, Stack size 0 bytes, startup_gd32l235xx.o(.text))
<BR>[Address Reference Count : 1]<UL><LI> startup_gd32l235xx.o(RESET)
</UL>
<P><STRONG><a name="[6]"></a>WWDGT_IRQHandler</STRONG> (Thumb, 0 bytes, Stack size 0 bytes, startup_gd32l235xx.o(.text))
<BR>[Address Reference Count : 1]<UL><LI> startup_gd32l235xx.o(RESET)
</UL>
<P><STRONG><a name="[4f]"></a>__aeabi_memset</STRONG> (Thumb, 14 bytes, Stack size 0 bytes, memseta.o(.text))
<BR><BR>[Called By]<UL><LI><a href="#[50]">&gt;&gt;</a>&nbsp;&nbsp;&nbsp;_memset$wrapper
<LI><a href="#[4e]">&gt;&gt;</a>&nbsp;&nbsp;&nbsp;__aeabi_memclr
<LI><a href="#[67]">&gt;&gt;</a>&nbsp;&nbsp;&nbsp;update_firmware
</UL>

<P><STRONG><a name="[70]"></a>__aeabi_memset4</STRONG> (Thumb, 0 bytes, Stack size 0 bytes, memseta.o(.text), UNUSED)

<P><STRONG><a name="[71]"></a>__aeabi_memset8</STRONG> (Thumb, 0 bytes, Stack size 0 bytes, memseta.o(.text), UNUSED)

<P><STRONG><a name="[4e]"></a>__aeabi_memclr</STRONG> (Thumb, 4 bytes, Stack size 0 bytes, memseta.o(.text), UNUSED)
<BR><BR>[Calls]<UL><LI><a href="#[4f]">&gt;&gt;</a>&nbsp;&nbsp;&nbsp;__aeabi_memset
</UL>

<P><STRONG><a name="[72]"></a>__aeabi_memclr4</STRONG> (Thumb, 0 bytes, Stack size 0 bytes, memseta.o(.text), UNUSED)

<P><STRONG><a name="[73]"></a>__aeabi_memclr8</STRONG> (Thumb, 0 bytes, Stack size 0 bytes, memseta.o(.text), UNUSED)

<P><STRONG><a name="[50]"></a>_memset$wrapper</STRONG> (Thumb, 18 bytes, Stack size 8 bytes, memseta.o(.text), UNUSED)
<BR><BR>[Calls]<UL><LI><a href="#[4f]">&gt;&gt;</a>&nbsp;&nbsp;&nbsp;__aeabi_memset
</UL>

<P><STRONG><a name="[4d]"></a>__scatterload</STRONG> (Thumb, 28 bytes, Stack size 0 bytes, init.o(.text))
<BR><BR>[Calls]<UL><LI><a href="#[51]">&gt;&gt;</a>&nbsp;&nbsp;&nbsp;__main_after_scatterload
</UL>
<BR>[Called By]<UL><LI><a href="#[4c]">&gt;&gt;</a>&nbsp;&nbsp;&nbsp;_main_scatterload
</UL>

<P><STRONG><a name="[74]"></a>__scatterload_rt2</STRONG> (Thumb, 0 bytes, Stack size 0 bytes, init.o(.text), UNUSED)

<P><STRONG><a name="[52]"></a>ConfigureAppUpdateflag</STRONG> (Thumb, 94 bytes, Stack size 24 bytes, iap.o(.text.ConfigureAppUpdateflag))
<BR><BR>[Stack]<UL><LI>Max Depth = 92<LI>Call Chain = ConfigureAppUpdateflag &rArr; EarseFlash_1K &rArr; fmc_page_erase &rArr; fmc_ready_wait &rArr; fmc_state_get
</UL>
<BR>[Calls]<UL><LI><a href="#[53]">&gt;&gt;</a>&nbsp;&nbsp;&nbsp;EarseFlash_1K
<LI><a href="#[54]">&gt;&gt;</a>&nbsp;&nbsp;&nbsp;WriteFlash
</UL>
<BR>[Called By]<UL><LI><a href="#[66]">&gt;&gt;</a>&nbsp;&nbsp;&nbsp;ota_process
</UL>

<P><STRONG><a name="[53]"></a>EarseFlash_1K</STRONG> (Thumb, 56 bytes, Stack size 16 bytes, gdflash.o(.text.EarseFlash_1K))
<BR><BR>[Stack]<UL><LI>Max Depth = 68<LI>Call Chain = EarseFlash_1K &rArr; fmc_page_erase &rArr; fmc_ready_wait &rArr; fmc_state_get
</UL>
<BR>[Calls]<UL><LI><a href="#[56]">&gt;&gt;</a>&nbsp;&nbsp;&nbsp;fmc_page_erase
<LI><a href="#[57]">&gt;&gt;</a>&nbsp;&nbsp;&nbsp;fmc_lock
<LI><a href="#[55]">&gt;&gt;</a>&nbsp;&nbsp;&nbsp;fmc_unlock
</UL>
<BR>[Called By]<UL><LI><a href="#[52]">&gt;&gt;</a>&nbsp;&nbsp;&nbsp;ConfigureAppUpdateflag
<LI><a href="#[67]">&gt;&gt;</a>&nbsp;&nbsp;&nbsp;update_firmware
</UL>

<P><STRONG><a name="[2]"></a>HardFault_Handler</STRONG> (Thumb, 4 bytes, Stack size 0 bytes, gd32l23x_it.o(.text.HardFault_Handler))
<BR>[Address Reference Count : 1]<UL><LI> startup_gd32l235xx.o(RESET)
</UL>
<P><STRONG><a name="[1]"></a>NMI_Handler</STRONG> (Thumb, 2 bytes, Stack size 0 bytes, gd32l23x_it.o(.text.NMI_Handler))
<BR>[Address Reference Count : 1]<UL><LI> startup_gd32l235xx.o(RESET)
</UL>
<P><STRONG><a name="[4]"></a>PendSV_Handler</STRONG> (Thumb, 2 bytes, Stack size 0 bytes, gd32l23x_it.o(.text.PendSV_Handler))
<BR>[Address Reference Count : 1]<UL><LI> startup_gd32l235xx.o(RESET)
</UL>
<P><STRONG><a name="[69]"></a>ReadFlash</STRONG> (Thumb, 162 bytes, Stack size 20 bytes, gdflash.o(.text.ReadFlash))
<BR><BR>[Stack]<UL><LI>Max Depth = 20<LI>Call Chain = ReadFlash
</UL>
<BR>[Called By]<UL><LI><a href="#[67]">&gt;&gt;</a>&nbsp;&nbsp;&nbsp;update_firmware
</UL>

<P><STRONG><a name="[3]"></a>SVC_Handler</STRONG> (Thumb, 2 bytes, Stack size 0 bytes, gd32l23x_it.o(.text.SVC_Handler))
<BR>[Address Reference Count : 1]<UL><LI> startup_gd32l235xx.o(RESET)
</UL>
<P><STRONG><a name="[5]"></a>SysTick_Handler</STRONG> (Thumb, 12 bytes, Stack size 8 bytes, gd32l23x_it.o(.text.SysTick_Handler))
<BR><BR>[Stack]<UL><LI>Max Depth = 20<LI>Call Chain = SysTick_Handler &rArr; led_spark &rArr; gd_eval_led_off
</UL>
<BR>[Calls]<UL><LI><a href="#[5b]">&gt;&gt;</a>&nbsp;&nbsp;&nbsp;delay_decrement
<LI><a href="#[5a]">&gt;&gt;</a>&nbsp;&nbsp;&nbsp;led_spark
</UL>
<BR>[Address Reference Count : 1]<UL><LI> startup_gd32l235xx.o(RESET)
</UL>
<P><STRONG><a name="[4a]"></a>SystemInit</STRONG> (Thumb, 186 bytes, Stack size 24 bytes, system_gd32l23x.o(.text.SystemInit))
<BR><BR>[Stack]<UL><LI>Max Depth = 52<LI>Call Chain = SystemInit &rArr; system_clock_config &rArr; system_clock_64m_hxtal
</UL>
<BR>[Calls]<UL><LI><a href="#[5d]">&gt;&gt;</a>&nbsp;&nbsp;&nbsp;nvic_vector_table_set
<LI><a href="#[5c]">&gt;&gt;</a>&nbsp;&nbsp;&nbsp;system_clock_config
</UL>
<BR>[Address Reference Count : 1]<UL><LI> startup_gd32l235xx.o(.text)
</UL>
<P><STRONG><a name="[54]"></a>WriteFlash</STRONG> (Thumb, 112 bytes, Stack size 32 bytes, gdflash.o(.text.WriteFlash))
<BR><BR>[Stack]<UL><LI>Max Depth = 44<LI>Call Chain = WriteFlash &rArr; fmc_flag_clear
</UL>
<BR>[Calls]<UL><LI><a href="#[5e]">&gt;&gt;</a>&nbsp;&nbsp;&nbsp;fmc_flag_clear
<LI><a href="#[57]">&gt;&gt;</a>&nbsp;&nbsp;&nbsp;fmc_lock
<LI><a href="#[55]">&gt;&gt;</a>&nbsp;&nbsp;&nbsp;fmc_unlock
</UL>
<BR>[Called By]<UL><LI><a href="#[52]">&gt;&gt;</a>&nbsp;&nbsp;&nbsp;ConfigureAppUpdateflag
<LI><a href="#[67]">&gt;&gt;</a>&nbsp;&nbsp;&nbsp;update_firmware
</UL>

<P><STRONG><a name="[5b]"></a>delay_decrement</STRONG> (Thumb, 32 bytes, Stack size 0 bytes, systick.o(.text.delay_decrement))
<BR><BR>[Called By]<UL><LI><a href="#[5]">&gt;&gt;</a>&nbsp;&nbsp;&nbsp;SysTick_Handler
</UL>

<P><STRONG><a name="[5e]"></a>fmc_flag_clear</STRONG> (Thumb, 106 bytes, Stack size 12 bytes, gd32l23x_fmc.o(.text.fmc_flag_clear))
<BR><BR>[Stack]<UL><LI>Max Depth = 12<LI>Call Chain = fmc_flag_clear
</UL>
<BR>[Called By]<UL><LI><a href="#[54]">&gt;&gt;</a>&nbsp;&nbsp;&nbsp;WriteFlash
</UL>

<P><STRONG><a name="[57]"></a>fmc_lock</STRONG> (Thumb, 18 bytes, Stack size 0 bytes, gd32l23x_fmc.o(.text.fmc_lock))
<BR><BR>[Called By]<UL><LI><a href="#[53]">&gt;&gt;</a>&nbsp;&nbsp;&nbsp;EarseFlash_1K
<LI><a href="#[54]">&gt;&gt;</a>&nbsp;&nbsp;&nbsp;WriteFlash
</UL>

<P><STRONG><a name="[56]"></a>fmc_page_erase</STRONG> (Thumb, 98 bytes, Stack size 24 bytes, gd32l23x_fmc.o(.text.fmc_page_erase))
<BR><BR>[Stack]<UL><LI>Max Depth = 52<LI>Call Chain = fmc_page_erase &rArr; fmc_ready_wait &rArr; fmc_state_get
</UL>
<BR>[Calls]<UL><LI><a href="#[5f]">&gt;&gt;</a>&nbsp;&nbsp;&nbsp;fmc_ready_wait
</UL>
<BR>[Called By]<UL><LI><a href="#[53]">&gt;&gt;</a>&nbsp;&nbsp;&nbsp;EarseFlash_1K
</UL>

<P><STRONG><a name="[55]"></a>fmc_unlock</STRONG> (Thumb, 50 bytes, Stack size 0 bytes, gd32l23x_fmc.o(.text.fmc_unlock))
<BR><BR>[Called By]<UL><LI><a href="#[53]">&gt;&gt;</a>&nbsp;&nbsp;&nbsp;EarseFlash_1K
<LI><a href="#[54]">&gt;&gt;</a>&nbsp;&nbsp;&nbsp;WriteFlash
</UL>

<P><STRONG><a name="[64]"></a>gd_eval_led_off</STRONG> (Thumb, 38 bytes, Stack size 4 bytes, gd32l23x_eval.o(.text.gd_eval_led_off))
<BR><BR>[Stack]<UL><LI>Max Depth = 4<LI>Call Chain = gd_eval_led_off
</UL>
<BR>[Called By]<UL><LI><a href="#[5a]">&gt;&gt;</a>&nbsp;&nbsp;&nbsp;led_spark
</UL>

<P><STRONG><a name="[63]"></a>gd_eval_led_on</STRONG> (Thumb, 38 bytes, Stack size 4 bytes, gd32l23x_eval.o(.text.gd_eval_led_on))
<BR><BR>[Stack]<UL><LI>Max Depth = 4<LI>Call Chain = gd_eval_led_on
</UL>
<BR>[Called By]<UL><LI><a href="#[5a]">&gt;&gt;</a>&nbsp;&nbsp;&nbsp;led_spark
</UL>

<P><STRONG><a name="[61]"></a>iap_load_app</STRONG> (Thumb, 72 bytes, Stack size 16 bytes, iap.o(.text.iap_load_app))
<BR><BR>[Stack]<UL><LI>Max Depth = 32<LI>Call Chain = iap_load_app &rArr; rcu_deinit
</UL>
<BR>[Calls]<UL><LI><a href="#[62]">&gt;&gt;</a>&nbsp;&nbsp;&nbsp;rcu_deinit
</UL>
<BR>[Called By]<UL><LI><a href="#[66]">&gt;&gt;</a>&nbsp;&nbsp;&nbsp;ota_process
</UL>

<P><STRONG><a name="[5a]"></a>led_spark</STRONG> (Thumb, 84 bytes, Stack size 8 bytes, main.o(.text.led_spark))
<BR><BR>[Stack]<UL><LI>Max Depth = 12<LI>Call Chain = led_spark &rArr; gd_eval_led_off
</UL>
<BR>[Calls]<UL><LI><a href="#[64]">&gt;&gt;</a>&nbsp;&nbsp;&nbsp;gd_eval_led_off
<LI><a href="#[63]">&gt;&gt;</a>&nbsp;&nbsp;&nbsp;gd_eval_led_on
</UL>
<BR>[Called By]<UL><LI><a href="#[5]">&gt;&gt;</a>&nbsp;&nbsp;&nbsp;SysTick_Handler
</UL>

<P><STRONG><a name="[49]"></a>main</STRONG> (Thumb, 20 bytes, Stack size 16 bytes, main.o(.text.main))
<BR><BR>[Stack]<UL><LI>Max Depth = 148<LI>Call Chain = main &rArr; ota_process &rArr; update_firmware &rArr; EarseFlash_1K &rArr; fmc_page_erase &rArr; fmc_ready_wait &rArr; fmc_state_get
</UL>
<BR>[Calls]<UL><LI><a href="#[66]">&gt;&gt;</a>&nbsp;&nbsp;&nbsp;ota_process
<LI><a href="#[65]">&gt;&gt;</a>&nbsp;&nbsp;&nbsp;systick_config
</UL>
<BR>[Address Reference Count : 1]<UL><LI> entry9a.o(.ARM.Collect$$$$0000000B)
</UL>
<P><STRONG><a name="[5d]"></a>nvic_vector_table_set</STRONG> (Thumb, 40 bytes, Stack size 8 bytes, gd32l23x_misc.o(.text.nvic_vector_table_set))
<BR><BR>[Stack]<UL><LI>Max Depth = 8<LI>Call Chain = nvic_vector_table_set
</UL>
<BR>[Called By]<UL><LI><a href="#[4a]">&gt;&gt;</a>&nbsp;&nbsp;&nbsp;SystemInit
</UL>

<P><STRONG><a name="[66]"></a>ota_process</STRONG> (Thumb, 102 bytes, Stack size 24 bytes, iap.o(.text.ota_process))
<BR><BR>[Stack]<UL><LI>Max Depth = 132<LI>Call Chain = ota_process &rArr; update_firmware &rArr; EarseFlash_1K &rArr; fmc_page_erase &rArr; fmc_ready_wait &rArr; fmc_state_get
</UL>
<BR>[Calls]<UL><LI><a href="#[52]">&gt;&gt;</a>&nbsp;&nbsp;&nbsp;ConfigureAppUpdateflag
<LI><a href="#[61]">&gt;&gt;</a>&nbsp;&nbsp;&nbsp;iap_load_app
<LI><a href="#[67]">&gt;&gt;</a>&nbsp;&nbsp;&nbsp;update_firmware
</UL>
<BR>[Called By]<UL><LI><a href="#[49]">&gt;&gt;</a>&nbsp;&nbsp;&nbsp;main
</UL>

<P><STRONG><a name="[62]"></a>rcu_deinit</STRONG> (Thumb, 166 bytes, Stack size 16 bytes, gd32l23x_rcu.o(.text.rcu_deinit))
<BR><BR>[Stack]<UL><LI>Max Depth = 16<LI>Call Chain = rcu_deinit
</UL>
<BR>[Called By]<UL><LI><a href="#[61]">&gt;&gt;</a>&nbsp;&nbsp;&nbsp;iap_load_app
</UL>

<P><STRONG><a name="[65]"></a>systick_config</STRONG> (Thumb, 42 bytes, Stack size 8 bytes, systick.o(.text.systick_config))
<BR><BR>[Stack]<UL><LI>Max Depth = 56<LI>Call Chain = systick_config &rArr; SysTick_Config &rArr; __NVIC_SetPriority
</UL>
<BR>[Calls]<UL><LI><a href="#[59]">&gt;&gt;</a>&nbsp;&nbsp;&nbsp;__NVIC_SetPriority
<LI><a href="#[58]">&gt;&gt;</a>&nbsp;&nbsp;&nbsp;SysTick_Config
</UL>
<BR>[Called By]<UL><LI><a href="#[49]">&gt;&gt;</a>&nbsp;&nbsp;&nbsp;main
</UL>

<P><STRONG><a name="[67]"></a>update_firmware</STRONG> (Thumb, 128 bytes, Stack size 40 bytes, gdflash.o(.text.update_firmware))
<BR><BR>[Stack]<UL><LI>Max Depth = 108<LI>Call Chain = update_firmware &rArr; EarseFlash_1K &rArr; fmc_page_erase &rArr; fmc_ready_wait &rArr; fmc_state_get
</UL>
<BR>[Calls]<UL><LI><a href="#[4f]">&gt;&gt;</a>&nbsp;&nbsp;&nbsp;__aeabi_memset
<LI><a href="#[53]">&gt;&gt;</a>&nbsp;&nbsp;&nbsp;EarseFlash_1K
<LI><a href="#[69]">&gt;&gt;</a>&nbsp;&nbsp;&nbsp;ReadFlash
<LI><a href="#[54]">&gt;&gt;</a>&nbsp;&nbsp;&nbsp;WriteFlash
</UL>
<BR>[Called By]<UL><LI><a href="#[66]">&gt;&gt;</a>&nbsp;&nbsp;&nbsp;ota_process
</UL>

<P><STRONG><a name="[75]"></a>__scatterload_copy</STRONG> (Thumb, 14 bytes, Stack size unknown bytes, handlers.o(i.__scatterload_copy), UNUSED)

<P><STRONG><a name="[76]"></a>__scatterload_null</STRONG> (Thumb, 2 bytes, Stack size unknown bytes, handlers.o(i.__scatterload_null), UNUSED)

<P><STRONG><a name="[77]"></a>__scatterload_zeroinit</STRONG> (Thumb, 14 bytes, Stack size unknown bytes, handlers.o(i.__scatterload_zeroinit), UNUSED)
<P>
<H3>
Local Symbols
</H3>
<P><STRONG><a name="[58]"></a>SysTick_Config</STRONG> (Thumb, 82 bytes, Stack size 24 bytes, systick.o(.text.SysTick_Config))
<BR><BR>[Stack]<UL><LI>Max Depth = 48<LI>Call Chain = SysTick_Config &rArr; __NVIC_SetPriority
</UL>
<BR>[Calls]<UL><LI><a href="#[59]">&gt;&gt;</a>&nbsp;&nbsp;&nbsp;__NVIC_SetPriority
</UL>
<BR>[Called By]<UL><LI><a href="#[65]">&gt;&gt;</a>&nbsp;&nbsp;&nbsp;systick_config
</UL>

<P><STRONG><a name="[59]"></a>__NVIC_SetPriority</STRONG> (Thumb, 136 bytes, Stack size 24 bytes, systick.o(.text.__NVIC_SetPriority))
<BR><BR>[Stack]<UL><LI>Max Depth = 24<LI>Call Chain = __NVIC_SetPriority
</UL>
<BR>[Called By]<UL><LI><a href="#[58]">&gt;&gt;</a>&nbsp;&nbsp;&nbsp;SysTick_Config
<LI><a href="#[65]">&gt;&gt;</a>&nbsp;&nbsp;&nbsp;systick_config
</UL>

<P><STRONG><a name="[5c]"></a>system_clock_config</STRONG> (Thumb, 8 bytes, Stack size 8 bytes, system_gd32l23x.o(.text.system_clock_config))
<BR><BR>[Stack]<UL><LI>Max Depth = 28<LI>Call Chain = system_clock_config &rArr; system_clock_64m_hxtal
</UL>
<BR>[Calls]<UL><LI><a href="#[68]">&gt;&gt;</a>&nbsp;&nbsp;&nbsp;system_clock_64m_hxtal
</UL>
<BR>[Called By]<UL><LI><a href="#[4a]">&gt;&gt;</a>&nbsp;&nbsp;&nbsp;SystemInit
</UL>

<P><STRONG><a name="[68]"></a>system_clock_64m_hxtal</STRONG> (Thumb, 314 bytes, Stack size 20 bytes, system_gd32l23x.o(.text.system_clock_64m_hxtal))
<BR><BR>[Stack]<UL><LI>Max Depth = 20<LI>Call Chain = system_clock_64m_hxtal
</UL>
<BR>[Called By]<UL><LI><a href="#[5c]">&gt;&gt;</a>&nbsp;&nbsp;&nbsp;system_clock_config
</UL>

<P><STRONG><a name="[5f]"></a>fmc_ready_wait</STRONG> (Thumb, 90 bytes, Stack size 24 bytes, gd32l23x_fmc.o(.text.fmc_ready_wait))
<BR><BR>[Stack]<UL><LI>Max Depth = 28<LI>Call Chain = fmc_ready_wait &rArr; fmc_state_get
</UL>
<BR>[Calls]<UL><LI><a href="#[60]">&gt;&gt;</a>&nbsp;&nbsp;&nbsp;fmc_state_get
</UL>
<BR>[Called By]<UL><LI><a href="#[56]">&gt;&gt;</a>&nbsp;&nbsp;&nbsp;fmc_page_erase
</UL>

<P><STRONG><a name="[60]"></a>fmc_state_get</STRONG> (Thumb, 152 bytes, Stack size 4 bytes, gd32l23x_fmc.o(.text.fmc_state_get))
<BR><BR>[Stack]<UL><LI>Max Depth = 4<LI>Call Chain = fmc_state_get
</UL>
<BR>[Called By]<UL><LI><a href="#[5f]">&gt;&gt;</a>&nbsp;&nbsp;&nbsp;fmc_ready_wait
</UL>
<P>
<H3>
Undefined Global Symbols
</H3><HR></body></html>
