Component: Arm Compiler for Embedded 6.18 Tool: armlink [5e4cc100]

==============================================================================

Section Cross References

    main.o(.text.led_spark) refers to main.o(.bss.led_spark.timingdelaylocal) for led_spark.timingdelaylocal
    main.o(.text.led_spark) refers to gd32l23x_eval.o(.text.gd_eval_led_on) for gd_eval_led_on
    main.o(.text.led_spark) refers to gd32l23x_eval.o(.text.gd_eval_led_off) for gd_eval_led_off
    main.o(.ARM.exidx.text.led_spark) refers to main.o(.text.led_spark) for [Anonymous Symbol]
    main.o(.text.main) refers to systick.o(.text.systick_config) for systick_config
    main.o(.text.main) refers to iap.o(.text.ota_process) for ota_process
    main.o(.ARM.exidx.text.main) refers to main.o(.text.main) for [Anonymous Symbol]
    systick.o(.text.systick_config) refers to system_gd32l23x.o(.data.SystemCoreClock) for SystemCoreClock
    systick.o(.text.systick_config) refers to systick.o(.text.SysTick_Config) for SysTick_Config
    systick.o(.text.systick_config) refers to systick.o(.text.__NVIC_SetPriority) for __NVIC_SetPriority
    systick.o(.ARM.exidx.text.systick_config) refers to systick.o(.text.systick_config) for [Anonymous Symbol]
    systick.o(.text.SysTick_Config) refers to systick.o(.text.__NVIC_SetPriority) for __NVIC_SetPriority
    systick.o(.ARM.exidx.text.SysTick_Config) refers to systick.o(.text.SysTick_Config) for [Anonymous Symbol]
    systick.o(.ARM.exidx.text.__NVIC_SetPriority) refers to systick.o(.text.__NVIC_SetPriority) for [Anonymous Symbol]
    systick.o(.text.delay_1ms) refers to systick.o(.bss.delay) for delay
    systick.o(.ARM.exidx.text.delay_1ms) refers to systick.o(.text.delay_1ms) for [Anonymous Symbol]
    systick.o(.text.delay_decrement) refers to systick.o(.bss.delay) for delay
    systick.o(.ARM.exidx.text.delay_decrement) refers to systick.o(.text.delay_decrement) for [Anonymous Symbol]
    gd32l23x_it.o(.ARM.exidx.text.NMI_Handler) refers to gd32l23x_it.o(.text.NMI_Handler) for [Anonymous Symbol]
    gd32l23x_it.o(.ARM.exidx.text.HardFault_Handler) refers to gd32l23x_it.o(.text.HardFault_Handler) for [Anonymous Symbol]
    gd32l23x_it.o(.ARM.exidx.text.SVC_Handler) refers to gd32l23x_it.o(.text.SVC_Handler) for [Anonymous Symbol]
    gd32l23x_it.o(.ARM.exidx.text.PendSV_Handler) refers to gd32l23x_it.o(.text.PendSV_Handler) for [Anonymous Symbol]
    gd32l23x_it.o(.text.SysTick_Handler) refers to main.o(.text.led_spark) for led_spark
    gd32l23x_it.o(.text.SysTick_Handler) refers to systick.o(.text.delay_decrement) for delay_decrement
    gd32l23x_it.o(.ARM.exidx.text.SysTick_Handler) refers to gd32l23x_it.o(.text.SysTick_Handler) for [Anonymous Symbol]
    system_gd32l23x.o(.text.SystemInit) refers to system_gd32l23x.o(.text.system_clock_config) for system_clock_config
    system_gd32l23x.o(.text.SystemInit) refers to gd32l23x_misc.o(.text.nvic_vector_table_set) for nvic_vector_table_set
    system_gd32l23x.o(.ARM.exidx.text.SystemInit) refers to system_gd32l23x.o(.text.SystemInit) for [Anonymous Symbol]
    system_gd32l23x.o(.text.system_clock_config) refers to system_gd32l23x.o(.text.system_clock_64m_hxtal) for system_clock_64m_hxtal
    system_gd32l23x.o(.ARM.exidx.text.system_clock_config) refers to system_gd32l23x.o(.text.system_clock_config) for [Anonymous Symbol]
    system_gd32l23x.o(.text.SystemCoreClockUpdate) refers to system_gd32l23x.o(.data.SystemCoreClock) for SystemCoreClock
    system_gd32l23x.o(.ARM.exidx.text.SystemCoreClockUpdate) refers to system_gd32l23x.o(.text.SystemCoreClockUpdate) for [Anonymous Symbol]
    system_gd32l23x.o(.ARM.exidx.text.system_clock_64m_hxtal) refers to system_gd32l23x.o(.text.system_clock_64m_hxtal) for [Anonymous Symbol]
    gd32l23x_dac.o(.text.dac_deinit) refers to gd32l23x_rcu.o(.text.rcu_periph_reset_enable) for rcu_periph_reset_enable
    gd32l23x_dac.o(.text.dac_deinit) refers to gd32l23x_rcu.o(.text.rcu_periph_reset_disable) for rcu_periph_reset_disable
    gd32l23x_dac.o(.ARM.exidx.text.dac_deinit) refers to gd32l23x_dac.o(.text.dac_deinit) for [Anonymous Symbol]
    gd32l23x_dac.o(.ARM.exidx.text.dac_enable) refers to gd32l23x_dac.o(.text.dac_enable) for [Anonymous Symbol]
    gd32l23x_dac.o(.ARM.exidx.text.dac_disable) refers to gd32l23x_dac.o(.text.dac_disable) for [Anonymous Symbol]
    gd32l23x_dac.o(.ARM.exidx.text.dac_dma_enable) refers to gd32l23x_dac.o(.text.dac_dma_enable) for [Anonymous Symbol]
    gd32l23x_dac.o(.ARM.exidx.text.dac_dma_disable) refers to gd32l23x_dac.o(.text.dac_dma_disable) for [Anonymous Symbol]
    gd32l23x_dac.o(.ARM.exidx.text.dac_gpio_connect_config) refers to gd32l23x_dac.o(.text.dac_gpio_connect_config) for [Anonymous Symbol]
    gd32l23x_dac.o(.ARM.exidx.text.dac_output_buffer_enable) refers to gd32l23x_dac.o(.text.dac_output_buffer_enable) for [Anonymous Symbol]
[...]
    Removing gd32l23x_i2c.o(.text.i2c_stretch_scl_low_enable), (24 bytes).
    Removing gd32l23x_i2c.o(.ARM.exidx.text.i2c_stretch_scl_low_enable), (8 bytes).
    Removing gd32l23x_i2c.o(.text.i2c_stretch_scl_low_disable), (20 bytes).
    Removing gd32l23x_i2c.o(.ARM.exidx.text.i2c_stretch_scl_low_disable), (8 bytes).
    Removing gd32l23x_i2c.o(.text.i2c_address_config), (44 bytes).
    Removing gd32l23x_i2c.o(.ARM.exidx.text.i2c_address_config), (8 bytes).
    Removing gd32l23x_i2c.o(.text.i2c_address_bit_compare_config), (38 bytes).
    Removing gd32l23x_i2c.o(.ARM.exidx.text.i2c_address_bit_compare_config), (8 bytes).
    Removing gd32l23x_i2c.o(.text.i2c_address_disable), (24 bytes).
    Removing gd32l23x_i2c.o(.ARM.exidx.text.i2c_address_disable), (8 bytes).
    Removing gd32l23x_i2c.o(.text.i2c_second_address_config), (70 bytes).
    Removing gd32l23x_i2c.o(.ARM.exidx.text.i2c_second_address_config), (8 bytes).
    Removing gd32l23x_i2c.o(.text.i2c_second_address_disable), (24 bytes).
    Removing gd32l23x_i2c.o(.ARM.exidx.text.i2c_second_address_disable), (8 bytes).
    Removing gd32l23x_i2c.o(.text.i2c_recevied_address_get), (20 bytes).
    Removing gd32l23x_i2c.o(.ARM.exidx.text.i2c_recevied_address_get), (8 bytes).
    Removing gd32l23x_i2c.o(.text.i2c_slave_byte_control_enable), (20 bytes).
    Removing gd32l23x_i2c.o(.ARM.exidx.text.i2c_slave_byte_control_enable), (8 bytes).
    Removing gd32l23x_i2c.o(.text.i2c_slave_byte_control_disable), (24 bytes).
    Removing gd32l23x_i2c.o(.ARM.exidx.text.i2c_slave_byte_control_disable), (8 bytes).
    Removing gd32l23x_i2c.o(.text.i2c_nack_enable), (20 bytes).
    Removing gd32l23x_i2c.o(.ARM.exidx.text.i2c_nack_enable), (8 bytes).
    Removing gd32l23x_i2c.o(.text.i2c_nack_disable), (24 bytes).
    Removing gd32l23x_i2c.o(.ARM.exidx.text.i2c_nack_disable), (8 bytes).
    Removing gd32l23x_i2c.o(.text.i2c_wakeup_from_deepsleep_enable), (20 bytes).
    Removing gd32l23x_i2c.o(.ARM.exidx.text.i2c_wakeup_from_deepsleep_enable), (8 bytes).
    Removing gd32l23x_i2c.o(.text.i2c_wakeup_from_deepsleep_disable), (24 bytes).
    Removing gd32l23x_i2c.o(.ARM.exidx.text.i2c_wakeup_from_deepsleep_disable), (8 bytes).
    Removing gd32l23x_i2c.o(.text.i2c_enable), (18 bytes).
    Removing gd32l23x_i2c.o(.ARM.exidx.text.i2c_enable), (8 bytes).
    Removing gd32l23x_i2c.o(.text.i2c_disable), (18 bytes).
    Removing gd32l23x_i2c.o(.ARM.exidx.text.i2c_disable), (8 bytes).
    Removing gd32l23x_i2c.o(.text.i2c_start_on_bus), (20 bytes).
    Removing gd32l23x_i2c.o(.ARM.exidx.text.i2c_start_on_bus), (8 bytes).
    Removing gd32l23x_i2c.o(.text.i2c_stop_on_bus), (20 bytes).
    Removing gd32l23x_i2c.o(.ARM.exidx.text.i2c_stop_on_bus), (8 bytes).
    Removing gd32l23x_i2c.o(.text.i2c_data_transmit), (18 bytes).
    Removing gd32l23x_i2c.o(.ARM.exidx.text.i2c_data_transmit), (8 bytes).
    Removing gd32l23x_i2c.o(.text.i2c_data_receive), (14 bytes).
    Removing gd32l23x_i2c.o(.ARM.exidx.text.i2c_data_receive), (8 bytes).
    Removing gd32l23x_i2c.o(.text.i2c_reload_enable), (20 bytes).
    Removing gd32l23x_i2c.o(.ARM.exidx.text.i2c_reload_enable), (8 bytes).
    Removing gd32l23x_i2c.o(.text.i2c_reload_disable), (24 bytes).
    Removing gd32l23x_i2c.o(.ARM.exidx.text.i2c_reload_disable), (8 bytes).
    Removing gd32l23x_i2c.o(.text.i2c_transfer_byte_number_config), (38 bytes).
    Removing gd32l23x_i2c.o(.ARM.exidx.text.i2c_transfer_byte_number_config), (8 bytes).
    Removing gd32l23x_i2c.o(.text.i2c_dma_enable), (46 bytes).
    Removing gd32l23x_i2c.o(.ARM.exidx.text.i2c_dma_enable), (8 bytes).
    Removing gd32l23x_i2c.o(.text.i2c_dma_disable), (54 bytes).
    Removing gd32l23x_i2c.o(.ARM.exidx.text.i2c_dma_disable), (8 bytes).
    Removing gd32l23x_i2c.o(.text.i2c_pec_transfer), (20 bytes).
    Removing gd32l23x_i2c.o(.ARM.exidx.text.i2c_pec_transfer), (8 bytes).
    Removing gd32l23x_i2c.o(.text.i2c_pec_enable), (20 bytes).
    Removing gd32l23x_i2c.o(.ARM.exidx.text.i2c_pec_enable), (8 bytes).
    Removing gd32l23x_i2c.o(.text.i2c_pec_disable), (24 bytes).
    Removing gd32l23x_i2c.o(.ARM.exidx.text.i2c_pec_disable), (8 bytes).
    Removing gd32l23x_i2c.o(.text.i2c_pec_value_get), (14 bytes).
    Removing gd32l23x_i2c.o(.ARM.exidx.text.i2c_pec_value_get), (8 bytes).
    Removing gd32l23x_i2c.o(.text.i2c_smbus_alert_enable), (20 bytes).
    Removing gd32l23x_i2c.o(.ARM.exidx.text.i2c_smbus_alert_enable), (8 bytes).
    Removing gd32l23x_i2c.o(.text.i2c_smbus_alert_disable), (24 bytes).
    Removing gd32l23x_i2c.o(.ARM.exidx.text.i2c_smbus_alert_disable), (8 bytes).
    Removing gd32l23x_i2c.o(.text.i2c_smbus_default_addr_enable), (20 bytes).
    Removing gd32l23x_i2c.o(.ARM.exidx.text.i2c_smbus_default_addr_enable), (8 bytes).
    Removing gd32l23x_i2c.o(.text.i2c_smbus_default_addr_disable), (24 bytes).
    Removing gd32l23x_i2c.o(.ARM.exidx.text.i2c_smbus_default_addr_disable), (8 bytes).
    Removing gd32l23x_i2c.o(.text.i2c_smbus_host_addr_enable), (20 bytes).
    Removing gd32l23x_i2c.o(.ARM.exidx.text.i2c_smbus_host_addr_enable), (8 bytes).
    Removing gd32l23x_i2c.o(.text.i2c_smbus_host_addr_disable), (24 bytes).
    Removing gd32l23x_i2c.o(.ARM.exidx.text.i2c_smbus_host_addr_disable), (8 bytes).
    Removing gd32l23x_i2c.o(.text.i2c_extented_clock_timeout_enable), (20 bytes).
    Removing gd32l23x_i2c.o(.ARM.exidx.text.i2c_extented_clock_timeout_enable), (8 bytes).
    Removing gd32l23x_i2c.o(.text.i2c_extented_clock_timeout_disable), (24 bytes).
    Removing gd32l23x_i2c.o(.ARM.exidx.text.i2c_extented_clock_timeout_disable), (8 bytes).
    Removing gd32l23x_i2c.o(.text.i2c_clock_timeout_enable), (20 bytes).
    Removing gd32l23x_i2c.o(.ARM.exidx.text.i2c_clock_timeout_enable), (8 bytes).
    Removing gd32l23x_i2c.o(.text.i2c_clock_timeout_disable), (24 bytes).
    Removing gd32l23x_i2c.o(.ARM.exidx.text.i2c_clock_timeout_disable), (8 bytes).
    Removing gd32l23x_i2c.o(.text.i2c_bus_timeout_b_config), (40 bytes).
    Removing gd32l23x_i2c.o(.ARM.exidx.text.i2c_bus_timeout_b_config), (8 bytes).
    Removing gd32l23x_i2c.o(.text.i2c_bus_timeout_a_config), (42 bytes).
    Removing gd32l23x_i2c.o(.ARM.exidx.text.i2c_bus_timeout_a_config), (8 bytes).
    Removing gd32l23x_i2c.o(.text.i2c_idle_clock_timeout_config), (36 bytes).
    Removing gd32l23x_i2c.o(.ARM.exidx.text.i2c_idle_clock_timeout_config), (8 bytes).
    Removing gd32l23x_i2c.o(.text.i2c_flag_get), (42 bytes).
    Removing gd32l23x_i2c.o(.ARM.exidx.text.i2c_flag_get), (8 bytes).
    Removing gd32l23x_i2c.o(.text.i2c_flag_clear), (20 bytes).
    Removing gd32l23x_i2c.o(.ARM.exidx.text.i2c_flag_clear), (8 bytes).
    Removing gd32l23x_i2c.o(.text.i2c_interrupt_enable), (20 bytes).
    Removing gd32l23x_i2c.o(.ARM.exidx.text.i2c_interrupt_enable), (8 bytes).
    Removing gd32l23x_i2c.o(.text.i2c_interrupt_disable), (20 bytes).
    Removing gd32l23x_i2c.o(.ARM.exidx.text.i2c_interrupt_disable), (8 bytes).
    Removing gd32l23x_i2c.o(.text.i2c_interrupt_flag_get), (98 bytes).
    Removing gd32l23x_i2c.o(.ARM.exidx.text.i2c_interrupt_flag_get), (8 bytes).
    Removing gd32l23x_i2c.o(.text.i2c_interrupt_flag_clear), (32 bytes).
    Removing gd32l23x_i2c.o(.ARM.exidx.text.i2c_interrupt_flag_clear), (8 bytes).
    Removing gd32l23x_lpuart.o(.text), (0 bytes).
    Removing gd32l23x_lpuart.o(.text.lpuart_deinit), (82 bytes).
    Removing gd32l23x_lpuart.o(.ARM.exidx.text.lpuart_deinit), (8 bytes).
    Removing gd32l23x_lpuart.o(.text.lpuart_baudrate_set), (108 bytes).
    Removing gd32l23x_lpuart.o(.ARM.exidx.text.lpuart_baudrate_set), (8 bytes).
    Removing gd32l23x_lpuart.o(.text.lpuart_parity_config), (46 bytes).
    Removing gd32l23x_lpuart.o(.ARM.exidx.text.lpuart_parity_config), (8 bytes).
    Removing gd32l23x_lpuart.o(.text.lpuart_word_length_set), (46 bytes).
    Removing gd32l23x_lpuart.o(.ARM.exidx.text.lpuart_word_length_set), (8 bytes).
    Removing gd32l23x_lpuart.o(.text.lpuart_stop_bit_set), (46 bytes).
    Removing gd32l23x_lpuart.o(.ARM.exidx.text.lpuart_stop_bit_set), (8 bytes).
    Removing gd32l23x_lpuart.o(.text.lpuart_enable), (18 bytes).
    Removing gd32l23x_lpuart.o(.ARM.exidx.text.lpuart_enable), (8 bytes).
    Removing gd32l23x_lpuart.o(.text.lpuart_disable), (18 bytes).
    Removing gd32l23x_lpuart.o(.ARM.exidx.text.lpuart_disable), (8 bytes).
    Removing gd32l23x_lpuart.o(.text.lpuart_transmit_config), (30 bytes).
    Removing gd32l23x_lpuart.o(.ARM.exidx.text.lpuart_transmit_config), (8 bytes).
    Removing gd32l23x_lpuart.o(.text.lpuart_receive_config), (30 bytes).
    Removing gd32l23x_lpuart.o(.ARM.exidx.text.lpuart_receive_config), (8 bytes).
    Removing gd32l23x_lpuart.o(.text.lpuart_data_first_config), (50 bytes).
    Removing gd32l23x_lpuart.o(.ARM.exidx.text.lpuart_data_first_config), (8 bytes).
    Removing gd32l23x_lpuart.o(.text.lpuart_invert_config), (202 bytes).
    Removing gd32l23x_lpuart.o(.ARM.exidx.text.lpuart_invert_config), (8 bytes).
    Removing gd32l23x_lpuart.o(.text.lpuart_overrun_enable), (34 bytes).
    Removing gd32l23x_lpuart.o(.ARM.exidx.text.lpuart_overrun_enable), (8 bytes).
    Removing gd32l23x_lpuart.o(.text.lpuart_overrun_disable), (30 bytes).
    Removing gd32l23x_lpuart.o(.ARM.exidx.text.lpuart_overrun_disable), (8 bytes).
    Removing gd32l23x_lpuart.o(.text.lpuart_data_transmit), (22 bytes).
    Removing gd32l23x_lpuart.o(.ARM.exidx.text.lpuart_data_transmit), (8 bytes).
    Removing gd32l23x_lpuart.o(.text.lpuart_data_receive), (18 bytes).
    Removing gd32l23x_lpuart.o(.ARM.exidx.text.lpuart_data_receive), (8 bytes).
    Removing gd32l23x_lpuart.o(.text.lpuart_command_enable), (20 bytes).
    Removing gd32l23x_lpuart.o(.ARM.exidx.text.lpuart_command_enable), (8 bytes).
    Removing gd32l23x_lpuart.o(.text.lpuart_address_config), (50 bytes).
    Removing gd32l23x_lpuart.o(.ARM.exidx.text.lpuart_address_config), (8 bytes).
    Removing gd32l23x_lpuart.o(.text.lpuart_address_detection_mode_config), (42 bytes).
    Removing gd32l23x_lpuart.o(.ARM.exidx.text.lpuart_address_detection_mode_config), (8 bytes).
    Removing gd32l23x_lpuart.o(.text.lpuart_mute_mode_enable), (20 bytes).
    Removing gd32l23x_lpuart.o(.ARM.exidx.text.lpuart_mute_mode_enable), (8 bytes).
    Removing gd32l23x_lpuart.o(.text.lpuart_mute_mode_disable), (24 bytes).
    Removing gd32l23x_lpuart.o(.ARM.exidx.text.lpuart_mute_mode_disable), (8 bytes).
    Removing gd32l23x_lpuart.o(.text.lpuart_mute_mode_wakeup_config), (46 bytes).
    Removing gd32l23x_lpuart.o(.ARM.exidx.text.lpuart_mute_mode_wakeup_config), (8 bytes).
    Removing gd32l23x_lpuart.o(.text.lpuart_halfduplex_enable), (28 bytes).
    Removing gd32l23x_lpuart.o(.ARM.exidx.text.lpuart_halfduplex_enable), (8 bytes).
    Removing gd32l23x_lpuart.o(.text.lpuart_halfduplex_disable), (28 bytes).
    Removing gd32l23x_lpuart.o(.ARM.exidx.text.lpuart_halfduplex_disable), (8 bytes).
    Removing gd32l23x_lpuart.o(.text.lpuart_hardware_flow_rts_config), (46 bytes).
    Removing gd32l23x_lpuart.o(.ARM.exidx.text.lpuart_hardware_flow_rts_config), (8 bytes).
    Removing gd32l23x_lpuart.o(.text.lpuart_hardware_flow_cts_config), (46 bytes).
    Removing gd32l23x_lpuart.o(.ARM.exidx.text.lpuart_hardware_flow_cts_config), (8 bytes).
    Removing gd32l23x_lpuart.o(.text.lpuart_hardware_flow_coherence_config), (34 bytes).
    Removing gd32l23x_lpuart.o(.ARM.exidx.text.lpuart_hardware_flow_coherence_config), (8 bytes).
    Removing gd32l23x_lpuart.o(.text.lpuart_rs485_driver_enable), (30 bytes).
    Removing gd32l23x_lpuart.o(.ARM.exidx.text.lpuart_rs485_driver_enable), (8 bytes).
    Removing gd32l23x_lpuart.o(.text.lpuart_rs485_driver_disable), (34 bytes).
    Removing gd32l23x_lpuart.o(.ARM.exidx.text.lpuart_rs485_driver_disable), (8 bytes).
    Removing gd32l23x_lpuart.o(.text.lpuart_driver_assertime_config), (50 bytes).
    Removing gd32l23x_lpuart.o(.ARM.exidx.text.lpuart_driver_assertime_config), (8 bytes).
    Removing gd32l23x_lpuart.o(.text.lpuart_driver_deassertime_config), (50 bytes).
    Removing gd32l23x_lpuart.o(.ARM.exidx.text.lpuart_driver_deassertime_config), (8 bytes).
    Removing gd32l23x_lpuart.o(.text.lpuart_depolarity_config), (52 bytes).
    Removing gd32l23x_lpuart.o(.ARM.exidx.text.lpuart_depolarity_config), (8 bytes).
    Removing gd32l23x_lpuart.o(.text.lpuart_dma_receive_config), (30 bytes).
    Removing gd32l23x_lpuart.o(.ARM.exidx.text.lpuart_dma_receive_config), (8 bytes).
    Removing gd32l23x_lpuart.o(.text.lpuart_dma_transmit_config), (30 bytes).
    Removing gd32l23x_lpuart.o(.ARM.exidx.text.lpuart_dma_transmit_config), (8 bytes).
    Removing gd32l23x_lpuart.o(.text.lpuart_reception_error_dma_disable), (30 bytes).
    Removing gd32l23x_lpuart.o(.ARM.exidx.text.lpuart_reception_error_dma_disable), (8 bytes).
    Removing gd32l23x_lpuart.o(.text.lpuart_reception_error_dma_enable), (34 bytes).
    Removing gd32l23x_lpuart.o(.ARM.exidx.text.lpuart_reception_error_dma_enable), (8 bytes).
    Removing gd32l23x_lpuart.o(.text.lpuart_wakeup_enable), (18 bytes).
    Removing gd32l23x_lpuart.o(.ARM.exidx.text.lpuart_wakeup_enable), (8 bytes).
    Removing gd32l23x_lpuart.o(.text.lpuart_wakeup_disable), (18 bytes).
    Removing gd32l23x_lpuart.o(.ARM.exidx.text.lpuart_wakeup_disable), (8 bytes).
    Removing gd32l23x_lpuart.o(.text.lpuart_wakeup_mode_config), (52 bytes).
    Removing gd32l23x_lpuart.o(.ARM.exidx.text.lpuart_wakeup_mode_config), (8 bytes).
    Removing gd32l23x_lpuart.o(.text.lpuart_flag_get), (60 bytes).
    Removing gd32l23x_lpuart.o(.ARM.exidx.text.lpuart_flag_get), (8 bytes).
    Removing gd32l23x_lpuart.o(.text.lpuart_flag_clear), (30 bytes).
    Removing gd32l23x_lpuart.o(.ARM.exidx.text.lpuart_flag_clear), (8 bytes).
    Removing gd32l23x_lpuart.o(.text.lpuart_interrupt_enable), (34 bytes).
    Removing gd32l23x_lpuart.o(.ARM.exidx.text.lpuart_interrupt_enable), (8 bytes).
    Removing gd32l23x_lpuart.o(.text.lpuart_interrupt_disable), (34 bytes).
    Removing gd32l23x_lpuart.o(.ARM.exidx.text.lpuart_interrupt_disable), (8 bytes).
    Removing gd32l23x_lpuart.o(.text.lpuart_interrupt_flag_get), (98 bytes).
    Removing gd32l23x_lpuart.o(.ARM.exidx.text.lpuart_interrupt_flag_get), (8 bytes).
    Removing gd32l23x_lpuart.o(.text.lpuart_interrupt_flag_clear), (32 bytes).
    Removing gd32l23x_lpuart.o(.ARM.exidx.text.lpuart_interrupt_flag_clear), (8 bytes).
    Removing gd32l23x_pmu.o(.text), (0 bytes).
    Removing gd32l23x_pmu.o(.text.pmu_deinit), (24 bytes).
    Removing gd32l23x_pmu.o(.ARM.exidx.text.pmu_deinit), (8 bytes).
    Removing gd32l23x_pmu.o(.text.pmu_lvd_select), (46 bytes).
    Removing gd32l23x_pmu.o(.ARM.exidx.text.pmu_lvd_select), (8 bytes).
    Removing gd32l23x_pmu.o(.text.pmu_lvd_disable), (18 bytes).
    Removing gd32l23x_pmu.o(.ARM.exidx.text.pmu_lvd_disable), (8 bytes).
    Removing gd32l23x_pmu.o(.text.pmu_ldo_output_select), (38 bytes).
    Removing gd32l23x_pmu.o(.ARM.exidx.text.pmu_ldo_output_select), (8 bytes).
    Removing gd32l23x_pmu.o(.text.pmu_vc_enable), (20 bytes).
    Removing gd32l23x_pmu.o(.ARM.exidx.text.pmu_vc_enable), (8 bytes).
    Removing gd32l23x_pmu.o(.text.pmu_vc_disable), (24 bytes).
    Removing gd32l23x_pmu.o(.ARM.exidx.text.pmu_vc_disable), (8 bytes).
    Removing gd32l23x_pmu.o(.text.pmu_vcr_select), (38 bytes).
    Removing gd32l23x_pmu.o(.ARM.exidx.text.pmu_vcr_select), (8 bytes).
    Removing gd32l23x_pmu.o(.text.pmu_low_power_enable), (20 bytes).
    Removing gd32l23x_pmu.o(.ARM.exidx.text.pmu_low_power_enable), (8 bytes).
    Removing gd32l23x_pmu.o(.text.pmu_low_power_disable), (24 bytes).
    Removing gd32l23x_pmu.o(.ARM.exidx.text.pmu_low_power_disable), (8 bytes).
    Removing gd32l23x_pmu.o(.text.pmu_to_sleepmode), (100 bytes).
    Removing gd32l23x_pmu.o(.ARM.exidx.text.pmu_to_sleepmode), (8 bytes).
    Removing gd32l23x_pmu.o(.text.pmu_to_deepsleepmode), (164 bytes).
    Removing gd32l23x_pmu.o(.ARM.exidx.text.pmu_to_deepsleepmode), (8 bytes).
    Removing gd32l23x_pmu.o(.text.pmu_to_standbymode), (110 bytes).
    Removing gd32l23x_pmu.o(.ARM.exidx.text.pmu_to_standbymode), (8 bytes).
    Removing gd32l23x_pmu.o(.text.pmu_wakeup_pin_enable), (24 bytes).
    Removing gd32l23x_pmu.o(.ARM.exidx.text.pmu_wakeup_pin_enable), (8 bytes).
    Removing gd32l23x_pmu.o(.text.pmu_wakeup_pin_disable), (24 bytes).
    Removing gd32l23x_pmu.o(.ARM.exidx.text.pmu_wakeup_pin_disable), (8 bytes).
    Removing gd32l23x_pmu.o(.text.pmu_backup_write_enable), (20 bytes).
    Removing gd32l23x_pmu.o(.ARM.exidx.text.pmu_backup_write_enable), (8 bytes).
    Removing gd32l23x_pmu.o(.text.pmu_backup_write_disable), (24 bytes).
    Removing gd32l23x_pmu.o(.ARM.exidx.text.pmu_backup_write_disable), (8 bytes).
    Removing gd32l23x_pmu.o(.text.pmu_sram_power_config), (24 bytes).
    Removing gd32l23x_pmu.o(.ARM.exidx.text.pmu_sram_power_config), (8 bytes).
    Removing gd32l23x_pmu.o(.text.pmu_eflash_sleep_power_config), (50 bytes).
    Removing gd32l23x_pmu.o(.ARM.exidx.text.pmu_eflash_sleep_power_config), (8 bytes).
    Removing gd32l23x_pmu.o(.text.pmu_eflash_deepsleep_power_config), (50 bytes).
    Removing gd32l23x_pmu.o(.ARM.exidx.text.pmu_eflash_deepsleep_power_config), (8 bytes).
    Removing gd32l23x_pmu.o(.text.pmu_deepsleep2_sram_power_config), (38 bytes).
    Removing gd32l23x_pmu.o(.ARM.exidx.text.pmu_deepsleep2_sram_power_config), (8 bytes).
    Removing gd32l23x_pmu.o(.text.pmu_deepsleep_wait_time_config), (42 bytes).
    Removing gd32l23x_pmu.o(.ARM.exidx.text.pmu_deepsleep_wait_time_config), (8 bytes).
    Removing gd32l23x_pmu.o(.text.pmu_wakeuptime_eflash_config), (42 bytes).
    Removing gd32l23x_pmu.o(.ARM.exidx.text.pmu_wakeuptime_eflash_config), (8 bytes).
    Removing gd32l23x_pmu.o(.text.pmu_wakeuptime_sram_config), (42 bytes).
    Removing gd32l23x_pmu.o(.ARM.exidx.text.pmu_wakeuptime_sram_config), (8 bytes).
    Removing gd32l23x_pmu.o(.text.pmu_wakeuptime_deepsleep2_software_enable), (42 bytes).
    Removing gd32l23x_pmu.o(.ARM.exidx.text.pmu_wakeuptime_deepsleep2_software_enable), (8 bytes).
    Removing gd32l23x_pmu.o(.text.pmu_wakeuptime_deepsleep2_software_disable), (24 bytes).
    Removing gd32l23x_pmu.o(.ARM.exidx.text.pmu_wakeuptime_deepsleep2_software_disable), (8 bytes).
    Removing gd32l23x_pmu.o(.text.pmu_flag_get), (100 bytes).
    Removing gd32l23x_pmu.o(.ARM.exidx.text.pmu_flag_get), (8 bytes).
    Removing gd32l23x_pmu.o(.text.pmu_flag_clear), (98 bytes).
    Removing gd32l23x_pmu.o(.ARM.exidx.text.pmu_flag_clear), (8 bytes).
    Removing gd32l23x_spi.o(.text), (0 bytes).
    Removing gd32l23x_spi.o(.text.spi_i2s_deinit), (82 bytes).
    Removing gd32l23x_spi.o(.ARM.exidx.text.spi_i2s_deinit), (8 bytes).
    Removing gd32l23x_spi.o(.text.spi_struct_para_init), (42 bytes).
    Removing gd32l23x_spi.o(.ARM.exidx.text.spi_struct_para_init), (8 bytes).
    Removing gd32l23x_spi.o(.text.spi_init), (312 bytes).
    Removing gd32l23x_spi.o(.ARM.exidx.text.spi_init), (8 bytes).
    Removing gd32l23x_spi.o(.text.spi_enable), (18 bytes).
    Removing gd32l23x_spi.o(.ARM.exidx.text.spi_enable), (8 bytes).
    Removing gd32l23x_spi.o(.text.spi_disable), (18 bytes).
    Removing gd32l23x_spi.o(.ARM.exidx.text.spi_disable), (8 bytes).
    Removing gd32l23x_spi.o(.text.i2s_init), (74 bytes).
    Removing gd32l23x_spi.o(.ARM.exidx.text.i2s_init), (8 bytes).
    Removing gd32l23x_spi.o(.text.i2s_psc_config), (262 bytes).
    Removing gd32l23x_spi.o(.ARM.exidx.text.i2s_psc_config), (8 bytes).
    Removing gd32l23x_spi.o(.text.i2s_enable), (20 bytes).
    Removing gd32l23x_spi.o(.ARM.exidx.text.i2s_enable), (8 bytes).
    Removing gd32l23x_spi.o(.text.i2s_disable), (24 bytes).
    Removing gd32l23x_spi.o(.ARM.exidx.text.i2s_disable), (8 bytes).
    Removing gd32l23x_spi.o(.text.spi_nss_output_enable), (18 bytes).
    Removing gd32l23x_spi.o(.ARM.exidx.text.spi_nss_output_enable), (8 bytes).
    Removing gd32l23x_spi.o(.text.spi_nss_output_disable), (18 bytes).
    Removing gd32l23x_spi.o(.ARM.exidx.text.spi_nss_output_disable), (8 bytes).
    Removing gd32l23x_spi.o(.text.spi_nss_internal_high), (20 bytes).
    Removing gd32l23x_spi.o(.ARM.exidx.text.spi_nss_internal_high), (8 bytes).
    Removing gd32l23x_spi.o(.text.spi_nss_internal_low), (24 bytes).
    Removing gd32l23x_spi.o(.ARM.exidx.text.spi_nss_internal_low), (8 bytes).
    Removing gd32l23x_spi.o(.text.spi_dma_enable), (42 bytes).
    Removing gd32l23x_spi.o(.ARM.exidx.text.spi_dma_enable), (8 bytes).
    Removing gd32l23x_spi.o(.text.spi_dma_disable), (42 bytes).
    Removing gd32l23x_spi.o(.ARM.exidx.text.spi_dma_disable), (8 bytes).
    Removing gd32l23x_spi.o(.text.spi_transmit_odd_config), (38 bytes).
    Removing gd32l23x_spi.o(.ARM.exidx.text.spi_transmit_odd_config), (8 bytes).
    Removing gd32l23x_spi.o(.text.spi_receive_odd_config), (38 bytes).
    Removing gd32l23x_spi.o(.ARM.exidx.text.spi_receive_odd_config), (8 bytes).
    Removing gd32l23x_spi.o(.text.spi_i2s_data_frame_format_config), (152 bytes).
    Removing gd32l23x_spi.o(.ARM.exidx.text.spi_i2s_data_frame_format_config), (8 bytes).
    Removing gd32l23x_spi.o(.text.spi_fifo_access_size_config), (38 bytes).
    Removing gd32l23x_spi.o(.ARM.exidx.text.spi_fifo_access_size_config), (8 bytes).
    Removing gd32l23x_spi.o(.text.spi_bidirectional_transfer_config), (54 bytes).
    Removing gd32l23x_spi.o(.ARM.exidx.text.spi_bidirectional_transfer_config), (8 bytes).
    Removing gd32l23x_spi.o(.text.spi_i2s_data_transmit), (82 bytes).
    Removing gd32l23x_spi.o(.ARM.exidx.text.spi_i2s_data_transmit), (8 bytes).
    Removing gd32l23x_spi.o(.text.spi_i2s_data_receive), (82 bytes).
    Removing gd32l23x_spi.o(.ARM.exidx.text.spi_i2s_data_receive), (8 bytes).
    Removing gd32l23x_spi.o(.text.spi_crc_polynomial_set), (18 bytes).
    Removing gd32l23x_spi.o(.ARM.exidx.text.spi_crc_polynomial_set), (8 bytes).
    Removing gd32l23x_spi.o(.text.spi_crc_polynomial_get), (14 bytes).
    Removing gd32l23x_spi.o(.ARM.exidx.text.spi_crc_polynomial_get), (8 bytes).
    Removing gd32l23x_spi.o(.text.spi_crc_length_set), (38 bytes).
    Removing gd32l23x_spi.o(.ARM.exidx.text.spi_crc_length_set), (8 bytes).
    Removing gd32l23x_spi.o(.text.spi_crc_on), (20 bytes).
    Removing gd32l23x_spi.o(.ARM.exidx.text.spi_crc_on), (8 bytes).
    Removing gd32l23x_spi.o(.text.spi_crc_off), (24 bytes).
    Removing gd32l23x_spi.o(.ARM.exidx.text.spi_crc_off), (8 bytes).
    Removing gd32l23x_spi.o(.text.spi_crc_next), (20 bytes).
    Removing gd32l23x_spi.o(.ARM.exidx.text.spi_crc_next), (8 bytes).
    Removing gd32l23x_spi.o(.text.spi_crc_get), (42 bytes).
    Removing gd32l23x_spi.o(.ARM.exidx.text.spi_crc_get), (8 bytes).
    Removing gd32l23x_spi.o(.text.spi_crc_error_clear), (18 bytes).
    Removing gd32l23x_spi.o(.ARM.exidx.text.spi_crc_error_clear), (8 bytes).
    Removing gd32l23x_spi.o(.text.spi_ti_mode_enable), (18 bytes).
    Removing gd32l23x_spi.o(.ARM.exidx.text.spi_ti_mode_enable), (8 bytes).
    Removing gd32l23x_spi.o(.text.spi_ti_mode_disable), (18 bytes).
    Removing gd32l23x_spi.o(.ARM.exidx.text.spi_ti_mode_disable), (8 bytes).
    Removing gd32l23x_spi.o(.text.spi_nssp_mode_enable), (18 bytes).
    Removing gd32l23x_spi.o(.ARM.exidx.text.spi_nssp_mode_enable), (8 bytes).
    Removing gd32l23x_spi.o(.text.spi_nssp_mode_disable), (18 bytes).
    Removing gd32l23x_spi.o(.ARM.exidx.text.spi_nssp_mode_disable), (8 bytes).
    Removing gd32l23x_spi.o(.text.spi_quad_enable), (20 bytes).
    Removing gd32l23x_spi.o(.ARM.exidx.text.spi_quad_enable), (8 bytes).
    Removing gd32l23x_spi.o(.text.spi_quad_disable), (20 bytes).
    Removing gd32l23x_spi.o(.ARM.exidx.text.spi_quad_disable), (8 bytes).
    Removing gd32l23x_spi.o(.text.spi_quad_write_enable), (20 bytes).
    Removing gd32l23x_spi.o(.ARM.exidx.text.spi_quad_write_enable), (8 bytes).
    Removing gd32l23x_spi.o(.text.spi_quad_read_enable), (20 bytes).
    Removing gd32l23x_spi.o(.ARM.exidx.text.spi_quad_read_enable), (8 bytes).
    Removing gd32l23x_spi.o(.text.spi_quad_io23_output_enable), (20 bytes).
    Removing gd32l23x_spi.o(.ARM.exidx.text.spi_quad_io23_output_enable), (8 bytes).
    Removing gd32l23x_spi.o(.text.spi_quad_io23_output_disable), (20 bytes).
    Removing gd32l23x_spi.o(.ARM.exidx.text.spi_quad_io23_output_disable), (8 bytes).
    Removing gd32l23x_spi.o(.text.spi_i2s_format_error_clear), (18 bytes).
    Removing gd32l23x_spi.o(.ARM.exidx.text.spi_i2s_format_error_clear), (8 bytes).
    Removing gd32l23x_spi.o(.text.spi_i2s_flag_get), (128 bytes).
    Removing gd32l23x_spi.o(.ARM.exidx.text.spi_i2s_flag_get), (8 bytes).
    Removing gd32l23x_spi.o(.text.spi_i2s_interrupt_enable), (22 bytes).
    Removing gd32l23x_spi.o(.ARM.exidx.text.spi_i2s_interrupt_enable), (8 bytes).
    Removing gd32l23x_spi.o(.text.spi_i2s_interrupt_disable), (22 bytes).
    Removing gd32l23x_spi.o(.ARM.exidx.text.spi_i2s_interrupt_disable), (8 bytes).
    Removing gd32l23x_spi.o(.text.spi_i2s_interrupt_flag_get), (210 bytes).
    Removing gd32l23x_spi.o(.ARM.exidx.text.spi_i2s_interrupt_flag_get), (8 bytes).
    Removing gd32l23x_timer.o(.text), (0 bytes).
    Removing gd32l23x_timer.o(.text.timer_deinit), (316 bytes).
    Removing gd32l23x_timer.o(.ARM.exidx.text.timer_deinit), (8 bytes).
    Removing gd32l23x_timer.o(.text.timer_struct_para_init), (38 bytes).
    Removing gd32l23x_timer.o(.ARM.exidx.text.timer_struct_para_init), (8 bytes).
    Removing gd32l23x_timer.o(.text.timer_init), (272 bytes).
    Removing gd32l23x_timer.o(.ARM.exidx.text.timer_init), (8 bytes).
    Removing gd32l23x_timer.o(.text.timer_enable), (18 bytes).
    Removing gd32l23x_timer.o(.ARM.exidx.text.timer_enable), (8 bytes).
    Removing gd32l23x_timer.o(.text.timer_disable), (18 bytes).
    Removing gd32l23x_timer.o(.ARM.exidx.text.timer_disable), (8 bytes).
    Removing gd32l23x_timer.o(.text.timer_auto_reload_shadow_enable), (18 bytes).
    Removing gd32l23x_timer.o(.ARM.exidx.text.timer_auto_reload_shadow_enable), (8 bytes).
    Removing gd32l23x_timer.o(.text.timer_auto_reload_shadow_disable), (18 bytes).
    Removing gd32l23x_timer.o(.ARM.exidx.text.timer_auto_reload_shadow_disable), (8 bytes).
    Removing gd32l23x_timer.o(.text.timer_update_event_enable), (18 bytes).
    Removing gd32l23x_timer.o(.ARM.exidx.text.timer_update_event_enable), (8 bytes).
    Removing gd32l23x_timer.o(.text.timer_update_event_disable), (18 bytes).
    Removing gd32l23x_timer.o(.ARM.exidx.text.timer_update_event_disable), (8 bytes).
    Removing gd32l23x_timer.o(.text.timer_counter_alignment), (32 bytes).
    Removing gd32l23x_timer.o(.ARM.exidx.text.timer_counter_alignment), (8 bytes).
    Removing gd32l23x_timer.o(.text.timer_counter_up_direction), (18 bytes).
    Removing gd32l23x_timer.o(.ARM.exidx.text.timer_counter_up_direction), (8 bytes).
    Removing gd32l23x_timer.o(.text.timer_counter_down_direction), (18 bytes).
    Removing gd32l23x_timer.o(.ARM.exidx.text.timer_counter_down_direction), (8 bytes).
    Removing gd32l23x_timer.o(.text.timer_prescaler_config), (38 bytes).
    Removing gd32l23x_timer.o(.ARM.exidx.text.timer_prescaler_config), (8 bytes).
    Removing gd32l23x_timer.o(.text.timer_repetition_value_config), (18 bytes).
    Removing gd32l23x_timer.o(.ARM.exidx.text.timer_repetition_value_config), (8 bytes).
    Removing gd32l23x_timer.o(.text.timer_autoreload_value_config), (16 bytes).
    Removing gd32l23x_timer.o(.ARM.exidx.text.timer_autoreload_value_config), (8 bytes).
    Removing gd32l23x_timer.o(.text.timer_counter_value_config), (16 bytes).
    Removing gd32l23x_timer.o(.ARM.exidx.text.timer_counter_value_config), (8 bytes).
    Removing gd32l23x_timer.o(.text.timer_counter_read), (20 bytes).
    Removing gd32l23x_timer.o(.ARM.exidx.text.timer_counter_read), (8 bytes).
    Removing gd32l23x_timer.o(.text.timer_prescaler_read), (22 bytes).
    Removing gd32l23x_timer.o(.ARM.exidx.text.timer_prescaler_read), (8 bytes).
    Removing gd32l23x_timer.o(.text.timer_single_pulse_mode_config), (52 bytes).
    Removing gd32l23x_timer.o(.ARM.exidx.text.timer_single_pulse_mode_config), (8 bytes).
    Removing gd32l23x_timer.o(.text.timer_update_source_config), (52 bytes).
    Removing gd32l23x_timer.o(.ARM.exidx.text.timer_update_source_config), (8 bytes).
    Removing gd32l23x_timer.o(.text.timer_dma_enable), (22 bytes).
    Removing gd32l23x_timer.o(.ARM.exidx.text.timer_dma_enable), (8 bytes).
    Removing gd32l23x_timer.o(.text.timer_dma_disable), (22 bytes).
    Removing gd32l23x_timer.o(.ARM.exidx.text.timer_dma_disable), (8 bytes).
    Removing gd32l23x_timer.o(.text.timer_channel_dma_request_source_select), (52 bytes).
    Removing gd32l23x_timer.o(.ARM.exidx.text.timer_channel_dma_request_source_select), (8 bytes).
    Removing gd32l23x_timer.o(.text.timer_dma_transfer_config), (50 bytes).
    Removing gd32l23x_timer.o(.ARM.exidx.text.timer_dma_transfer_config), (8 bytes).
    Removing gd32l23x_timer.o(.text.timer_event_software_generate), (22 bytes).
    Removing gd32l23x_timer.o(.ARM.exidx.text.timer_event_software_generate), (8 bytes).
    Removing gd32l23x_timer.o(.text.timer_break_struct_para_init), (38 bytes).
    Removing gd32l23x_timer.o(.ARM.exidx.text.timer_break_struct_para_init), (8 bytes).
    Removing gd32l23x_timer.o(.text.timer_break_config), (42 bytes).
    Removing gd32l23x_timer.o(.ARM.exidx.text.timer_break_config), (8 bytes).
    Removing gd32l23x_timer.o(.text.timer_break_enable), (20 bytes).
    Removing gd32l23x_timer.o(.ARM.exidx.text.timer_break_enable), (8 bytes).
    Removing gd32l23x_timer.o(.text.timer_break_disable), (24 bytes).
    Removing gd32l23x_timer.o(.ARM.exidx.text.timer_break_disable), (8 bytes).
    Removing gd32l23x_timer.o(.text.timer_automatic_output_enable), (20 bytes).
    Removing gd32l23x_timer.o(.ARM.exidx.text.timer_automatic_output_enable), (8 bytes).
    Removing gd32l23x_timer.o(.text.timer_automatic_output_disable), (24 bytes).
    Removing gd32l23x_timer.o(.ARM.exidx.text.timer_automatic_output_disable), (8 bytes).
    Removing gd32l23x_timer.o(.text.timer_primary_output_config), (52 bytes).
    Removing gd32l23x_timer.o(.ARM.exidx.text.timer_primary_output_config), (8 bytes).
    Removing gd32l23x_timer.o(.text.timer_channel_control_shadow_config), (44 bytes).
    Removing gd32l23x_timer.o(.ARM.exidx.text.timer_channel_control_shadow_config), (8 bytes).
    Removing gd32l23x_timer.o(.text.timer_channel_control_shadow_update_config), (56 bytes).
    Removing gd32l23x_timer.o(.ARM.exidx.text.timer_channel_control_shadow_update_config), (8 bytes).
    Removing gd32l23x_timer.o(.text.timer_channel_output_struct_para_init), (34 bytes).
    Removing gd32l23x_timer.o(.ARM.exidx.text.timer_channel_output_struct_para_init), (8 bytes).
    Removing gd32l23x_timer.o(.text.timer_channel_output_config), (820 bytes).
    Removing gd32l23x_timer.o(.ARM.exidx.text.timer_channel_output_config), (8 bytes).
    Removing gd32l23x_timer.o(.text.timer_channel_output_mode_config), (198 bytes).
    Removing gd32l23x_timer.o(.ARM.exidx.text.timer_channel_output_mode_config), (8 bytes).
    Removing gd32l23x_timer.o(.text.timer_channel_output_pulse_value_config), (82 bytes).
    Removing gd32l23x_timer.o(.ARM.exidx.text.timer_channel_output_pulse_value_config), (8 bytes).
    Removing gd32l23x_timer.o(.text.timer_channel_output_shadow_config), (198 bytes).
    Removing gd32l23x_timer.o(.ARM.exidx.text.timer_channel_output_shadow_config), (8 bytes).
    Removing gd32l23x_timer.o(.text.timer_channel_output_fast_config), (198 bytes).
    Removing gd32l23x_timer.o(.ARM.exidx.text.timer_channel_output_fast_config), (8 bytes).
    Removing gd32l23x_timer.o(.text.timer_channel_output_clear_config), (198 bytes).
    Removing gd32l23x_timer.o(.ARM.exidx.text.timer_channel_output_clear_config), (8 bytes).
    Removing gd32l23x_timer.o(.text.timer_channel_output_polarity_config), (200 bytes).
    Removing gd32l23x_timer.o(.ARM.exidx.text.timer_channel_output_polarity_config), (8 bytes).
    Removing gd32l23x_timer.o(.text.timer_channel_complementary_output_polarity_config), (124 bytes).
    Removing gd32l23x_timer.o(.ARM.exidx.text.timer_channel_complementary_output_polarity_config), (8 bytes).
    Removing gd32l23x_timer.o(.text.timer_channel_output_state_config), (188 bytes).
    Removing gd32l23x_timer.o(.ARM.exidx.text.timer_channel_output_state_config), (8 bytes).
    Removing gd32l23x_timer.o(.text.timer_channel_complementary_output_state_config), (124 bytes).
    Removing gd32l23x_timer.o(.ARM.exidx.text.timer_channel_complementary_output_state_config), (8 bytes).
    Removing gd32l23x_timer.o(.text.timer_channel_input_struct_para_init), (28 bytes).
    Removing gd32l23x_timer.o(.ARM.exidx.text.timer_channel_input_struct_para_init), (8 bytes).
    Removing gd32l23x_timer.o(.text.timer_input_capture_config), (582 bytes).
    Removing gd32l23x_timer.o(.ARM.exidx.text.timer_input_capture_config), (8 bytes).
    Removing gd32l23x_timer.o(.text.timer_channel_input_capture_prescaler_config), (198 bytes).
    Removing gd32l23x_timer.o(.ARM.exidx.text.timer_channel_input_capture_prescaler_config), (8 bytes).
    Removing gd32l23x_timer.o(.text.timer_channel_capture_value_register_read), (88 bytes).
    Removing gd32l23x_timer.o(.ARM.exidx.text.timer_channel_capture_value_register_read), (8 bytes).
    Removing gd32l23x_timer.o(.text.timer_input_pwm_capture_config), (612 bytes).
    Removing gd32l23x_timer.o(.ARM.exidx.text.timer_input_pwm_capture_config), (8 bytes).
    Removing gd32l23x_timer.o(.text.timer_hall_mode_config), (52 bytes).
    Removing gd32l23x_timer.o(.ARM.exidx.text.timer_hall_mode_config), (8 bytes).
    Removing gd32l23x_timer.o(.text.timer_input_trigger_source_select), (306 bytes).
    Removing gd32l23x_timer.o(.ARM.exidx.text.timer_input_trigger_source_select), (8 bytes).
    Removing gd32l23x_timer.o(.text.timer_master_output_trigger_source_select), (38 bytes).
    Removing gd32l23x_timer.o(.ARM.exidx.text.timer_master_output_trigger_source_select), (8 bytes).
    Removing gd32l23x_timer.o(.text.timer_slave_mode_select), (324 bytes).
    Removing gd32l23x_timer.o(.ARM.exidx.text.timer_slave_mode_select), (8 bytes).
    Removing gd32l23x_timer.o(.text.timer_master_slave_mode_config), (52 bytes).
    Removing gd32l23x_timer.o(.ARM.exidx.text.timer_master_slave_mode_config), (8 bytes).
    Removing gd32l23x_timer.o(.text.timer_external_trigger_config), (62 bytes).
    Removing gd32l23x_timer.o(.ARM.exidx.text.timer_external_trigger_config), (8 bytes).
    Removing gd32l23x_timer.o(.text.timer_quadrature_decoder_mode_config), (114 bytes).
    Removing gd32l23x_timer.o(.ARM.exidx.text.timer_quadrature_decoder_mode_config), (8 bytes).
    Removing gd32l23x_timer.o(.text.timer_internal_clock_config), (18 bytes).
    Removing gd32l23x_timer.o(.ARM.exidx.text.timer_internal_clock_config), (8 bytes).
    Removing gd32l23x_timer.o(.text.timer_internal_trigger_as_external_clock_config), (28 bytes).
    Removing gd32l23x_timer.o(.ARM.exidx.text.timer_internal_trigger_as_external_clock_config), (8 bytes).
    Removing gd32l23x_timer.o(.text.timer_external_trigger_as_external_clock_config), (272 bytes).
    Removing gd32l23x_timer.o(.ARM.exidx.text.timer_external_trigger_as_external_clock_config), (8 bytes).
    Removing gd32l23x_timer.o(.text.timer_external_clock_mode0_config), (44 bytes).
    Removing gd32l23x_timer.o(.ARM.exidx.text.timer_external_clock_mode0_config), (8 bytes).
    Removing gd32l23x_timer.o(.text.timer_external_clock_mode1_config), (40 bytes).
    Removing gd32l23x_timer.o(.ARM.exidx.text.timer_external_clock_mode1_config), (8 bytes).
    Removing gd32l23x_timer.o(.text.timer_external_clock_mode1_disable), (24 bytes).
    Removing gd32l23x_timer.o(.ARM.exidx.text.timer_external_clock_mode1_disable), (8 bytes).
    Removing gd32l23x_timer.o(.text.timer_channel_remap_config), (16 bytes).
    Removing gd32l23x_timer.o(.ARM.exidx.text.timer_channel_remap_config), (8 bytes).
    Removing gd32l23x_timer.o(.text.timer_write_chxval_register_config), (60 bytes).
    Removing gd32l23x_timer.o(.ARM.exidx.text.timer_write_chxval_register_config), (8 bytes).
    Removing gd32l23x_timer.o(.text.timer_flag_get), (42 bytes).
    Removing gd32l23x_timer.o(.ARM.exidx.text.timer_flag_get), (8 bytes).
    Removing gd32l23x_timer.o(.text.timer_flag_clear), (18 bytes).
    Removing gd32l23x_timer.o(.ARM.exidx.text.timer_flag_clear), (8 bytes).
    Removing gd32l23x_timer.o(.text.timer_interrupt_enable), (20 bytes).
    Removing gd32l23x_timer.o(.ARM.exidx.text.timer_interrupt_enable), (8 bytes).
    Removing gd32l23x_timer.o(.text.timer_interrupt_disable), (20 bytes).
    Removing gd32l23x_timer.o(.ARM.exidx.text.timer_interrupt_disable), (8 bytes).
    Removing gd32l23x_timer.o(.text.timer_interrupt_flag_get), (58 bytes).
    Removing gd32l23x_timer.o(.ARM.exidx.text.timer_interrupt_flag_get), (8 bytes).
    Removing gd32l23x_timer.o(.text.timer_interrupt_flag_clear), (18 bytes).
    Removing gd32l23x_timer.o(.ARM.exidx.text.timer_interrupt_flag_clear), (8 bytes).
    Removing gd32l23x_trng.o(.text), (0 bytes).
    Removing gd32l23x_trng.o(.text.trng_deinit), (24 bytes).
    Removing gd32l23x_trng.o(.ARM.exidx.text.trng_deinit), (8 bytes).
    Removing gd32l23x_trng.o(.text.trng_enable), (18 bytes).
    Removing gd32l23x_trng.o(.ARM.exidx.text.trng_enable), (8 bytes).
    Removing gd32l23x_trng.o(.text.trng_disable), (18 bytes).
    Removing gd32l23x_trng.o(.ARM.exidx.text.trng_disable), (8 bytes).
    Removing gd32l23x_trng.o(.text.trng_get_true_random_data), (12 bytes).
    Removing gd32l23x_trng.o(.ARM.exidx.text.trng_get_true_random_data), (8 bytes).
    Removing gd32l23x_trng.o(.text.trng_flag_get), (48 bytes).
    Removing gd32l23x_trng.o(.ARM.exidx.text.trng_flag_get), (8 bytes).
    Removing gd32l23x_trng.o(.text.trng_interrupt_enable), (18 bytes).
    Removing gd32l23x_trng.o(.ARM.exidx.text.trng_interrupt_enable), (8 bytes).
    Removing gd32l23x_trng.o(.text.trng_interrupt_disable), (18 bytes).
    Removing gd32l23x_trng.o(.ARM.exidx.text.trng_interrupt_disable), (8 bytes).
    Removing gd32l23x_trng.o(.text.trng_interrupt_flag_get), (48 bytes).
    Removing gd32l23x_trng.o(.ARM.exidx.text.trng_interrupt_flag_get), (8 bytes).
    Removing gd32l23x_trng.o(.text.trng_interrupt_flag_clear), (28 bytes).
    Removing gd32l23x_trng.o(.ARM.exidx.text.trng_interrupt_flag_clear), (8 bytes).
    Removing gd32l23x_wwdgt.o(.text), (0 bytes).
    Removing gd32l23x_wwdgt.o(.text.wwdgt_deinit), (24 bytes).
    Removing gd32l23x_wwdgt.o(.ARM.exidx.text.wwdgt_deinit), (8 bytes).
    Removing gd32l23x_wwdgt.o(.text.wwdgt_enable), (18 bytes).
    Removing gd32l23x_wwdgt.o(.ARM.exidx.text.wwdgt_enable), (8 bytes).
    Removing gd32l23x_wwdgt.o(.text.wwdgt_prescaler_value_config), (50 bytes).
    Removing gd32l23x_wwdgt.o(.ARM.exidx.text.wwdgt_prescaler_value_config), (8 bytes).
    Removing gd32l23x_wwdgt.o(.text.wwdgt_window_value_config), (44 bytes).
    Removing gd32l23x_wwdgt.o(.ARM.exidx.text.wwdgt_window_value_config), (8 bytes).
    Removing gd32l23x_wwdgt.o(.text.wwdgt_counter_update), (28 bytes).
    Removing gd32l23x_wwdgt.o(.ARM.exidx.text.wwdgt_counter_update), (8 bytes).
    Removing gd32l23x_wwdgt.o(.text.wwdgt_config), (54 bytes).
    Removing gd32l23x_wwdgt.o(.ARM.exidx.text.wwdgt_config), (8 bytes).
    Removing gd32l23x_wwdgt.o(.text.wwdgt_flag_get), (42 bytes).
    Removing gd32l23x_wwdgt.o(.ARM.exidx.text.wwdgt_flag_get), (8 bytes).
    Removing gd32l23x_wwdgt.o(.text.wwdgt_flag_clear), (18 bytes).
    Removing gd32l23x_wwdgt.o(.ARM.exidx.text.wwdgt_flag_clear), (8 bytes).
    Removing gd32l23x_wwdgt.o(.text.wwdgt_interrupt_enable), (20 bytes).
    Removing gd32l23x_wwdgt.o(.ARM.exidx.text.wwdgt_interrupt_enable), (8 bytes).
    Removing gd32l23x_ctc.o(.text), (0 bytes).
    Removing gd32l23x_ctc.o(.text.ctc_deinit), (24 bytes).
    Removing gd32l23x_ctc.o(.ARM.exidx.text.ctc_deinit), (8 bytes).
    Removing gd32l23x_ctc.o(.text.ctc_counter_enable), (18 bytes).
    Removing gd32l23x_ctc.o(.ARM.exidx.text.ctc_counter_enable), (8 bytes).
    Removing gd32l23x_ctc.o(.text.ctc_counter_disable), (18 bytes).
    Removing gd32l23x_ctc.o(.ARM.exidx.text.ctc_counter_disable), (8 bytes).
    Removing gd32l23x_ctc.o(.text.ctc_irc48m_trim_value_config), (44 bytes).
    Removing gd32l23x_ctc.o(.ARM.exidx.text.ctc_irc48m_trim_value_config), (8 bytes).
    Removing gd32l23x_ctc.o(.text.ctc_software_refsource_pulse_generate), (18 bytes).
    Removing gd32l23x_ctc.o(.ARM.exidx.text.ctc_software_refsource_pulse_generate), (8 bytes).
    Removing gd32l23x_ctc.o(.text.ctc_hardware_trim_mode_config), (32 bytes).
    Removing gd32l23x_ctc.o(.ARM.exidx.text.ctc_hardware_trim_mode_config), (8 bytes).
    Removing gd32l23x_ctc.o(.text.ctc_refsource_polarity_config), (38 bytes).
    Removing gd32l23x_ctc.o(.ARM.exidx.text.ctc_refsource_polarity_config), (8 bytes).
    Removing gd32l23x_ctc.o(.text.ctc_refsource_signal_select), (38 bytes).
    Removing gd32l23x_ctc.o(.ARM.exidx.text.ctc_refsource_signal_select), (8 bytes).
    Removing gd32l23x_ctc.o(.text.ctc_refsource_prescaler_config), (38 bytes).
    Removing gd32l23x_ctc.o(.ARM.exidx.text.ctc_refsource_prescaler_config), (8 bytes).
    Removing gd32l23x_ctc.o(.text.ctc_clock_limit_value_config), (44 bytes).
    Removing gd32l23x_ctc.o(.ARM.exidx.text.ctc_clock_limit_value_config), (8 bytes).
    Removing gd32l23x_ctc.o(.text.ctc_counter_reload_value_config), (42 bytes).
    Removing gd32l23x_ctc.o(.ARM.exidx.text.ctc_counter_reload_value_config), (8 bytes).
    Removing gd32l23x_ctc.o(.text.ctc_counter_capture_value_read), (28 bytes).
    Removing gd32l23x_ctc.o(.ARM.exidx.text.ctc_counter_capture_value_read), (8 bytes).
    Removing gd32l23x_ctc.o(.text.ctc_counter_direction_read), (44 bytes).
    Removing gd32l23x_ctc.o(.ARM.exidx.text.ctc_counter_direction_read), (8 bytes).
    Removing gd32l23x_ctc.o(.text.ctc_counter_reload_value_read), (26 bytes).
    Removing gd32l23x_ctc.o(.ARM.exidx.text.ctc_counter_reload_value_read), (8 bytes).
    Removing gd32l23x_ctc.o(.text.ctc_irc48m_trim_value_read), (34 bytes).
    Removing gd32l23x_ctc.o(.ARM.exidx.text.ctc_irc48m_trim_value_read), (8 bytes).
    Removing gd32l23x_ctc.o(.text.ctc_interrupt_enable), (24 bytes).
    Removing gd32l23x_ctc.o(.ARM.exidx.text.ctc_interrupt_enable), (8 bytes).
    Removing gd32l23x_ctc.o(.text.ctc_interrupt_disable), (24 bytes).
    Removing gd32l23x_ctc.o(.ARM.exidx.text.ctc_interrupt_disable), (8 bytes).
    Removing gd32l23x_ctc.o(.text.ctc_interrupt_flag_get), (108 bytes).
    Removing gd32l23x_ctc.o(.ARM.exidx.text.ctc_interrupt_flag_get), (8 bytes).
    Removing gd32l23x_ctc.o(.text.ctc_interrupt_flag_clear), (54 bytes).
    Removing gd32l23x_ctc.o(.ARM.exidx.text.ctc_interrupt_flag_clear), (8 bytes).
    Removing gd32l23x_ctc.o(.text.ctc_flag_get), (46 bytes).
    Removing gd32l23x_ctc.o(.ARM.exidx.text.ctc_flag_get), (8 bytes).
    Removing gd32l23x_ctc.o(.text.ctc_flag_clear), (54 bytes).
    Removing gd32l23x_ctc.o(.ARM.exidx.text.ctc_flag_clear), (8 bytes).
    Removing gd32l23x_lptimer.o(.text), (0 bytes).
    Removing gd32l23x_lptimer.o(.text.lptimer_deinit), (62 bytes).
    Removing gd32l23x_lptimer.o(.ARM.exidx.text.lptimer_deinit), (8 bytes).
    Removing gd32l23x_lptimer.o(.text.lptimer_struct_para_init), (50 bytes).
    Removing gd32l23x_lptimer.o(.ARM.exidx.text.lptimer_struct_para_init), (8 bytes).
    Removing gd32l23x_lptimer.o(.text.lptimer_init), (146 bytes).
    Removing gd32l23x_lptimer.o(.ARM.exidx.text.lptimer_init), (8 bytes).
    Removing gd32l23x_lptimer.o(.text.lptimer_inputremap), (22 bytes).
    Removing gd32l23x_lptimer.o(.ARM.exidx.text.lptimer_inputremap), (8 bytes).
    Removing gd32l23x_lptimer.o(.text.lptimer_register_shadow_enable), (20 bytes).
    Removing gd32l23x_lptimer.o(.ARM.exidx.text.lptimer_register_shadow_enable), (8 bytes).
    Removing gd32l23x_lptimer.o(.text.lptimer_register_shadow_disable), (24 bytes).
    Removing gd32l23x_lptimer.o(.ARM.exidx.text.lptimer_register_shadow_disable), (8 bytes).
    Removing gd32l23x_lptimer.o(.text.lptimer_timeout_enable), (20 bytes).
    Removing gd32l23x_lptimer.o(.ARM.exidx.text.lptimer_timeout_enable), (8 bytes).
    Removing gd32l23x_lptimer.o(.text.lptimer_timeout_disable), (24 bytes).
    Removing gd32l23x_lptimer.o(.ARM.exidx.text.lptimer_timeout_disable), (8 bytes).
    Removing gd32l23x_lptimer.o(.text.lptimer_countinue_start), (108 bytes).
    Removing gd32l23x_lptimer.o(.ARM.exidx.text.lptimer_countinue_start), (8 bytes).
    Removing gd32l23x_lptimer.o(.text.lptimer_single_start), (108 bytes).
    Removing gd32l23x_lptimer.o(.ARM.exidx.text.lptimer_single_start), (8 bytes).
    Removing gd32l23x_lptimer.o(.text.lptimer_stop), (18 bytes).
    Removing gd32l23x_lptimer.o(.ARM.exidx.text.lptimer_stop), (8 bytes).
    Removing gd32l23x_lptimer.o(.text.lptimer_counter_read), (20 bytes).
    Removing gd32l23x_lptimer.o(.ARM.exidx.text.lptimer_counter_read), (8 bytes).
    Removing gd32l23x_lptimer.o(.text.lptimer_autoreload_read), (20 bytes).
    Removing gd32l23x_lptimer.o(.ARM.exidx.text.lptimer_autoreload_read), (8 bytes).
    Removing gd32l23x_lptimer.o(.text.lptimer_compare_read), (20 bytes).
    Removing gd32l23x_lptimer.o(.ARM.exidx.text.lptimer_compare_read), (8 bytes).
    Removing gd32l23x_lptimer.o(.text.lptimer_autoreload_value_config), (16 bytes).
    Removing gd32l23x_lptimer.o(.ARM.exidx.text.lptimer_autoreload_value_config), (8 bytes).
    Removing gd32l23x_lptimer.o(.text.lptimer_compare_value_config), (16 bytes).
    Removing gd32l23x_lptimer.o(.ARM.exidx.text.lptimer_compare_value_config), (8 bytes).
    Removing gd32l23x_lptimer.o(.text.lptimer_decodemode0_enable), (36 bytes).
    Removing gd32l23x_lptimer.o(.ARM.exidx.text.lptimer_decodemode0_enable), (8 bytes).
    Removing gd32l23x_lptimer.o(.text.lptimer_decodemode1_enable), (20 bytes).
    Removing gd32l23x_lptimer.o(.ARM.exidx.text.lptimer_decodemode1_enable), (8 bytes).
    Removing gd32l23x_lptimer.o(.text.lptimer_decodemode_disable), (24 bytes).
    Removing gd32l23x_lptimer.o(.ARM.exidx.text.lptimer_decodemode_disable), (8 bytes).
    Removing gd32l23x_lptimer.o(.text.lptimer_highlevelcounter_enable), (28 bytes).
    Removing gd32l23x_lptimer.o(.ARM.exidx.text.lptimer_highlevelcounter_enable), (8 bytes).
    Removing gd32l23x_lptimer.o(.text.lptimer_highlevelcounter_disable), (24 bytes).
    Removing gd32l23x_lptimer.o(.ARM.exidx.text.lptimer_highlevelcounter_disable), (8 bytes).
    Removing gd32l23x_lptimer.o(.text.lptimer_flag_get), (42 bytes).
    Removing gd32l23x_lptimer.o(.ARM.exidx.text.lptimer_flag_get), (8 bytes).
    Removing gd32l23x_lptimer.o(.text.lptimer_flag_clear), (20 bytes).
    Removing gd32l23x_lptimer.o(.ARM.exidx.text.lptimer_flag_clear), (8 bytes).
    Removing gd32l23x_lptimer.o(.text.lptimer_interrupt_enable), (20 bytes).
    Removing gd32l23x_lptimer.o(.ARM.exidx.text.lptimer_interrupt_enable), (8 bytes).
    Removing gd32l23x_lptimer.o(.text.lptimer_interrupt_disable), (20 bytes).
    Removing gd32l23x_lptimer.o(.ARM.exidx.text.lptimer_interrupt_disable), (8 bytes).
    Removing gd32l23x_lptimer.o(.text.lptimer_interrupt_flag_get), (58 bytes).
    Removing gd32l23x_lptimer.o(.ARM.exidx.text.lptimer_interrupt_flag_get), (8 bytes).
    Removing gd32l23x_lptimer.o(.text.lptimer_interrupt_flag_clear), (20 bytes).
    Removing gd32l23x_lptimer.o(.ARM.exidx.text.lptimer_interrupt_flag_clear), (8 bytes).
    Removing gd32l23x_slcd.o(.text), (0 bytes).
    Removing gd32l23x_slcd.o(.text.slcd_deinit), (24 bytes).
    Removing gd32l23x_slcd.o(.ARM.exidx.text.slcd_deinit), (8 bytes).
    Removing gd32l23x_slcd.o(.text.slcd_enable), (18 bytes).
    Removing gd32l23x_slcd.o(.ARM.exidx.text.slcd_enable), (8 bytes).
    Removing gd32l23x_slcd.o(.text.slcd_disable), (18 bytes).
    Removing gd32l23x_slcd.o(.ARM.exidx.text.slcd_disable), (8 bytes).
    Removing gd32l23x_slcd.o(.text.slcd_init), (92 bytes).
    Removing gd32l23x_slcd.o(.ARM.exidx.text.slcd_init), (8 bytes).
    Removing gd32l23x_slcd.o(.text.slcd_weak_driving_resistance_select), (46 bytes).
    Removing gd32l23x_slcd.o(.ARM.exidx.text.slcd_weak_driving_resistance_select), (8 bytes).
    Removing gd32l23x_slcd.o(.text.slcd_bias_voltage_select), (32 bytes).
    Removing gd32l23x_slcd.o(.ARM.exidx.text.slcd_bias_voltage_select), (8 bytes).
    Removing gd32l23x_slcd.o(.text.slcd_duty_select), (32 bytes).
    Removing gd32l23x_slcd.o(.ARM.exidx.text.slcd_duty_select), (8 bytes).
    Removing gd32l23x_slcd.o(.text.slcd_clock_config), (52 bytes).
    Removing gd32l23x_slcd.o(.ARM.exidx.text.slcd_clock_config), (8 bytes).
    Removing gd32l23x_slcd.o(.text.slcd_blink_mode_config), (52 bytes).
    Removing gd32l23x_slcd.o(.ARM.exidx.text.slcd_blink_mode_config), (8 bytes).
    Removing gd32l23x_slcd.o(.text.slcd_dead_time_config), (46 bytes).
    Removing gd32l23x_slcd.o(.ARM.exidx.text.slcd_dead_time_config), (8 bytes).
    Removing gd32l23x_slcd.o(.text.slcd_pulse_on_duration_config), (40 bytes).
    Removing gd32l23x_slcd.o(.ARM.exidx.text.slcd_pulse_on_duration_config), (8 bytes).
    Removing gd32l23x_slcd.o(.text.slcd_com_seg_remap), (56 bytes).
    Removing gd32l23x_slcd.o(.ARM.exidx.text.slcd_com_seg_remap), (8 bytes).
    Removing gd32l23x_slcd.o(.text.slcd_voltage_source_select), (54 bytes).
    Removing gd32l23x_slcd.o(.ARM.exidx.text.slcd_voltage_source_select), (8 bytes).
    Removing gd32l23x_slcd.o(.text.slcd_high_drive_config), (56 bytes).
    Removing gd32l23x_slcd.o(.ARM.exidx.text.slcd_high_drive_config), (8 bytes).
    Removing gd32l23x_slcd.o(.text.slcd_data_register_write), (34 bytes).
    Removing gd32l23x_slcd.o(.ARM.exidx.text.slcd_data_register_write), (8 bytes).
    Removing gd32l23x_slcd.o(.text.slcd_data_update_request), (18 bytes).
    Removing gd32l23x_slcd.o(.ARM.exidx.text.slcd_data_update_request), (8 bytes).
    Removing gd32l23x_slcd.o(.text.slcd_flag_get), (46 bytes).
    Removing gd32l23x_slcd.o(.ARM.exidx.text.slcd_flag_get), (8 bytes).
    Removing gd32l23x_slcd.o(.text.slcd_flag_clear), (20 bytes).
    Removing gd32l23x_slcd.o(.ARM.exidx.text.slcd_flag_clear), (8 bytes).
    Removing gd32l23x_slcd.o(.text.slcd_interrupt_enable), (24 bytes).
    Removing gd32l23x_slcd.o(.ARM.exidx.text.slcd_interrupt_enable), (8 bytes).
    Removing gd32l23x_slcd.o(.text.slcd_interrupt_disable), (24 bytes).
    Removing gd32l23x_slcd.o(.ARM.exidx.text.slcd_interrupt_disable), (8 bytes).
    Removing gd32l23x_slcd.o(.text.slcd_interrupt_flag_get), (68 bytes).
    Removing gd32l23x_slcd.o(.ARM.exidx.text.slcd_interrupt_flag_get), (8 bytes).
    Removing gd32l23x_slcd.o(.text.slcd_interrupt_flag_clear), (20 bytes).
    Removing gd32l23x_slcd.o(.ARM.exidx.text.slcd_interrupt_flag_clear), (8 bytes).
    Removing gd32l23x_can.o(.text), (0 bytes).
    Removing gd32l23x_can.o(.text.can_deinit), (24 bytes).
    Removing gd32l23x_can.o(.ARM.exidx.text.can_deinit), (8 bytes).
    Removing gd32l23x_can.o(.text.can_struct_para_init), (322 bytes).
    Removing gd32l23x_can.o(.ARM.exidx.text.can_struct_para_init), (8 bytes).
    Removing gd32l23x_can.o(.text.can_init), (534 bytes).
    Removing gd32l23x_can.o(.ARM.exidx.text.can_init), (8 bytes).
    Removing gd32l23x_can.o(.text.can_filter_init), (336 bytes).
    Removing gd32l23x_can.o(.ARM.exidx.text.can_filter_init), (8 bytes).
    Removing gd32l23x_can.o(.text.can_debug_freeze_enable), (30 bytes).
    Removing gd32l23x_can.o(.ARM.exidx.text.can_debug_freeze_enable), (8 bytes).
    Removing gd32l23x_can.o(.text.can_debug_freeze_disable), (34 bytes).
    Removing gd32l23x_can.o(.ARM.exidx.text.can_debug_freeze_disable), (8 bytes).
    Removing gd32l23x_can.o(.text.can_time_trigger_mode_enable), (76 bytes).
    Removing gd32l23x_can.o(.ARM.exidx.text.can_time_trigger_mode_enable), (8 bytes).
    Removing gd32l23x_can.o(.text.can_time_trigger_mode_disable), (80 bytes).
    Removing gd32l23x_can.o(.ARM.exidx.text.can_time_trigger_mode_disable), (8 bytes).
    Removing gd32l23x_can.o(.text.can_message_transmit), (326 bytes).
    Removing gd32l23x_can.o(.ARM.exidx.text.can_message_transmit), (8 bytes).
    Removing gd32l23x_can.o(.text.can_transmit_states), (222 bytes).
    Removing gd32l23x_can.o(.ARM.exidx.text.can_transmit_states), (8 bytes).
    Removing gd32l23x_can.o(.text.can_transmission_stop), (168 bytes).
    Removing gd32l23x_can.o(.ARM.exidx.text.can_transmission_stop), (8 bytes).
    Removing gd32l23x_can.o(.text.can_message_receive), (302 bytes).
    Removing gd32l23x_can.o(.ARM.exidx.text.can_message_receive), (8 bytes).
    Removing gd32l23x_can.o(.text.can_fifo_release), (80 bytes).
    Removing gd32l23x_can.o(.ARM.exidx.text.can_fifo_release), (8 bytes).
    Removing gd32l23x_can.o(.text.can_receive_message_length_get), (82 bytes).
    Removing gd32l23x_can.o(.ARM.exidx.text.can_receive_message_length_get), (8 bytes).
    Removing gd32l23x_can.o(.text.can_working_mode_set), (386 bytes).
    Removing gd32l23x_can.o(.ARM.exidx.text.can_working_mode_set), (8 bytes).
    Removing gd32l23x_can.o(.text.can_wakeup), (122 bytes).
    Removing gd32l23x_can.o(.ARM.exidx.text.can_wakeup), (8 bytes).
    Removing gd32l23x_can.o(.text.can_error_get), (32 bytes).
    Removing gd32l23x_can.o(.ARM.exidx.text.can_error_get), (8 bytes).
    Removing gd32l23x_can.o(.text.can_receive_error_number_get), (24 bytes).
    Removing gd32l23x_can.o(.ARM.exidx.text.can_receive_error_number_get), (8 bytes).
    Removing gd32l23x_can.o(.text.can_transmit_error_number_get), (24 bytes).
    Removing gd32l23x_can.o(.ARM.exidx.text.can_transmit_error_number_get), (8 bytes).
    Removing gd32l23x_can.o(.text.can_flag_get), (58 bytes).
    Removing gd32l23x_can.o(.ARM.exidx.text.can_flag_get), (8 bytes).
    Removing gd32l23x_can.o(.text.can_flag_clear), (36 bytes).
    Removing gd32l23x_can.o(.ARM.exidx.text.can_flag_clear), (8 bytes).
    Removing gd32l23x_can.o(.text.can_interrupt_enable), (24 bytes).
    Removing gd32l23x_can.o(.ARM.exidx.text.can_interrupt_enable), (8 bytes).
    Removing gd32l23x_can.o(.text.can_interrupt_disable), (24 bytes).
    Removing gd32l23x_can.o(.ARM.exidx.text.can_interrupt_disable), (8 bytes).
    Removing gd32l23x_can.o(.text.can_interrupt_flag_get), (178 bytes).
    Removing gd32l23x_can.o(.ARM.exidx.text.can_interrupt_flag_get), (8 bytes).
    Removing gd32l23x_can.o(.text.can_interrupt_flag_clear), (30 bytes).
    Removing gd32l23x_can.o(.ARM.exidx.text.can_interrupt_flag_clear), (8 bytes).
    Removing startup_gd32l235xx.o(HEAP), (1024 bytes).
    Removing gd32l23x_eval.o(.text), (0 bytes).
    Removing gd32l23x_eval.o(.text.gd_eval_led_init), (112 bytes).
    Removing gd32l23x_eval.o(.ARM.exidx.text.gd_eval_led_init), (8 bytes).
    Removing gd32l23x_eval.o(.ARM.exidx.text.gd_eval_led_on), (8 bytes).
    Removing gd32l23x_eval.o(.ARM.exidx.text.gd_eval_led_off), (8 bytes).
    Removing gd32l23x_eval.o(.text.gd_eval_led_toggle), (38 bytes).
    Removing gd32l23x_eval.o(.ARM.exidx.text.gd_eval_led_toggle), (8 bytes).
    Removing gd32l23x_eval.o(.text.gd_eval_key_init), (184 bytes).
    Removing gd32l23x_eval.o(.ARM.exidx.text.gd_eval_key_init), (8 bytes).
    Removing gd32l23x_eval.o(.text.gd_eval_key_state_get), (42 bytes).
    Removing gd32l23x_eval.o(.ARM.exidx.text.gd_eval_key_state_get), (8 bytes).
    Removing gd32l23x_eval.o(.text.gd_eval_com_init), (236 bytes).
    Removing gd32l23x_eval.o(.ARM.exidx.text.gd_eval_com_init), (8 bytes).
    Removing gd32l23x_eval.o(.rodata.GPIO_CLK), (4 bytes).
    Removing gd32l23x_eval.o(.rodata.KEY_CLK), (4 bytes).
    Removing gd32l23x_eval.o(.rodata.KEY_PORT), (8 bytes).
    Removing gd32l23x_eval.o(.rodata.KEY_PIN), (8 bytes).
    Removing gd32l23x_eval.o(.rodata.KEY_IRQn), (2 bytes).
    Removing gd32l23x_eval.o(.rodata.KEY_PORT_SOURCE), (2 bytes).
    Removing gd32l23x_eval.o(.rodata.KEY_PIN_SOURCE), (2 bytes).
    Removing gd32l23x_eval.o(.rodata.KEY_EXTI_LINE), (8 bytes).
    Removing gd32l23x_eval.o(.rodata.COM_CLK), (2 bytes).
    Removing gd32l23x_eval.o(.rodata.COM_TX_PIN), (4 bytes).
    Removing gd32l23x_eval.o(.rodata.COM_RX_PIN), (4 bytes).
    Removing bootload.o(.text), (0 bytes).
    Removing gdflash.o(.text), (0 bytes).
    Removing gdflash.o(.text.STMFLASH_ReadOneWord), (12 bytes).
    Removing gdflash.o(.ARM.exidx.text.STMFLASH_ReadOneWord), (8 bytes).
    Removing gdflash.o(.text.STMFLASH_WriteWord_NoCheck), (54 bytes).
    Removing gdflash.o(.ARM.exidx.text.STMFLASH_WriteWord_NoCheck), (8 bytes).
    Removing gdflash.o(.text.STMFLASH_ReadWord), (60 bytes).
    Removing gdflash.o(.ARM.exidx.text.STMFLASH_ReadWord), (8 bytes).
    Removing gdflash.o(.ARM.exidx.text.WriteFlash), (8 bytes).
    Removing gdflash.o(.ARM.exidx.text.ReadFlash), (8 bytes).
    Removing gdflash.o(.ARM.exidx.text.EarseFlash_1K), (8 bytes).
    Removing gdflash.o(.ARM.exidx.text.update_firmware), (8 bytes).
    Removing gdflash.o(.bss.STMFLASH_BUF), (1024 bytes).
    Removing iap.o(.text), (0 bytes).
    Removing iap.o(.ARM.exidx.text.iap_load_app), (8 bytes).
    Removing iap.o(.ARM.exidx.text.ConfigureAppUpdateflag), (8 bytes).
    Removing iap.o(.ARM.exidx.text.ota_process), (8 bytes).
    Removing iap.o(.bss.iapbuf), (1024 bytes).

1708 unused section(s) (total 67672 bytes) removed from the image.

==============================================================================

Image Symbol Table

    Local Symbols

    Symbol Name                              Value     Ov Type        Size  Object(Section)

    ../clib/microlib/init/entry.s            0x00000000   Number         0  entry.o ABSOLUTE
    ../clib/microlib/init/entry.s            0x00000000   Number         0  entry2.o ABSOLUTE
    ../clib/microlib/init/entry.s            0x00000000   Number         0  entry5.o ABSOLUTE
    ../clib/microlib/init/entry.s            0x00000000   Number         0  entry7a.o ABSOLUTE
    ../clib/microlib/init/entry.s            0x00000000   Number         0  entry7b.o ABSOLUTE
    ../clib/microlib/init/entry.s            0x00000000   Number         0  entry8a.o ABSOLUTE
    ../clib/microlib/init/entry.s            0x00000000   Number         0  entry8b.o ABSOLUTE
    ../clib/microlib/init/entry.s            0x00000000   Number         0  entry9a.o ABSOLUTE
    ../clib/microlib/init/entry.s            0x00000000   Number         0  entry9b.o ABSOLUTE
    ../clib/microlib/init/entry.s            0x00000000   Number         0  entry10a.o ABSOLUTE
    ../clib/microlib/init/entry.s            0x00000000   Number         0  entry10b.o ABSOLUTE
    ../clib/microlib/init/entry.s            0x00000000   Number         0  entry11a.o ABSOLUTE
    ../clib/microlib/init/entry.s            0x00000000   Number         0  entry11b.o ABSOLUTE
    ../clib/microlib/string/memcpy.c         0x00000000   Number         0  memcpya.o ABSOLUTE
    ../clib/microlib/string/memcpy.c         0x00000000   Number         0  memcpyb.o ABSOLUTE
    ../clib/microlib/string/memset.c         0x00000000   Number         0  memseta.o ABSOLUTE
    ..\..\Firmware\CMSIS\GD\GD32L23x\Source\ARM\startup_gd32l235xx.s 0x00000000   Number         0  startup_gd32l235xx.o ABSOLUTE
    bootload.c                               0x00000000   Number         0  bootload.o ABSOLUTE
    dc.s                                     0x00000000   Number         0  dc.o ABSOLUTE
    gd32l23x_adc.c                           0x00000000   Number         0  gd32l23x_adc.o ABSOLUTE
    gd32l23x_can.c                           0x00000000   Number         0  gd32l23x_can.o ABSOLUTE
    gd32l23x_cau.c                           0x00000000   Number         0  gd32l23x_cau.o ABSOLUTE
    gd32l23x_cau_aes.c                       0x00000000   Number         0  gd32l23x_cau_aes.o ABSOLUTE
    gd32l23x_cau_des.c                       0x00000000   Number         0  gd32l23x_cau_des.o ABSOLUTE
    gd32l23x_cau_tdes.c                      0x00000000   Number         0  gd32l23x_cau_tdes.o ABSOLUTE
    gd32l23x_cmp.c                           0x00000000   Number         0  gd32l23x_cmp.o ABSOLUTE
    gd32l23x_crc.c                           0x00000000   Number         0  gd32l23x_crc.o ABSOLUTE
    gd32l23x_ctc.c                           0x00000000   Number         0  gd32l23x_ctc.o ABSOLUTE
    gd32l23x_dac.c                           0x00000000   Number         0  gd32l23x_dac.o ABSOLUTE
    gd32l23x_dbg.c                           0x00000000   Number         0  gd32l23x_dbg.o ABSOLUTE
    gd32l23x_dma.c                           0x00000000   Number         0  gd32l23x_dma.o ABSOLUTE
    gd32l23x_eval.c                          0x00000000   Number         0  gd32l23x_eval.o ABSOLUTE
    gd32l23x_exti.c                          0x00000000   Number         0  gd32l23x_exti.o ABSOLUTE
    gd32l23x_fmc.c                           0x00000000   Number         0  gd32l23x_fmc.o ABSOLUTE
    gd32l23x_fwdgt.c                         0x00000000   Number         0  gd32l23x_fwdgt.o ABSOLUTE
    gd32l23x_gpio.c                          0x00000000   Number         0  gd32l23x_gpio.o ABSOLUTE
    gd32l23x_i2c.c                           0x00000000   Number         0  gd32l23x_i2c.o ABSOLUTE
    gd32l23x_it.c                            0x00000000   Number         0  gd32l23x_it.o ABSOLUTE
    gd32l23x_lptimer.c                       0x00000000   Number         0  gd32l23x_lptimer.o ABSOLUTE
    gd32l23x_lpuart.c                        0x00000000   Number         0  gd32l23x_lpuart.o ABSOLUTE
    gd32l23x_misc.c                          0x00000000   Number         0  gd32l23x_misc.o ABSOLUTE
    gd32l23x_pmu.c                           0x00000000   Number         0  gd32l23x_pmu.o ABSOLUTE
    gd32l23x_rcu.c                           0x00000000   Number         0  gd32l23x_rcu.o ABSOLUTE
    gd32l23x_rtc.c                           0x00000000   Number         0  gd32l23x_rtc.o ABSOLUTE
    gd32l23x_slcd.c                          0x00000000   Number         0  gd32l23x_slcd.o ABSOLUTE
    gd32l23x_spi.c                           0x00000000   Number         0  gd32l23x_spi.o ABSOLUTE
    gd32l23x_syscfg.c                        0x00000000   Number         0  gd32l23x_syscfg.o ABSOLUTE
    gd32l23x_timer.c                         0x00000000   Number         0  gd32l23x_timer.o ABSOLUTE
    gd32l23x_trng.c                          0x00000000   Number         0  gd32l23x_trng.o ABSOLUTE
    gd32l23x_usart.c                         0x00000000   Number         0  gd32l23x_usart.o ABSOLUTE
    gd32l23x_vref.c                          0x00000000   Number         0  gd32l23x_vref.o ABSOLUTE
    gd32l23x_wwdgt.c                         0x00000000   Number         0  gd32l23x_wwdgt.o ABSOLUTE
    gdflash.c                                0x00000000   Number         0  gdflash.o ABSOLUTE
    handlers.s                               0x00000000   Number         0  handlers.o ABSOLUTE
    iap.c                                    0x00000000   Number         0  iap.o ABSOLUTE
    init.s                                   0x00000000   Number         0  init.o ABSOLUTE
    main.c                                   0x00000000   Number         0  main.o ABSOLUTE
    system_gd32l23x.c                        0x00000000   Number         0  system_gd32l23x.o ABSOLUTE
    systick.c                                0x00000000   Number         0  systick.o ABSOLUTE
    RESET                                    0x08000000   Section      352  startup_gd32l235xx.o(RESET)
    .ARM.Collect$$$$00000000                 0x08000160   Section        0  entry.o(.ARM.Collect$$$$00000000)
    .ARM.Collect$$$$00000001                 0x08000160   Section        4  entry2.o(.ARM.Collect$$$$00000001)
    .ARM.Collect$$$$00000004                 0x08000164   Section        4  entry5.o(.ARM.Collect$$$$00000004)
    .ARM.Collect$$$$00000008                 0x08000168   Section        0  entry7b.o(.ARM.Collect$$$$00000008)
    .ARM.Collect$$$$0000000A                 0x08000168   Section        0  entry8b.o(.ARM.Collect$$$$0000000A)
    .ARM.Collect$$$$0000000B                 0x08000168   Section        8  entry9a.o(.ARM.Collect$$$$0000000B)
    __lit__00000000                          0x08000170   Data           4  entry2.o(.ARM.Collect$$$$00002712)
    .ARM.Collect$$$$0000000D                 0x08000170   Section        0  entry10a.o(.ARM.Collect$$$$0000000D)
    .ARM.Collect$$$$0000000F                 0x08000170   Section        0  entry11a.o(.ARM.Collect$$$$0000000F)
    .ARM.Collect$$$$00002712                 0x08000170   Section        4  entry2.o(.ARM.Collect$$$$00002712)
    .text                                    0x08000174   Section       68  startup_gd32l235xx.o(.text)
    .text                                    0x080001b8   Section        0  memseta.o(.text)
    .text                                    0x080001dc   Section       36  init.o(.text)
    [Anonymous Symbol]                       0x08000200   Section        0  iap.o(.text.ConfigureAppUpdateflag)
    [Anonymous Symbol]                       0x0800025e   Section        0  gdflash.o(.text.EarseFlash_1K)
    [Anonymous Symbol]                       0x08000296   Section        0  gd32l23x_it.o(.text.HardFault_Handler)
    [Anonymous Symbol]                       0x0800029a   Section        0  gd32l23x_it.o(.text.NMI_Handler)
    [Anonymous Symbol]                       0x0800029c   Section        0  gd32l23x_it.o(.text.PendSV_Handler)
    [Anonymous Symbol]                       0x0800029e   Section        0  gdflash.o(.text.ReadFlash)
    [Anonymous Symbol]                       0x08000340   Section        0  gd32l23x_it.o(.text.SVC_Handler)
    SysTick_Config                           0x08000343   Thumb Code    82  systick.o(.text.SysTick_Config)
    [Anonymous Symbol]                       0x08000342   Section        0  systick.o(.text.SysTick_Config)
    [Anonymous Symbol]                       0x08000394   Section        0  gd32l23x_it.o(.text.SysTick_Handler)
    [Anonymous Symbol]                       0x080003a0   Section        0  system_gd32l23x.o(.text.SystemInit)
    [Anonymous Symbol]                       0x0800045a   Section        0  gdflash.o(.text.WriteFlash)
    __NVIC_SetPriority                       0x080004cb   Thumb Code   136  systick.o(.text.__NVIC_SetPriority)
    [Anonymous Symbol]                       0x080004ca   Section        0  systick.o(.text.__NVIC_SetPriority)
    [Anonymous Symbol]                       0x08000552   Section        0  systick.o(.text.delay_decrement)
    [Anonymous Symbol]                       0x08000572   Section        0  gd32l23x_fmc.o(.text.fmc_flag_clear)
    [Anonymous Symbol]                       0x080005dc   Section        0  gd32l23x_fmc.o(.text.fmc_lock)
    [Anonymous Symbol]                       0x080005ee   Section        0  gd32l23x_fmc.o(.text.fmc_page_erase)
    fmc_ready_wait                           0x08000651   Thumb Code    90  gd32l23x_fmc.o(.text.fmc_ready_wait)
    [Anonymous Symbol]                       0x08000650   Section        0  gd32l23x_fmc.o(.text.fmc_ready_wait)
    fmc_state_get                            0x080006ab   Thumb Code   152  gd32l23x_fmc.o(.text.fmc_state_get)
    [Anonymous Symbol]                       0x080006aa   Section        0  gd32l23x_fmc.o(.text.fmc_state_get)
    [Anonymous Symbol]                       0x08000742   Section        0  gd32l23x_fmc.o(.text.fmc_unlock)
    [Anonymous Symbol]                       0x08000774   Section        0  gd32l23x_eval.o(.text.gd_eval_led_off)
    [Anonymous Symbol]                       0x0800079a   Section        0  gd32l23x_eval.o(.text.gd_eval_led_on)
    [Anonymous Symbol]                       0x080007c0   Section        0  iap.o(.text.iap_load_app)
    [Anonymous Symbol]                       0x08000808   Section        0  main.o(.text.led_spark)
    [Anonymous Symbol]                       0x0800085c   Section        0  main.o(.text.main)
    [Anonymous Symbol]                       0x08000870   Section        0  gd32l23x_misc.o(.text.nvic_vector_table_set)
    [Anonymous Symbol]                       0x08000898   Section        0  iap.o(.text.ota_process)
    [Anonymous Symbol]                       0x080008fe   Section        0  gd32l23x_rcu.o(.text.rcu_deinit)
    system_clock_64m_hxtal                   0x080009a5   Thumb Code   314  system_gd32l23x.o(.text.system_clock_64m_hxtal)
    [Anonymous Symbol]                       0x080009a4   Section        0  system_gd32l23x.o(.text.system_clock_64m_hxtal)
    system_clock_config                      0x08000adf   Thumb Code     8  system_gd32l23x.o(.text.system_clock_config)
    [Anonymous Symbol]                       0x08000ade   Section        0  system_gd32l23x.o(.text.system_clock_config)
    [Anonymous Symbol]                       0x08000ae6   Section        0  systick.o(.text.systick_config)
    [Anonymous Symbol]                       0x08000b10   Section        0  gdflash.o(.text.update_firmware)
    i.__scatterload_copy                     0x08000b90   Section       14  handlers.o(i.__scatterload_copy)
    i.__scatterload_null                     0x08000b9e   Section        2  handlers.o(i.__scatterload_null)
    i.__scatterload_zeroinit                 0x08000ba0   Section       14  handlers.o(i.__scatterload_zeroinit)
    GPIO_PIN                                 0x08000bb0   Data           8  gd32l23x_eval.o(.rodata.GPIO_PIN)
    [Anonymous Symbol]                       0x08000bb0   Section        0  gd32l23x_eval.o(.rodata.GPIO_PIN)
    GPIO_PORT                                0x08000bb8   Data           8  gd32l23x_eval.o(.rodata.GPIO_PORT)
    [Anonymous Symbol]                       0x08000bb8   Section        0  gd32l23x_eval.o(.rodata.GPIO_PORT)
    delay                                    0x20000410   Data           4  systick.o(.bss.delay)
    [Anonymous Symbol]                       0x20000410   Section        0  systick.o(.bss.delay)
    led_spark.timingdelaylocal               0x20000418   Data           4  main.o(.bss.led_spark.timingdelaylocal)
    [Anonymous Symbol]                       0x20000418   Section        0  main.o(.bss.led_spark.timingdelaylocal)
    STACK                                    0x20000420   Section     1024  startup_gd32l235xx.o(STACK)

    Global Symbols

    Symbol Name                              Value     Ov Type        Size  Object(Section)

    BuildAttributes$$THM_ISAv3M$S$8M$PE$A:L22$X:L11$S22$IEEE1$IW$~IW$USESV6$~STKCKD$USESV7$~SHL$OSPACE$EBA8$MICROLIB$REQ8$PRES8$EABIv2 0x00000000   Number         0  anon$$obj.o ABSOLUTE
    __cpp_initialize__aeabi_                  - Undefined Weak Reference
    __cxa_finalize                            - Undefined Weak Reference
    __decompress                              - Undefined Weak Reference
    _clock_init                               - Undefined Weak Reference
    _microlib_exit                            - Undefined Weak Reference
    __Vectors_Size                           0x00000160   Number         0  startup_gd32l235xx.o ABSOLUTE
    __Vectors                                0x08000000   Data           4  startup_gd32l235xx.o(RESET)
    __Vectors_End                            0x08000160   Data           0  startup_gd32l235xx.o(RESET)
    __main                                   0x08000161   Thumb Code     0  entry.o(.ARM.Collect$$$$00000000)
    _main_stk                                0x08000161   Thumb Code     0  entry2.o(.ARM.Collect$$$$00000001)
    _main_scatterload                        0x08000165   Thumb Code     0  entry5.o(.ARM.Collect$$$$00000004)
    __main_after_scatterload                 0x08000169   Thumb Code     0  entry5.o(.ARM.Collect$$$$00000004)
    _main_clock                              0x08000169   Thumb Code     0  entry7b.o(.ARM.Collect$$$$00000008)
    _main_cpp_init                           0x08000169   Thumb Code     0  entry8b.o(.ARM.Collect$$$$0000000A)
    _main_init                               0x08000169   Thumb Code     0  entry9a.o(.ARM.Collect$$$$0000000B)
    __rt_final_cpp                           0x08000171   Thumb Code     0  entry10a.o(.ARM.Collect$$$$0000000D)
    __rt_final_exit                          0x08000171   Thumb Code     0  entry11a.o(.ARM.Collect$$$$0000000F)
    Reset_Handler                            0x08000175   Thumb Code    34  startup_gd32l235xx.o(.text)
    ADC_IRQHandler                           0x080001a1   Thumb Code     0  startup_gd32l235xx.o(.text)
    CAN_EWMC_IRQHandler                      0x080001a1   Thumb Code     0  startup_gd32l235xx.o(.text)
    CAN_RX1_IRQHandler                       0x080001a1   Thumb Code     0  startup_gd32l235xx.o(.text)
    CAU_IRQHandler                           0x080001a1   Thumb Code     0  startup_gd32l235xx.o(.text)
    CMP0_IRQHandler                          0x080001a1   Thumb Code     0  startup_gd32l235xx.o(.text)
    CMP1_IRQHandler                          0x080001a1   Thumb Code     0  startup_gd32l235xx.o(.text)
    DAC_IRQHandler                           0x080001a1   Thumb Code     0  startup_gd32l235xx.o(.text)
    DMAMUX_IRQHandler                        0x080001a1   Thumb Code     0  startup_gd32l235xx.o(.text)
    DMA_Channel0_IRQHandler                  0x080001a1   Thumb Code     0  startup_gd32l235xx.o(.text)
    DMA_Channel1_IRQHandler                  0x080001a1   Thumb Code     0  startup_gd32l235xx.o(.text)
    DMA_Channel2_IRQHandler                  0x080001a1   Thumb Code     0  startup_gd32l235xx.o(.text)
    DMA_Channel3_IRQHandler                  0x080001a1   Thumb Code     0  startup_gd32l235xx.o(.text)
    DMA_Channel4_IRQHandler                  0x080001a1   Thumb Code     0  startup_gd32l235xx.o(.text)
    DMA_Channel5_IRQHandler                  0x080001a1   Thumb Code     0  startup_gd32l235xx.o(.text)
    DMA_Channel6_IRQHandler                  0x080001a1   Thumb Code     0  startup_gd32l235xx.o(.text)
    EXTI0_IRQHandler                         0x080001a1   Thumb Code     0  startup_gd32l235xx.o(.text)
    EXTI10_15_IRQHandler                     0x080001a1   Thumb Code     0  startup_gd32l235xx.o(.text)
    EXTI1_IRQHandler                         0x080001a1   Thumb Code     0  startup_gd32l235xx.o(.text)
    EXTI2_IRQHandler                         0x080001a1   Thumb Code     0  startup_gd32l235xx.o(.text)
    EXTI3_IRQHandler                         0x080001a1   Thumb Code     0  startup_gd32l235xx.o(.text)
    EXTI4_IRQHandler                         0x080001a1   Thumb Code     0  startup_gd32l235xx.o(.text)
    EXTI5_9_IRQHandler                       0x080001a1   Thumb Code     0  startup_gd32l235xx.o(.text)
    FMC_IRQHandler                           0x080001a1   Thumb Code     0  startup_gd32l235xx.o(.text)
    I2C0_ER_IRQHandler                       0x080001a1   Thumb Code     0  startup_gd32l235xx.o(.text)
    I2C0_EV_IRQHandler                       0x080001a1   Thumb Code     0  startup_gd32l235xx.o(.text)
    I2C0_WKUP_IRQHandler                     0x080001a1   Thumb Code     0  startup_gd32l235xx.o(.text)
    I2C1_ER_IRQHandler                       0x080001a1   Thumb Code     0  startup_gd32l235xx.o(.text)
    I2C1_EV_IRQHandler                       0x080001a1   Thumb Code     0  startup_gd32l235xx.o(.text)
    I2C1_WKUP_IRQHandler                     0x080001a1   Thumb Code     0  startup_gd32l235xx.o(.text)
    I2C2_ER_IRQHandler                       0x080001a1   Thumb Code     0  startup_gd32l235xx.o(.text)
    I2C2_EV_IRQHandler                       0x080001a1   Thumb Code     0  startup_gd32l235xx.o(.text)
    I2C2_WKUP_IRQHandler                     0x080001a1   Thumb Code     0  startup_gd32l235xx.o(.text)
    LPTIMER0_IRQHandler                      0x080001a1   Thumb Code     0  startup_gd32l235xx.o(.text)
    LPTIMER1_IRQHandler                      0x080001a1   Thumb Code     0  startup_gd32l235xx.o(.text)
    LPUART0_IRQHandler                       0x080001a1   Thumb Code     0  startup_gd32l235xx.o(.text)
    LPUART0_WKUP_IRQHandler                  0x080001a1   Thumb Code     0  startup_gd32l235xx.o(.text)
    LPUART1_IRQHandler                       0x080001a1   Thumb Code     0  startup_gd32l235xx.o(.text)
    LPUART1_WKUP_IRQHandler                  0x080001a1   Thumb Code     0  startup_gd32l235xx.o(.text)
    LVD_IRQHandler                           0x080001a1   Thumb Code     0  startup_gd32l235xx.o(.text)
    RCU_CTC_IRQHandler                       0x080001a1   Thumb Code     0  startup_gd32l235xx.o(.text)
    RTC_Alarm_IRQHandler                     0x080001a1   Thumb Code     0  startup_gd32l235xx.o(.text)
    RTC_WKUP_IRQHandler                      0x080001a1   Thumb Code     0  startup_gd32l235xx.o(.text)
    SLCD_IRQHandler                          0x080001a1   Thumb Code     0  startup_gd32l235xx.o(.text)
    SPI0_IRQHandler                          0x080001a1   Thumb Code     0  startup_gd32l235xx.o(.text)
    SPI1_IRQHandler                          0x080001a1   Thumb Code     0  startup_gd32l235xx.o(.text)
    TAMPER_STAMP_IRQHandler                  0x080001a1   Thumb Code     0  startup_gd32l235xx.o(.text)
    TIMER0_Channel_IRQHandler                0x080001a1   Thumb Code     0  startup_gd32l235xx.o(.text)
    TIMER0_TRG_CMT_UP_BRK_IRQHandler         0x080001a1   Thumb Code     0  startup_gd32l235xx.o(.text)
    TIMER11_IRQHandler                       0x080001a1   Thumb Code     0  startup_gd32l235xx.o(.text)
    TIMER14_IRQHandler                       0x080001a1   Thumb Code     0  startup_gd32l235xx.o(.text)
    TIMER1_IRQHandler                        0x080001a1   Thumb Code     0  startup_gd32l235xx.o(.text)
    TIMER2_IRQHandler                        0x080001a1   Thumb Code     0  startup_gd32l235xx.o(.text)
    TIMER40_IRQHandler                       0x080001a1   Thumb Code     0  startup_gd32l235xx.o(.text)
    TIMER5_IRQHandler                        0x080001a1   Thumb Code     0  startup_gd32l235xx.o(.text)
    TIMER6_IRQHandler                        0x080001a1   Thumb Code     0  startup_gd32l235xx.o(.text)
    TIMER8_IRQHandler                        0x080001a1   Thumb Code     0  startup_gd32l235xx.o(.text)
    TRNG_IRQHandler                          0x080001a1   Thumb Code     0  startup_gd32l235xx.o(.text)
    UART3_IRQHandler                         0x080001a1   Thumb Code     0  startup_gd32l235xx.o(.text)
    UART4_IRQHandler                         0x080001a1   Thumb Code     0  startup_gd32l235xx.o(.text)
    USART0_IRQHandler                        0x080001a1   Thumb Code     0  startup_gd32l235xx.o(.text)
    USART0_WKUP_IRQHandler                   0x080001a1   Thumb Code     0  startup_gd32l235xx.o(.text)
    USART1_IRQHandler                        0x080001a1   Thumb Code     0  startup_gd32l235xx.o(.text)
    USART1_WKUP_IRQHandler                   0x080001a1   Thumb Code     0  startup_gd32l235xx.o(.text)
    USBD_HP_CAN_TX_IRQHandler                0x080001a1   Thumb Code     0  startup_gd32l235xx.o(.text)
    USBD_LP_CAN_RX0_IRQHandler               0x080001a1   Thumb Code     0  startup_gd32l235xx.o(.text)
    USBD_WKUP_IRQHandler                     0x080001a1   Thumb Code     0  startup_gd32l235xx.o(.text)
    WWDGT_IRQHandler                         0x080001a1   Thumb Code     0  startup_gd32l235xx.o(.text)
    __aeabi_memset                           0x080001b9   Thumb Code    14  memseta.o(.text)
    __aeabi_memset4                          0x080001b9   Thumb Code     0  memseta.o(.text)
    __aeabi_memset8                          0x080001b9   Thumb Code     0  memseta.o(.text)
    __aeabi_memclr                           0x080001c7   Thumb Code     4  memseta.o(.text)
    __aeabi_memclr4                          0x080001c7   Thumb Code     0  memseta.o(.text)
    __aeabi_memclr8                          0x080001c7   Thumb Code     0  memseta.o(.text)
    _memset$wrapper                          0x080001cb   Thumb Code    18  memseta.o(.text)
    __scatterload                            0x080001dd   Thumb Code    28  init.o(.text)
    __scatterload_rt2                        0x080001dd   Thumb Code     0  init.o(.text)
    ConfigureAppUpdateflag                   0x08000201   Thumb Code    94  iap.o(.text.ConfigureAppUpdateflag)
    EarseFlash_1K                            0x0800025f   Thumb Code    56  gdflash.o(.text.EarseFlash_1K)
    HardFault_Handler                        0x08000297   Thumb Code     4  gd32l23x_it.o(.text.HardFault_Handler)
    NMI_Handler                              0x0800029b   Thumb Code     2  gd32l23x_it.o(.text.NMI_Handler)
    PendSV_Handler                           0x0800029d   Thumb Code     2  gd32l23x_it.o(.text.PendSV_Handler)
    ReadFlash                                0x0800029f   Thumb Code   162  gdflash.o(.text.ReadFlash)
    SVC_Handler                              0x08000341   Thumb Code     2  gd32l23x_it.o(.text.SVC_Handler)
    SysTick_Handler                          0x08000395   Thumb Code    12  gd32l23x_it.o(.text.SysTick_Handler)
    SystemInit                               0x080003a1   Thumb Code   186  system_gd32l23x.o(.text.SystemInit)
    WriteFlash                               0x0800045b   Thumb Code   112  gdflash.o(.text.WriteFlash)
    delay_decrement                          0x08000553   Thumb Code    32  systick.o(.text.delay_decrement)
    fmc_flag_clear                           0x08000573   Thumb Code   106  gd32l23x_fmc.o(.text.fmc_flag_clear)
    fmc_lock                                 0x080005dd   Thumb Code    18  gd32l23x_fmc.o(.text.fmc_lock)
    fmc_page_erase                           0x080005ef   Thumb Code    98  gd32l23x_fmc.o(.text.fmc_page_erase)
    fmc_unlock                               0x08000743   Thumb Code    50  gd32l23x_fmc.o(.text.fmc_unlock)
    gd_eval_led_off                          0x08000775   Thumb Code    38  gd32l23x_eval.o(.text.gd_eval_led_off)
    gd_eval_led_on                           0x0800079b   Thumb Code    38  gd32l23x_eval.o(.text.gd_eval_led_on)
    iap_load_app                             0x080007c1   Thumb Code    72  iap.o(.text.iap_load_app)
    led_spark                                0x08000809   Thumb Code    84  main.o(.text.led_spark)
    main                                     0x0800085d   Thumb Code    20  main.o(.text.main)
    nvic_vector_table_set                    0x08000871   Thumb Code    40  gd32l23x_misc.o(.text.nvic_vector_table_set)
    ota_process                              0x08000899   Thumb Code   102  iap.o(.text.ota_process)
    rcu_deinit                               0x080008ff   Thumb Code   166  gd32l23x_rcu.o(.text.rcu_deinit)
    systick_config                           0x08000ae7   Thumb Code    42  systick.o(.text.systick_config)
    update_firmware                          0x08000b11   Thumb Code   128  gdflash.o(.text.update_firmware)
    __scatterload_copy                       0x08000b91   Thumb Code    14  handlers.o(i.__scatterload_copy)
    __scatterload_null                       0x08000b9f   Thumb Code     2  handlers.o(i.__scatterload_null)
    __scatterload_zeroinit                   0x08000ba1   Thumb Code    14  handlers.o(i.__scatterload_zeroinit)
    Region$$Table$$Base                      0x08000bc0   Number         0  anon$$obj.o(Region$$Table)
    Region$$Table$$Limit                     0x08000be0   Number         0  anon$$obj.o(Region$$Table)
    SystemCoreClock                          0x20000000   Data           4  system_gd32l23x.o(.data.SystemCoreClock)
    nbuff_5555                               0x20000004   Data           4  iap.o(.data.nbuff_5555)
    nbuff_AAAA                               0x20000008   Data           4  iap.o(.data.nbuff_AAAA)
    cBuffer                                  0x20000010   Data        1024  gdflash.o(.bss.cBuffer)
    jump2app                                 0x20000414   Data           4  iap.o(.bss.jump2app)
    __initial_sp                             0x20000820   Data           0  startup_gd32l235xx.o(STACK)



==============================================================================

Memory Map of the image

  Image Entry point : 0x08000161

  Load Region LR_IROM1 (Base: 0x08000000, Size: 0x00000bf0, Max: 0x00020000, ABSOLUTE)

    Execution Region ER_IROM1 (Exec base: 0x08000000, Load base: 0x08000000, Size: 0x00000be0, Max: 0x00020000, ABSOLUTE)

    Exec Addr    Load Addr    Size         Type   Attr      Idx    E Section Name        Object

    0x08000000   0x08000000   0x00000160   Data   RO         1903    RESET               startup_gd32l235xx.o
    0x08000160   0x08000160   0x00000000   Code   RO         1985  * .ARM.Collect$$$$00000000  mc_p.l(entry.o)
    0x08000160   0x08000160   0x00000004   Code   RO         1994    .ARM.Collect$$$$00000001  mc_p.l(entry2.o)
    0x08000164   0x08000164   0x00000004   Code   RO         1997    .ARM.Collect$$$$00000004  mc_p.l(entry5.o)
    0x08000168   0x08000168   0x00000000   Code   RO         1999    .ARM.Collect$$$$00000008  mc_p.l(entry7b.o)
    0x08000168   0x08000168   0x00000000   Code   RO         2001    .ARM.Collect$$$$0000000A  mc_p.l(entry8b.o)
    0x08000168   0x08000168   0x00000008   Code   RO         2002    .ARM.Collect$$$$0000000B  mc_p.l(entry9a.o)
    0x08000170   0x08000170   0x00000000   Code   RO         2004    .ARM.Collect$$$$0000000D  mc_p.l(entry10a.o)
    0x08000170   0x08000170   0x00000000   Code   RO         2006    .ARM.Collect$$$$0000000F  mc_p.l(entry11a.o)
    0x08000170   0x08000170   0x00000004   Code   RO         1995    .ARM.Collect$$$$00002712  mc_p.l(entry2.o)
    0x08000174   0x08000174   0x00000044   Code   RO         1904    .text               startup_gd32l235xx.o
    0x080001b8   0x080001b8   0x00000024   Code   RO         1990    .text               mc_p.l(memseta.o)
    0x080001dc   0x080001dc   0x00000024   Code   RO         2008    .text               mc_p.l(init.o)
    0x08000200   0x08000200   0x0000005e   Code   RO         1971    .text.ConfigureAppUpdateflag  iap.o
    0x0800025e   0x0800025e   0x00000038   Code   RO         1956    .text.EarseFlash_1K  gdflash.o
    0x08000296   0x08000296   0x00000004   Code   RO           35    .text.HardFault_Handler  gd32l23x_it.o
    0x0800029a   0x0800029a   0x00000002   Code   RO           33    .text.NMI_Handler   gd32l23x_it.o
    0x0800029c   0x0800029c   0x00000002   Code   RO           39    .text.PendSV_Handler  gd32l23x_it.o
    0x0800029e   0x0800029e   0x000000a2   Code   RO         1954    .text.ReadFlash     gdflash.o
    0x08000340   0x08000340   0x00000002   Code   RO           37    .text.SVC_Handler   gd32l23x_it.o
    0x08000342   0x08000342   0x00000052   Code   RO           17    .text.SysTick_Config  systick.o
    0x08000394   0x08000394   0x0000000c   Code   RO           41    .text.SysTick_Handler  gd32l23x_it.o
    0x080003a0   0x080003a0   0x000000ba   Code   RO           50    .text.SystemInit    system_gd32l23x.o
    0x0800045a   0x0800045a   0x00000070   Code   RO         1952    .text.WriteFlash    gdflash.o
    0x080004ca   0x080004ca   0x00000088   Code   RO           19    .text.__NVIC_SetPriority  systick.o
    0x08000552   0x08000552   0x00000020   Code   RO           23    .text.delay_decrement  systick.o
    0x08000572   0x08000572   0x0000006a   Code   RO         1080    .text.fmc_flag_clear  gd32l23x_fmc.o
    0x080005dc   0x080005dc   0x00000012   Code   RO         1024    .text.fmc_lock      gd32l23x_fmc.o
    0x080005ee   0x080005ee   0x00000062   Code   RO         1032    .text.fmc_page_erase  gd32l23x_fmc.o
    0x08000650   0x08000650   0x0000005a   Code   RO         1034    .text.fmc_ready_wait  gd32l23x_fmc.o
    0x080006aa   0x080006aa   0x00000098   Code   RO         1090    .text.fmc_state_get  gd32l23x_fmc.o
    0x08000742   0x08000742   0x00000032   Code   RO         1022    .text.fmc_unlock    gd32l23x_fmc.o
    0x08000774   0x08000774   0x00000026   Code   RO         1915    .text.gd_eval_led_off  gd32l23x_eval.o
    0x0800079a   0x0800079a   0x00000026   Code   RO         1913    .text.gd_eval_led_on  gd32l23x_eval.o
    0x080007c0   0x080007c0   0x00000048   Code   RO         1969    .text.iap_load_app  iap.o
    0x08000808   0x08000808   0x00000054   Code   RO            2    .text.led_spark     main.o
    0x0800085c   0x0800085c   0x00000014   Code   RO            4    .text.main          main.o
    0x08000870   0x08000870   0x00000028   Code   RO          309    .text.nvic_vector_table_set  gd32l23x_misc.o
    0x08000898   0x08000898   0x00000066   Code   RO         1973    .text.ota_process   iap.o
    0x080008fe   0x080008fe   0x000000a6   Code   RO          324    .text.rcu_deinit    gd32l23x_rcu.o
    0x080009a4   0x080009a4   0x0000013a   Code   RO           56    .text.system_clock_64m_hxtal  system_gd32l23x.o
    0x08000ade   0x08000ade   0x00000008   Code   RO           52    .text.system_clock_config  system_gd32l23x.o
    0x08000ae6   0x08000ae6   0x0000002a   Code   RO           15    .text.systick_config  systick.o
    0x08000b10   0x08000b10   0x00000080   Code   RO         1958    .text.update_firmware  gdflash.o
    0x08000b90   0x08000b90   0x0000000e   Code   RO         2012    i.__scatterload_copy  mc_p.l(handlers.o)
    0x08000b9e   0x08000b9e   0x00000002   Code   RO         2013    i.__scatterload_null  mc_p.l(handlers.o)
    0x08000ba0   0x08000ba0   0x0000000e   Code   RO         2014    i.__scatterload_zeroinit  mc_p.l(handlers.o)
    0x08000bae   0x08000bae   0x00000002   PAD
    0x08000bb0   0x08000bb0   0x00000008   Data   RO         1927    .rodata.GPIO_PIN    gd32l23x_eval.o
    0x08000bb8   0x08000bb8   0x00000008   Data   RO         1926    .rodata.GPIO_PORT   gd32l23x_eval.o
    0x08000bc0   0x08000bc0   0x00000020   Data   RO         2011    Region$$Table       anon$$obj.o


    Execution Region RW_IRAM1 (Exec base: 0x20000000, Load base: 0x08000be0, Size: 0x00000820, Max: 0x00006000, ABSOLUTE)

    Exec Addr    Load Addr    Size         Type   Attr      Idx    E Section Name        Object

    0x20000000   0x08000be0   0x00000004   Data   RW           58    .data.SystemCoreClock  system_gd32l23x.o
    0x20000004   0x08000be4   0x00000004   Data   RW         1977    .data.nbuff_5555    iap.o
    0x20000008   0x08000be8   0x00000004   Data   RW         1976    .data.nbuff_AAAA    iap.o
    0x2000000c   0x08000bec   0x00000004   PAD
    0x20000010        -       0x00000400   Zero   RW         1960    .bss.cBuffer        gdflash.o
    0x20000410        -       0x00000004   Zero   RW           25    .bss.delay          systick.o
    0x20000414        -       0x00000004   Zero   RW         1975    .bss.jump2app       iap.o
    0x20000418        -       0x00000004   Zero   RW            6    .bss.led_spark.timingdelaylocal  main.o
    0x2000041c   0x08000bec   0x00000004   PAD
    0x20000420        -       0x00000400   Zero   RW         1901    STACK               startup_gd32l235xx.o


==============================================================================

Image component sizes


      Code (inc. data)   RO Data    RW Data    ZI Data      Debug   Object Name

        76          0         16          0          0       4101   gd32l23x_eval.o
       514          0          0          0          0       8785   gd32l23x_fmc.o
        22          0          0          0          0        701   gd32l23x_it.o
        40          0          0          0          0       4671   gd32l23x_misc.o
       166          0          0          0          0      14840   gd32l23x_rcu.o
       458          0          0          0       1024       2915   gdflash.o
       268          0          0          8          4       1639   iap.o
       104          0          0          0          4        827   main.o
        68         22        352          0       1024        732   startup_gd32l235xx.o
       508          0          0          4          0       2091   system_gd32l23x.o
       292          0          0          0          4       3762   systick.o

    ----------------------------------------------------------------------
      2516         22        400         12       2068      45064   Object Totals
         0          0         32          0          0          0   (incl. Generated)
         0          0          0          0          8          0   (incl. Padding)

    ----------------------------------------------------------------------

      Code (inc. data)   RO Data    RW Data    ZI Data      Debug   Library Member Name

         0          0          0          0          0          0   entry.o
         0          0          0          0          0          0   entry10a.o
         0          0          0          0          0          0   entry11a.o
         8          4          0          0          0          0   entry2.o
         4          0          0          0          0          0   entry5.o
         0          0          0          0          0          0   entry7b.o
         0          0          0          0          0          0   entry8b.o
         8          4          0          0          0          0   entry9a.o
        30          0          0          0          0          0   handlers.o
        36          8          0          0          0         68   init.o
        36          0          0          0          0        100   memseta.o

    ----------------------------------------------------------------------
       124         16          0          0          0        168   Library Totals
         2          0          0          0          0          0   (incl. Padding)

    ----------------------------------------------------------------------

      Code (inc. data)   RO Data    RW Data    ZI Data      Debug   Library Name

       122         16          0          0          0        168   mc_p.l

    ----------------------------------------------------------------------
       124         16          0          0          0        168   Library Totals

    ----------------------------------------------------------------------

==============================================================================


      Code (inc. data)   RO Data    RW Data    ZI Data      Debug   

      2640         38        400         12       2068      45204   Grand Totals
      2640         38        400         12       2068      45204   ELF Image Totals
      2640         38        400         12          0          0   ROM Totals

==============================================================================

    Total RO  Size (Code + RO Data)                 3040 (   2.97kB)
    Total RW  Size (RW Data + ZI Data)              2080 (   2.03kB)
    Total ROM Size (Code + RO Data + RW Data)       3052 (   2.98kB)

==============================================================================

