Component: Arm Compiler for Embedded 6.18 Tool: armlink [5e4cc100]

==============================================================================

Section Cross References

    main.o(.text.main) refers to systick.o(.text.systick_config) for systick_config
    main.o(.text.main) refers to main.o(.text.com_usart_init) for com_usart_init
    main.o(.text.main) refers to i2c_led.o(.text.IIC2_All_Init) for IIC2_All_Init
    main.o(.text.main) refers to systick.o(.text.delay_1ms) for delay_1ms
    main.o(.text.main) refers to sht4x_example_usage.o(.text.Init_SHT4X) for Init_SHT4X
    main.o(.text.main) refers to main.o(.rodata.str1.1) for .L.str
    main.o(.text.main) refers to printfa.o(i.__0printf) for printf
    main.o(.ARM.exidx.text.main) refers to main.o(.text.main) for [Anonymous Symbol]
    main.o(.text.com_usart_init) refers to gd32l23x_rcu.o(.text.rcu_periph_clock_enable) for rcu_periph_clock_enable
    main.o(.text.com_usart_init) refers to gd32l23x_gpio.o(.text.gpio_af_set) for gpio_af_set
    main.o(.text.com_usart_init) refers to gd32l23x_gpio.o(.text.gpio_mode_set) for gpio_mode_set
    main.o(.text.com_usart_init) refers to gd32l23x_gpio.o(.text.gpio_output_options_set) for gpio_output_options_set
    main.o(.text.com_usart_init) refers to gd32l23x_usart.o(.text.usart_deinit) for usart_deinit
    main.o(.text.com_usart_init) refers to gd32l23x_usart.o(.text.usart_word_length_set) for usart_word_length_set
    main.o(.text.com_usart_init) refers to gd32l23x_usart.o(.text.usart_stop_bit_set) for usart_stop_bit_set
    main.o(.text.com_usart_init) refers to gd32l23x_usart.o(.text.usart_parity_config) for usart_parity_config
    main.o(.text.com_usart_init) refers to gd32l23x_usart.o(.text.usart_baudrate_set) for usart_baudrate_set
    main.o(.text.com_usart_init) refers to gd32l23x_usart.o(.text.usart_receive_config) for usart_receive_config
    main.o(.text.com_usart_init) refers to gd32l23x_usart.o(.text.usart_transmit_config) for usart_transmit_config
    main.o(.text.com_usart_init) refers to gd32l23x_usart.o(.text.usart_enable) for usart_enable
    main.o(.ARM.exidx.text.com_usart_init) refers to main.o(.text.com_usart_init) for [Anonymous Symbol]
    main.o(.text.fputc) refers to gd32l23x_usart.o(.text.usart_data_transmit) for usart_data_transmit
    main.o(.text.fputc) refers to gd32l23x_usart.o(.text.usart_flag_get) for usart_flag_get
    main.o(.ARM.exidx.text.fputc) refers to main.o(.text.fputc) for [Anonymous Symbol]
    systick.o(.text.systick_config) refers to system_gd32l23x.o(.data.SystemCoreClock) for SystemCoreClock
    systick.o(.text.systick_config) refers to systick.o(.text.SysTick_Config) for SysTick_Config
    systick.o(.text.systick_config) refers to systick.o(.text.__NVIC_SetPriority) for __NVIC_SetPriority
    systick.o(.ARM.exidx.text.systick_config) refers to systick.o(.text.systick_config) for [Anonymous Symbol]
    systick.o(.text.SysTick_Config) refers to systick.o(.text.__NVIC_SetPriority) for __NVIC_SetPriority
    systick.o(.ARM.exidx.text.SysTick_Config) refers to systick.o(.text.SysTick_Config) for [Anonymous Symbol]
    systick.o(.ARM.exidx.text.__NVIC_SetPriority) refers to systick.o(.text.__NVIC_SetPriority) for [Anonymous Symbol]
    systick.o(.text.delay_1ms) refers to systick.o(.bss.delay) for delay
    systick.o(.ARM.exidx.text.delay_1ms) refers to systick.o(.text.delay_1ms) for [Anonymous Symbol]
    systick.o(.text.delay_decrement) refers to systick.o(.bss.delay) for delay
    systick.o(.ARM.exidx.text.delay_decrement) refers to systick.o(.text.delay_decrement) for [Anonymous Symbol]
    gd32l23x_it.o(.ARM.exidx.text.NMI_Handler) refers to gd32l23x_it.o(.text.NMI_Handler) for [Anonymous Symbol]
    gd32l23x_it.o(.ARM.exidx.text.HardFault_Handler) refers to gd32l23x_it.o(.text.HardFault_Handler) for [Anonymous Symbol]
    gd32l23x_it.o(.ARM.exidx.text.SVC_Handler) refers to gd32l23x_it.o(.text.SVC_Handler) for [Anonymous Symbol]
    gd32l23x_it.o(.ARM.exidx.text.PendSV_Handler) refers to gd32l23x_it.o(.text.PendSV_Handler) for [Anonymous Symbol]
    gd32l23x_it.o(.text.SysTick_Handler) refers to systick.o(.text.delay_decrement) for delay_decrement
    gd32l23x_it.o(.ARM.exidx.text.SysTick_Handler) refers to gd32l23x_it.o(.text.SysTick_Handler) for [Anonymous Symbol]
    system_gd32l23x.o(.text.SystemInit) refers to system_gd32l23x.o(.text.system_clock_config) for system_clock_config
    system_gd32l23x.o(.text.SystemInit) refers to gd32l23x_misc.o(.text.nvic_vector_table_set) for nvic_vector_table_set
    system_gd32l23x.o(.ARM.exidx.text.SystemInit) refers to system_gd32l23x.o(.text.SystemInit) for [Anonymous Symbol]
    system_gd32l23x.o(.text.system_clock_config) refers to system_gd32l23x.o(.text.system_clock_64m_hxtal) for system_clock_64m_hxtal
    system_gd32l23x.o(.ARM.exidx.text.system_clock_config) refers to system_gd32l23x.o(.text.system_clock_config) for [Anonymous Symbol]
[...]
    Removing gd32l23x_timer.o(.ARM.exidx.text.timer_master_output_trigger_source_select), (8 bytes).
    Removing gd32l23x_timer.o(.text.timer_slave_mode_select), (324 bytes).
    Removing gd32l23x_timer.o(.ARM.exidx.text.timer_slave_mode_select), (8 bytes).
    Removing gd32l23x_timer.o(.text.timer_master_slave_mode_config), (52 bytes).
    Removing gd32l23x_timer.o(.ARM.exidx.text.timer_master_slave_mode_config), (8 bytes).
    Removing gd32l23x_timer.o(.text.timer_external_trigger_config), (62 bytes).
    Removing gd32l23x_timer.o(.ARM.exidx.text.timer_external_trigger_config), (8 bytes).
    Removing gd32l23x_timer.o(.text.timer_quadrature_decoder_mode_config), (114 bytes).
    Removing gd32l23x_timer.o(.ARM.exidx.text.timer_quadrature_decoder_mode_config), (8 bytes).
    Removing gd32l23x_timer.o(.text.timer_internal_clock_config), (18 bytes).
    Removing gd32l23x_timer.o(.ARM.exidx.text.timer_internal_clock_config), (8 bytes).
    Removing gd32l23x_timer.o(.text.timer_internal_trigger_as_external_clock_config), (28 bytes).
    Removing gd32l23x_timer.o(.ARM.exidx.text.timer_internal_trigger_as_external_clock_config), (8 bytes).
    Removing gd32l23x_timer.o(.text.timer_external_trigger_as_external_clock_config), (272 bytes).
    Removing gd32l23x_timer.o(.ARM.exidx.text.timer_external_trigger_as_external_clock_config), (8 bytes).
    Removing gd32l23x_timer.o(.text.timer_external_clock_mode0_config), (44 bytes).
    Removing gd32l23x_timer.o(.ARM.exidx.text.timer_external_clock_mode0_config), (8 bytes).
    Removing gd32l23x_timer.o(.text.timer_external_clock_mode1_config), (40 bytes).
    Removing gd32l23x_timer.o(.ARM.exidx.text.timer_external_clock_mode1_config), (8 bytes).
    Removing gd32l23x_timer.o(.text.timer_external_clock_mode1_disable), (24 bytes).
    Removing gd32l23x_timer.o(.ARM.exidx.text.timer_external_clock_mode1_disable), (8 bytes).
    Removing gd32l23x_timer.o(.text.timer_channel_remap_config), (16 bytes).
    Removing gd32l23x_timer.o(.ARM.exidx.text.timer_channel_remap_config), (8 bytes).
    Removing gd32l23x_timer.o(.text.timer_write_chxval_register_config), (60 bytes).
    Removing gd32l23x_timer.o(.ARM.exidx.text.timer_write_chxval_register_config), (8 bytes).
    Removing gd32l23x_timer.o(.text.timer_flag_get), (42 bytes).
    Removing gd32l23x_timer.o(.ARM.exidx.text.timer_flag_get), (8 bytes).
    Removing gd32l23x_timer.o(.text.timer_flag_clear), (18 bytes).
    Removing gd32l23x_timer.o(.ARM.exidx.text.timer_flag_clear), (8 bytes).
    Removing gd32l23x_timer.o(.text.timer_interrupt_enable), (20 bytes).
    Removing gd32l23x_timer.o(.ARM.exidx.text.timer_interrupt_enable), (8 bytes).
    Removing gd32l23x_timer.o(.text.timer_interrupt_disable), (20 bytes).
    Removing gd32l23x_timer.o(.ARM.exidx.text.timer_interrupt_disable), (8 bytes).
    Removing gd32l23x_timer.o(.text.timer_interrupt_flag_get), (58 bytes).
    Removing gd32l23x_timer.o(.ARM.exidx.text.timer_interrupt_flag_get), (8 bytes).
    Removing gd32l23x_timer.o(.text.timer_interrupt_flag_clear), (18 bytes).
    Removing gd32l23x_timer.o(.ARM.exidx.text.timer_interrupt_flag_clear), (8 bytes).
    Removing gd32l23x_trng.o(.text), (0 bytes).
    Removing gd32l23x_trng.o(.text.trng_deinit), (24 bytes).
    Removing gd32l23x_trng.o(.ARM.exidx.text.trng_deinit), (8 bytes).
    Removing gd32l23x_trng.o(.text.trng_enable), (18 bytes).
    Removing gd32l23x_trng.o(.ARM.exidx.text.trng_enable), (8 bytes).
    Removing gd32l23x_trng.o(.text.trng_disable), (18 bytes).
    Removing gd32l23x_trng.o(.ARM.exidx.text.trng_disable), (8 bytes).
    Removing gd32l23x_trng.o(.text.trng_get_true_random_data), (12 bytes).
    Removing gd32l23x_trng.o(.ARM.exidx.text.trng_get_true_random_data), (8 bytes).
    Removing gd32l23x_trng.o(.text.trng_flag_get), (48 bytes).
    Removing gd32l23x_trng.o(.ARM.exidx.text.trng_flag_get), (8 bytes).
    Removing gd32l23x_trng.o(.text.trng_interrupt_enable), (18 bytes).
    Removing gd32l23x_trng.o(.ARM.exidx.text.trng_interrupt_enable), (8 bytes).
    Removing gd32l23x_trng.o(.text.trng_interrupt_disable), (18 bytes).
    Removing gd32l23x_trng.o(.ARM.exidx.text.trng_interrupt_disable), (8 bytes).
    Removing gd32l23x_trng.o(.text.trng_interrupt_flag_get), (48 bytes).
    Removing gd32l23x_trng.o(.ARM.exidx.text.trng_interrupt_flag_get), (8 bytes).
    Removing gd32l23x_trng.o(.text.trng_interrupt_flag_clear), (28 bytes).
    Removing gd32l23x_trng.o(.ARM.exidx.text.trng_interrupt_flag_clear), (8 bytes).
    Removing gd32l23x_wwdgt.o(.text), (0 bytes).
    Removing gd32l23x_wwdgt.o(.text.wwdgt_deinit), (24 bytes).
    Removing gd32l23x_wwdgt.o(.ARM.exidx.text.wwdgt_deinit), (8 bytes).
    Removing gd32l23x_wwdgt.o(.text.wwdgt_enable), (18 bytes).
    Removing gd32l23x_wwdgt.o(.ARM.exidx.text.wwdgt_enable), (8 bytes).
    Removing gd32l23x_wwdgt.o(.text.wwdgt_prescaler_value_config), (50 bytes).
    Removing gd32l23x_wwdgt.o(.ARM.exidx.text.wwdgt_prescaler_value_config), (8 bytes).
    Removing gd32l23x_wwdgt.o(.text.wwdgt_window_value_config), (44 bytes).
    Removing gd32l23x_wwdgt.o(.ARM.exidx.text.wwdgt_window_value_config), (8 bytes).
    Removing gd32l23x_wwdgt.o(.text.wwdgt_counter_update), (28 bytes).
    Removing gd32l23x_wwdgt.o(.ARM.exidx.text.wwdgt_counter_update), (8 bytes).
    Removing gd32l23x_wwdgt.o(.text.wwdgt_config), (54 bytes).
    Removing gd32l23x_wwdgt.o(.ARM.exidx.text.wwdgt_config), (8 bytes).
    Removing gd32l23x_wwdgt.o(.text.wwdgt_flag_get), (42 bytes).
    Removing gd32l23x_wwdgt.o(.ARM.exidx.text.wwdgt_flag_get), (8 bytes).
    Removing gd32l23x_wwdgt.o(.text.wwdgt_flag_clear), (18 bytes).
    Removing gd32l23x_wwdgt.o(.ARM.exidx.text.wwdgt_flag_clear), (8 bytes).
    Removing gd32l23x_wwdgt.o(.text.wwdgt_interrupt_enable), (20 bytes).
    Removing gd32l23x_wwdgt.o(.ARM.exidx.text.wwdgt_interrupt_enable), (8 bytes).
    Removing gd32l23x_ctc.o(.text), (0 bytes).
    Removing gd32l23x_ctc.o(.text.ctc_deinit), (24 bytes).
    Removing gd32l23x_ctc.o(.ARM.exidx.text.ctc_deinit), (8 bytes).
    Removing gd32l23x_ctc.o(.text.ctc_counter_enable), (18 bytes).
    Removing gd32l23x_ctc.o(.ARM.exidx.text.ctc_counter_enable), (8 bytes).
    Removing gd32l23x_ctc.o(.text.ctc_counter_disable), (18 bytes).
    Removing gd32l23x_ctc.o(.ARM.exidx.text.ctc_counter_disable), (8 bytes).
    Removing gd32l23x_ctc.o(.text.ctc_irc48m_trim_value_config), (44 bytes).
    Removing gd32l23x_ctc.o(.ARM.exidx.text.ctc_irc48m_trim_value_config), (8 bytes).
    Removing gd32l23x_ctc.o(.text.ctc_software_refsource_pulse_generate), (18 bytes).
    Removing gd32l23x_ctc.o(.ARM.exidx.text.ctc_software_refsource_pulse_generate), (8 bytes).
    Removing gd32l23x_ctc.o(.text.ctc_hardware_trim_mode_config), (32 bytes).
    Removing gd32l23x_ctc.o(.ARM.exidx.text.ctc_hardware_trim_mode_config), (8 bytes).
    Removing gd32l23x_ctc.o(.text.ctc_refsource_polarity_config), (38 bytes).
    Removing gd32l23x_ctc.o(.ARM.exidx.text.ctc_refsource_polarity_config), (8 bytes).
    Removing gd32l23x_ctc.o(.text.ctc_refsource_signal_select), (38 bytes).
    Removing gd32l23x_ctc.o(.ARM.exidx.text.ctc_refsource_signal_select), (8 bytes).
    Removing gd32l23x_ctc.o(.text.ctc_refsource_prescaler_config), (38 bytes).
    Removing gd32l23x_ctc.o(.ARM.exidx.text.ctc_refsource_prescaler_config), (8 bytes).
    Removing gd32l23x_ctc.o(.text.ctc_clock_limit_value_config), (44 bytes).
    Removing gd32l23x_ctc.o(.ARM.exidx.text.ctc_clock_limit_value_config), (8 bytes).
    Removing gd32l23x_ctc.o(.text.ctc_counter_reload_value_config), (42 bytes).
    Removing gd32l23x_ctc.o(.ARM.exidx.text.ctc_counter_reload_value_config), (8 bytes).
    Removing gd32l23x_ctc.o(.text.ctc_counter_capture_value_read), (28 bytes).
    Removing gd32l23x_ctc.o(.ARM.exidx.text.ctc_counter_capture_value_read), (8 bytes).
    Removing gd32l23x_ctc.o(.text.ctc_counter_direction_read), (44 bytes).
    Removing gd32l23x_ctc.o(.ARM.exidx.text.ctc_counter_direction_read), (8 bytes).
    Removing gd32l23x_ctc.o(.text.ctc_counter_reload_value_read), (26 bytes).
    Removing gd32l23x_ctc.o(.ARM.exidx.text.ctc_counter_reload_value_read), (8 bytes).
    Removing gd32l23x_ctc.o(.text.ctc_irc48m_trim_value_read), (34 bytes).
    Removing gd32l23x_ctc.o(.ARM.exidx.text.ctc_irc48m_trim_value_read), (8 bytes).
    Removing gd32l23x_ctc.o(.text.ctc_interrupt_enable), (24 bytes).
    Removing gd32l23x_ctc.o(.ARM.exidx.text.ctc_interrupt_enable), (8 bytes).
    Removing gd32l23x_ctc.o(.text.ctc_interrupt_disable), (24 bytes).
    Removing gd32l23x_ctc.o(.ARM.exidx.text.ctc_interrupt_disable), (8 bytes).
    Removing gd32l23x_ctc.o(.text.ctc_interrupt_flag_get), (108 bytes).
    Removing gd32l23x_ctc.o(.ARM.exidx.text.ctc_interrupt_flag_get), (8 bytes).
    Removing gd32l23x_ctc.o(.text.ctc_interrupt_flag_clear), (54 bytes).
    Removing gd32l23x_ctc.o(.ARM.exidx.text.ctc_interrupt_flag_clear), (8 bytes).
    Removing gd32l23x_ctc.o(.text.ctc_flag_get), (46 bytes).
    Removing gd32l23x_ctc.o(.ARM.exidx.text.ctc_flag_get), (8 bytes).
    Removing gd32l23x_ctc.o(.text.ctc_flag_clear), (54 bytes).
    Removing gd32l23x_ctc.o(.ARM.exidx.text.ctc_flag_clear), (8 bytes).
    Removing gd32l23x_lptimer.o(.text), (0 bytes).
    Removing gd32l23x_lptimer.o(.text.lptimer_deinit), (62 bytes).
    Removing gd32l23x_lptimer.o(.ARM.exidx.text.lptimer_deinit), (8 bytes).
    Removing gd32l23x_lptimer.o(.text.lptimer_struct_para_init), (50 bytes).
    Removing gd32l23x_lptimer.o(.ARM.exidx.text.lptimer_struct_para_init), (8 bytes).
    Removing gd32l23x_lptimer.o(.text.lptimer_init), (146 bytes).
    Removing gd32l23x_lptimer.o(.ARM.exidx.text.lptimer_init), (8 bytes).
    Removing gd32l23x_lptimer.o(.text.lptimer_inputremap), (22 bytes).
    Removing gd32l23x_lptimer.o(.ARM.exidx.text.lptimer_inputremap), (8 bytes).
    Removing gd32l23x_lptimer.o(.text.lptimer_register_shadow_enable), (20 bytes).
    Removing gd32l23x_lptimer.o(.ARM.exidx.text.lptimer_register_shadow_enable), (8 bytes).
    Removing gd32l23x_lptimer.o(.text.lptimer_register_shadow_disable), (24 bytes).
    Removing gd32l23x_lptimer.o(.ARM.exidx.text.lptimer_register_shadow_disable), (8 bytes).
    Removing gd32l23x_lptimer.o(.text.lptimer_timeout_enable), (20 bytes).
    Removing gd32l23x_lptimer.o(.ARM.exidx.text.lptimer_timeout_enable), (8 bytes).
    Removing gd32l23x_lptimer.o(.text.lptimer_timeout_disable), (24 bytes).
    Removing gd32l23x_lptimer.o(.ARM.exidx.text.lptimer_timeout_disable), (8 bytes).
    Removing gd32l23x_lptimer.o(.text.lptimer_countinue_start), (108 bytes).
    Removing gd32l23x_lptimer.o(.ARM.exidx.text.lptimer_countinue_start), (8 bytes).
    Removing gd32l23x_lptimer.o(.text.lptimer_single_start), (108 bytes).
    Removing gd32l23x_lptimer.o(.ARM.exidx.text.lptimer_single_start), (8 bytes).
    Removing gd32l23x_lptimer.o(.text.lptimer_stop), (18 bytes).
    Removing gd32l23x_lptimer.o(.ARM.exidx.text.lptimer_stop), (8 bytes).
    Removing gd32l23x_lptimer.o(.text.lptimer_counter_read), (20 bytes).
    Removing gd32l23x_lptimer.o(.ARM.exidx.text.lptimer_counter_read), (8 bytes).
    Removing gd32l23x_lptimer.o(.text.lptimer_autoreload_read), (20 bytes).
    Removing gd32l23x_lptimer.o(.ARM.exidx.text.lptimer_autoreload_read), (8 bytes).
    Removing gd32l23x_lptimer.o(.text.lptimer_compare_read), (20 bytes).
    Removing gd32l23x_lptimer.o(.ARM.exidx.text.lptimer_compare_read), (8 bytes).
    Removing gd32l23x_lptimer.o(.text.lptimer_autoreload_value_config), (16 bytes).
    Removing gd32l23x_lptimer.o(.ARM.exidx.text.lptimer_autoreload_value_config), (8 bytes).
    Removing gd32l23x_lptimer.o(.text.lptimer_compare_value_config), (16 bytes).
    Removing gd32l23x_lptimer.o(.ARM.exidx.text.lptimer_compare_value_config), (8 bytes).
    Removing gd32l23x_lptimer.o(.text.lptimer_decodemode0_enable), (36 bytes).
    Removing gd32l23x_lptimer.o(.ARM.exidx.text.lptimer_decodemode0_enable), (8 bytes).
    Removing gd32l23x_lptimer.o(.text.lptimer_decodemode1_enable), (20 bytes).
    Removing gd32l23x_lptimer.o(.ARM.exidx.text.lptimer_decodemode1_enable), (8 bytes).
    Removing gd32l23x_lptimer.o(.text.lptimer_decodemode_disable), (24 bytes).
    Removing gd32l23x_lptimer.o(.ARM.exidx.text.lptimer_decodemode_disable), (8 bytes).
    Removing gd32l23x_lptimer.o(.text.lptimer_highlevelcounter_enable), (28 bytes).
    Removing gd32l23x_lptimer.o(.ARM.exidx.text.lptimer_highlevelcounter_enable), (8 bytes).
    Removing gd32l23x_lptimer.o(.text.lptimer_highlevelcounter_disable), (24 bytes).
    Removing gd32l23x_lptimer.o(.ARM.exidx.text.lptimer_highlevelcounter_disable), (8 bytes).
    Removing gd32l23x_lptimer.o(.text.lptimer_flag_get), (42 bytes).
    Removing gd32l23x_lptimer.o(.ARM.exidx.text.lptimer_flag_get), (8 bytes).
    Removing gd32l23x_lptimer.o(.text.lptimer_flag_clear), (20 bytes).
    Removing gd32l23x_lptimer.o(.ARM.exidx.text.lptimer_flag_clear), (8 bytes).
    Removing gd32l23x_lptimer.o(.text.lptimer_interrupt_enable), (20 bytes).
    Removing gd32l23x_lptimer.o(.ARM.exidx.text.lptimer_interrupt_enable), (8 bytes).
    Removing gd32l23x_lptimer.o(.text.lptimer_interrupt_disable), (20 bytes).
    Removing gd32l23x_lptimer.o(.ARM.exidx.text.lptimer_interrupt_disable), (8 bytes).
    Removing gd32l23x_lptimer.o(.text.lptimer_interrupt_flag_get), (58 bytes).
    Removing gd32l23x_lptimer.o(.ARM.exidx.text.lptimer_interrupt_flag_get), (8 bytes).
    Removing gd32l23x_lptimer.o(.text.lptimer_interrupt_flag_clear), (20 bytes).
    Removing gd32l23x_lptimer.o(.ARM.exidx.text.lptimer_interrupt_flag_clear), (8 bytes).
    Removing gd32l23x_slcd.o(.text), (0 bytes).
    Removing gd32l23x_slcd.o(.text.slcd_deinit), (24 bytes).
    Removing gd32l23x_slcd.o(.ARM.exidx.text.slcd_deinit), (8 bytes).
    Removing gd32l23x_slcd.o(.text.slcd_enable), (18 bytes).
    Removing gd32l23x_slcd.o(.ARM.exidx.text.slcd_enable), (8 bytes).
    Removing gd32l23x_slcd.o(.text.slcd_disable), (18 bytes).
    Removing gd32l23x_slcd.o(.ARM.exidx.text.slcd_disable), (8 bytes).
    Removing gd32l23x_slcd.o(.text.slcd_init), (92 bytes).
    Removing gd32l23x_slcd.o(.ARM.exidx.text.slcd_init), (8 bytes).
    Removing gd32l23x_slcd.o(.text.slcd_weak_driving_resistance_select), (46 bytes).
    Removing gd32l23x_slcd.o(.ARM.exidx.text.slcd_weak_driving_resistance_select), (8 bytes).
    Removing gd32l23x_slcd.o(.text.slcd_bias_voltage_select), (32 bytes).
    Removing gd32l23x_slcd.o(.ARM.exidx.text.slcd_bias_voltage_select), (8 bytes).
    Removing gd32l23x_slcd.o(.text.slcd_duty_select), (32 bytes).
    Removing gd32l23x_slcd.o(.ARM.exidx.text.slcd_duty_select), (8 bytes).
    Removing gd32l23x_slcd.o(.text.slcd_clock_config), (52 bytes).
    Removing gd32l23x_slcd.o(.ARM.exidx.text.slcd_clock_config), (8 bytes).
    Removing gd32l23x_slcd.o(.text.slcd_blink_mode_config), (52 bytes).
    Removing gd32l23x_slcd.o(.ARM.exidx.text.slcd_blink_mode_config), (8 bytes).
    Removing gd32l23x_slcd.o(.text.slcd_dead_time_config), (46 bytes).
    Removing gd32l23x_slcd.o(.ARM.exidx.text.slcd_dead_time_config), (8 bytes).
    Removing gd32l23x_slcd.o(.text.slcd_pulse_on_duration_config), (40 bytes).
    Removing gd32l23x_slcd.o(.ARM.exidx.text.slcd_pulse_on_duration_config), (8 bytes).
    Removing gd32l23x_slcd.o(.text.slcd_com_seg_remap), (56 bytes).
    Removing gd32l23x_slcd.o(.ARM.exidx.text.slcd_com_seg_remap), (8 bytes).
    Removing gd32l23x_slcd.o(.text.slcd_voltage_source_select), (54 bytes).
    Removing gd32l23x_slcd.o(.ARM.exidx.text.slcd_voltage_source_select), (8 bytes).
    Removing gd32l23x_slcd.o(.text.slcd_high_drive_config), (56 bytes).
    Removing gd32l23x_slcd.o(.ARM.exidx.text.slcd_high_drive_config), (8 bytes).
    Removing gd32l23x_slcd.o(.text.slcd_data_register_write), (34 bytes).
    Removing gd32l23x_slcd.o(.ARM.exidx.text.slcd_data_register_write), (8 bytes).
    Removing gd32l23x_slcd.o(.text.slcd_data_update_request), (18 bytes).
    Removing gd32l23x_slcd.o(.ARM.exidx.text.slcd_data_update_request), (8 bytes).
    Removing gd32l23x_slcd.o(.text.slcd_flag_get), (46 bytes).
    Removing gd32l23x_slcd.o(.ARM.exidx.text.slcd_flag_get), (8 bytes).
    Removing gd32l23x_slcd.o(.text.slcd_flag_clear), (20 bytes).
    Removing gd32l23x_slcd.o(.ARM.exidx.text.slcd_flag_clear), (8 bytes).
    Removing gd32l23x_slcd.o(.text.slcd_interrupt_enable), (24 bytes).
    Removing gd32l23x_slcd.o(.ARM.exidx.text.slcd_interrupt_enable), (8 bytes).
    Removing gd32l23x_slcd.o(.text.slcd_interrupt_disable), (24 bytes).
    Removing gd32l23x_slcd.o(.ARM.exidx.text.slcd_interrupt_disable), (8 bytes).
    Removing gd32l23x_slcd.o(.text.slcd_interrupt_flag_get), (68 bytes).
    Removing gd32l23x_slcd.o(.ARM.exidx.text.slcd_interrupt_flag_get), (8 bytes).
    Removing gd32l23x_slcd.o(.text.slcd_interrupt_flag_clear), (20 bytes).
    Removing gd32l23x_slcd.o(.ARM.exidx.text.slcd_interrupt_flag_clear), (8 bytes).
    Removing gd32l23x_can.o(.text), (0 bytes).
    Removing gd32l23x_can.o(.text.can_deinit), (24 bytes).
    Removing gd32l23x_can.o(.ARM.exidx.text.can_deinit), (8 bytes).
    Removing gd32l23x_can.o(.text.can_struct_para_init), (322 bytes).
    Removing gd32l23x_can.o(.ARM.exidx.text.can_struct_para_init), (8 bytes).
    Removing gd32l23x_can.o(.text.can_init), (534 bytes).
    Removing gd32l23x_can.o(.ARM.exidx.text.can_init), (8 bytes).
    Removing gd32l23x_can.o(.text.can_filter_init), (336 bytes).
    Removing gd32l23x_can.o(.ARM.exidx.text.can_filter_init), (8 bytes).
    Removing gd32l23x_can.o(.text.can_debug_freeze_enable), (30 bytes).
    Removing gd32l23x_can.o(.ARM.exidx.text.can_debug_freeze_enable), (8 bytes).
    Removing gd32l23x_can.o(.text.can_debug_freeze_disable), (34 bytes).
    Removing gd32l23x_can.o(.ARM.exidx.text.can_debug_freeze_disable), (8 bytes).
    Removing gd32l23x_can.o(.text.can_time_trigger_mode_enable), (76 bytes).
    Removing gd32l23x_can.o(.ARM.exidx.text.can_time_trigger_mode_enable), (8 bytes).
    Removing gd32l23x_can.o(.text.can_time_trigger_mode_disable), (80 bytes).
    Removing gd32l23x_can.o(.ARM.exidx.text.can_time_trigger_mode_disable), (8 bytes).
    Removing gd32l23x_can.o(.text.can_message_transmit), (326 bytes).
    Removing gd32l23x_can.o(.ARM.exidx.text.can_message_transmit), (8 bytes).
    Removing gd32l23x_can.o(.text.can_transmit_states), (222 bytes).
    Removing gd32l23x_can.o(.ARM.exidx.text.can_transmit_states), (8 bytes).
    Removing gd32l23x_can.o(.text.can_transmission_stop), (168 bytes).
    Removing gd32l23x_can.o(.ARM.exidx.text.can_transmission_stop), (8 bytes).
    Removing gd32l23x_can.o(.text.can_message_receive), (302 bytes).
    Removing gd32l23x_can.o(.ARM.exidx.text.can_message_receive), (8 bytes).
    Removing gd32l23x_can.o(.text.can_fifo_release), (80 bytes).
    Removing gd32l23x_can.o(.ARM.exidx.text.can_fifo_release), (8 bytes).
    Removing gd32l23x_can.o(.text.can_receive_message_length_get), (82 bytes).
    Removing gd32l23x_can.o(.ARM.exidx.text.can_receive_message_length_get), (8 bytes).
    Removing gd32l23x_can.o(.text.can_working_mode_set), (386 bytes).
    Removing gd32l23x_can.o(.ARM.exidx.text.can_working_mode_set), (8 bytes).
    Removing gd32l23x_can.o(.text.can_wakeup), (122 bytes).
    Removing gd32l23x_can.o(.ARM.exidx.text.can_wakeup), (8 bytes).
    Removing gd32l23x_can.o(.text.can_error_get), (32 bytes).
    Removing gd32l23x_can.o(.ARM.exidx.text.can_error_get), (8 bytes).
    Removing gd32l23x_can.o(.text.can_receive_error_number_get), (24 bytes).
    Removing gd32l23x_can.o(.ARM.exidx.text.can_receive_error_number_get), (8 bytes).
    Removing gd32l23x_can.o(.text.can_transmit_error_number_get), (24 bytes).
    Removing gd32l23x_can.o(.ARM.exidx.text.can_transmit_error_number_get), (8 bytes).
    Removing gd32l23x_can.o(.text.can_flag_get), (58 bytes).
    Removing gd32l23x_can.o(.ARM.exidx.text.can_flag_get), (8 bytes).
    Removing gd32l23x_can.o(.text.can_flag_clear), (36 bytes).
    Removing gd32l23x_can.o(.ARM.exidx.text.can_flag_clear), (8 bytes).
    Removing gd32l23x_can.o(.text.can_interrupt_enable), (24 bytes).
    Removing gd32l23x_can.o(.ARM.exidx.text.can_interrupt_enable), (8 bytes).
    Removing gd32l23x_can.o(.text.can_interrupt_disable), (24 bytes).
    Removing gd32l23x_can.o(.ARM.exidx.text.can_interrupt_disable), (8 bytes).
    Removing gd32l23x_can.o(.text.can_interrupt_flag_get), (178 bytes).
    Removing gd32l23x_can.o(.ARM.exidx.text.can_interrupt_flag_get), (8 bytes).
    Removing gd32l23x_can.o(.text.can_interrupt_flag_clear), (30 bytes).
    Removing gd32l23x_can.o(.ARM.exidx.text.can_interrupt_flag_clear), (8 bytes).
    Removing startup_gd32l235xx.o(HEAP), (1024 bytes).
    Removing gd32l23x_eval.o(.text), (0 bytes).
    Removing gd32l23x_eval.o(.text.gd_eval_led_init), (112 bytes).
    Removing gd32l23x_eval.o(.ARM.exidx.text.gd_eval_led_init), (8 bytes).
    Removing gd32l23x_eval.o(.text.gd_eval_led_on), (38 bytes).
    Removing gd32l23x_eval.o(.ARM.exidx.text.gd_eval_led_on), (8 bytes).
    Removing gd32l23x_eval.o(.text.gd_eval_led_off), (38 bytes).
    Removing gd32l23x_eval.o(.ARM.exidx.text.gd_eval_led_off), (8 bytes).
    Removing gd32l23x_eval.o(.text.gd_eval_led_toggle), (38 bytes).
    Removing gd32l23x_eval.o(.ARM.exidx.text.gd_eval_led_toggle), (8 bytes).
    Removing gd32l23x_eval.o(.text.gd_eval_key_init), (184 bytes).
    Removing gd32l23x_eval.o(.ARM.exidx.text.gd_eval_key_init), (8 bytes).
    Removing gd32l23x_eval.o(.text.gd_eval_key_state_get), (42 bytes).
    Removing gd32l23x_eval.o(.ARM.exidx.text.gd_eval_key_state_get), (8 bytes).
    Removing gd32l23x_eval.o(.text.gd_eval_com_init), (236 bytes).
    Removing gd32l23x_eval.o(.ARM.exidx.text.gd_eval_com_init), (8 bytes).
    Removing gd32l23x_eval.o(.rodata.GPIO_CLK), (4 bytes).
    Removing gd32l23x_eval.o(.rodata.GPIO_PORT), (8 bytes).
    Removing gd32l23x_eval.o(.rodata.GPIO_PIN), (8 bytes).
    Removing gd32l23x_eval.o(.rodata.KEY_CLK), (4 bytes).
    Removing gd32l23x_eval.o(.rodata.KEY_PORT), (8 bytes).
    Removing gd32l23x_eval.o(.rodata.KEY_PIN), (8 bytes).
    Removing gd32l23x_eval.o(.rodata.KEY_IRQn), (2 bytes).
    Removing gd32l23x_eval.o(.rodata.KEY_PORT_SOURCE), (2 bytes).
    Removing gd32l23x_eval.o(.rodata.KEY_PIN_SOURCE), (2 bytes).
    Removing gd32l23x_eval.o(.rodata.KEY_EXTI_LINE), (8 bytes).
    Removing gd32l23x_eval.o(.rodata.COM_CLK), (2 bytes).
    Removing gd32l23x_eval.o(.rodata.COM_TX_PIN), (4 bytes).
    Removing gd32l23x_eval.o(.rodata.COM_RX_PIN), (4 bytes).
    Removing i2c_led.o(.text), (0 bytes).
    Removing i2c_led.o(.ARM.exidx.text.rcu_config), (8 bytes).
    Removing i2c_led.o(.ARM.exidx.text.gpio_config), (8 bytes).
    Removing i2c_led.o(.ARM.exidx.text.i2c_config), (8 bytes).
    Removing i2c_led.o(.text.i2c_bus_reset), (190 bytes).
    Removing i2c_led.o(.ARM.exidx.text.i2c_bus_reset), (8 bytes).
    Removing i2c_led.o(.ARM.exidx.text.IIC2_All_Init), (8 bytes).
    Removing i2c_led.o(.text.set_led_level), (36 bytes).
    Removing i2c_led.o(.ARM.exidx.text.set_led_level), (8 bytes).
    Removing i2c_led.o(.text.get_current_led_level), (12 bytes).
    Removing i2c_led.o(.ARM.exidx.text.get_current_led_level), (8 bytes).
    Removing i2c_led.o(.text.IS31_WriteOneByte_timeout), (874 bytes).
    Removing i2c_led.o(.ARM.exidx.text.IS31_WriteOneByte_timeout), (8 bytes).
    Removing i2c_led.o(.text.setReset), (28 bytes).
    Removing i2c_led.o(.ARM.exidx.text.setReset), (8 bytes).
    Removing i2c_led.o(.text.setPower), (66 bytes).
    Removing i2c_led.o(.ARM.exidx.text.setPower), (8 bytes).
    Removing i2c_led.o(.text.setRunMode), (56 bytes).
    Removing i2c_led.o(.ARM.exidx.text.setRunMode), (8 bytes).
    Removing i2c_led.o(.text.Get_led_run_mode), (12 bytes).
    Removing i2c_led.o(.ARM.exidx.text.Get_led_run_mode), (8 bytes).
    Removing i2c_led.o(.text.setFreq), (68 bytes).
    Removing i2c_led.o(.ARM.exidx.text.setFreq), (8 bytes).
    Removing i2c_led.o(.text.setPwm), (40 bytes).
    Removing i2c_led.o(.ARM.exidx.text.setPwm), (8 bytes).
    Removing i2c_led.o(.text.get_IS31FL_status), (12 bytes).
    Removing i2c_led.o(.ARM.exidx.text.get_IS31FL_status), (8 bytes).
    Removing i2c_led.o(.text.IS31FL3236_Init), (302 bytes).
    Removing i2c_led.o(.ARM.exidx.text.IS31FL3236_Init), (8 bytes).
    Removing i2c_led.o(.text.setPwmupdate), (28 bytes).
    Removing i2c_led.o(.ARM.exidx.text.setPwmupdate), (8 bytes).
    Removing i2c_led.o(.text.update_data_prepare), (92 bytes).
    Removing i2c_led.o(.ARM.exidx.text.update_data_prepare), (8 bytes).
    Removing i2c_led.o(.text.update_data_prepare_number), (74 bytes).
    Removing i2c_led.o(.ARM.exidx.text.update_data_prepare_number), (8 bytes).
    Removing i2c_led.o(.text.led_dispaly_state), (142 bytes).
    Removing i2c_led.o(.ARM.exidx.text.led_dispaly_state), (8 bytes).
    Removing i2c_led.o(.text.showIR_status), (56 bytes).
    Removing i2c_led.o(.ARM.exidx.text.showIR_status), (8 bytes).
    Removing i2c_led.o(.text.show_negative), (52 bytes).
    Removing i2c_led.o(.ARM.exidx.text.show_negative), (8 bytes).
    Removing i2c_led.o(.text.showNumber), (244 bytes).
    Removing i2c_led.o(.ARM.exidx.text.showNumber), (8 bytes).
    Removing i2c_led.o(.text.I2C_CTRL_Show_temp_humi), (728 bytes).
    Removing i2c_led.o(.ARM.exidx.text.I2C_CTRL_Show_temp_humi), (8 bytes).
    Removing i2c_led.o(.text.I2C_CTRL_Show_half), (164 bytes).
    Removing i2c_led.o(.ARM.exidx.text.I2C_CTRL_Show_half), (8 bytes).
    Removing i2c_led.o(.text.led_show_number), (98 bytes).
    Removing i2c_led.o(.ARM.exidx.text.led_show_number), (8 bytes).
    Removing i2c_led.o(.text.init_led_status), (26 bytes).
    Removing i2c_led.o(.ARM.exidx.text.init_led_status), (8 bytes).
    Removing i2c_led.o(.text.set_wifiled_status), (30 bytes).
    Removing i2c_led.o(.ARM.exidx.text.set_wifiled_status), (8 bytes).
    Removing i2c_led.o(.text.led_wifi_status), (392 bytes).
    Removing i2c_led.o(.ARM.exidx.text.led_wifi_status), (8 bytes).
    Removing i2c_led.o(.bss.i2c_bus_status), (1 bytes).
    Removing i2c_led.o(.data.PWM_Gamma64), (64 bytes).
    Removing i2c_led.o(.data.digital_code), (10 bytes).
    Removing i2c_led.o(.bss.i2c_led_level), (1 bytes).
    Removing i2c_led.o(.rodata.str1.1), (126 bytes).
    Removing i2c_led.o(.bss.s_led_run_mode), (1 bytes).
    Removing i2c_led.o(.data.m_IS31FL_status), (1 bytes).
    Removing i2c_led.o(.bss.I2C_CTRL_Show_temp_humi.old_temper), (2 bytes).
    Removing i2c_led.o(.bss.I2C_CTRL_Show_temp_humi.old_humi), (2 bytes).
    Removing i2c_led.o(.bss.local_i2c_led_value), (2 bytes).
    Removing i2c_led.o(.data.led_wifi_status.states), (1 bytes).
    Removing i2c_led.o(.bss.led_wifi_status.timingdelaylocal), (4 bytes).
    Removing i2c_led.o(.bss.led_wifi_status.timingdelaylocal_slow), (4 bytes).
    Removing sensirion_common.o(.text), (0 bytes).
    Removing sensirion_common.o(.text.sensirion_bytes_to_uint16_t), (18 bytes).
    Removing sensirion_common.o(.ARM.exidx.text.sensirion_bytes_to_uint16_t), (8 bytes).
    Removing sensirion_common.o(.text.sensirion_bytes_to_uint32_t), (30 bytes).
    Removing sensirion_common.o(.ARM.exidx.text.sensirion_bytes_to_uint32_t), (8 bytes).
    Removing sensirion_common.o(.text.sensirion_bytes_to_float), (20 bytes).
    Removing sensirion_common.o(.ARM.exidx.text.sensirion_bytes_to_float), (8 bytes).
    Removing sensirion_common.o(.ARM.exidx.text.sensirion_common_generate_crc), (8 bytes).
    Removing sensirion_common.o(.ARM.exidx.text.sensirion_common_check_crc), (8 bytes).
    Removing sensirion_common.o(.text.sensirion_i2c_general_call_reset), (22 bytes).
    Removing sensirion_common.o(.ARM.exidx.text.sensirion_i2c_general_call_reset), (8 bytes).
    Removing sensirion_common.o(.text.sensirion_fill_cmd_send_buf), (164 bytes).
    Removing sensirion_common.o(.ARM.exidx.text.sensirion_fill_cmd_send_buf), (8 bytes).
    Removing sensirion_common.o(.ARM.exidx.text.sensirion_i2c_read_words_as_bytes), (8 bytes).
    Removing sensirion_common.o(.ARM.exidx.text.sensirion_i2c_read_words), (8 bytes).
    Removing sensirion_common.o(.text.sensirion_i2c_write_cmd), (44 bytes).
    Removing sensirion_common.o(.ARM.exidx.text.sensirion_i2c_write_cmd), (8 bytes).
    Removing sensirion_common.o(.text.sensirion_i2c_write_cmd_with_args), (62 bytes).
    Removing sensirion_common.o(.ARM.exidx.text.sensirion_i2c_write_cmd_with_args), (8 bytes).
    Removing sensirion_common.o(.text.sensirion_i2c_delayed_read_cmd), (120 bytes).
    Removing sensirion_common.o(.ARM.exidx.text.sensirion_i2c_delayed_read_cmd), (8 bytes).
    Removing sensirion_common.o(.text.sensirion_i2c_read_cmd), (42 bytes).
    Removing sensirion_common.o(.ARM.exidx.text.sensirion_i2c_read_cmd), (8 bytes).
    Removing sensirion_hw_i2c_implementation.o(.text), (0 bytes).
    Removing sensirion_hw_i2c_implementation.o(.text.sensirion_i2c_select_bus), (14 bytes).
    Removing sensirion_hw_i2c_implementation.o(.ARM.exidx.text.sensirion_i2c_select_bus), (8 bytes).
    Removing sensirion_hw_i2c_implementation.o(.text.sensirion_i2c_init), (16 bytes).
    Removing sensirion_hw_i2c_implementation.o(.ARM.exidx.text.sensirion_i2c_init), (8 bytes).
    Removing sensirion_hw_i2c_implementation.o(.text.sensirion_i2c_release), (2 bytes).
    Removing sensirion_hw_i2c_implementation.o(.ARM.exidx.text.sensirion_i2c_release), (8 bytes).
    Removing sensirion_hw_i2c_implementation.o(.ARM.exidx.text.sensirion_i2c_read), (8 bytes).
    Removing sensirion_hw_i2c_implementation.o(.ARM.exidx.text.sensirion_i2c_ReadByte_timeout), (8 bytes).
    Removing sensirion_hw_i2c_implementation.o(.ARM.exidx.text.sensirion_i2c_write), (8 bytes).
    Removing sensirion_hw_i2c_implementation.o(.ARM.exidx.text.sensirion_i2c_WriteByte_timeout), (8 bytes).
    Removing sensirion_hw_i2c_implementation.o(.ARM.exidx.text.sensirion_sleep_usec), (8 bytes).
    Removing sensirion_hw_i2c_implementation.o(.text.sensirion_i2c_WriteOneByte), (14 bytes).
    Removing sensirion_hw_i2c_implementation.o(.ARM.exidx.text.sensirion_i2c_WriteOneByte), (8 bytes).
    Removing sensirion_hw_i2c_implementation.o(.text.sensirion_i2c_gpio_config), (100 bytes).
    Removing sensirion_hw_i2c_implementation.o(.ARM.exidx.text.sensirion_i2c_gpio_config), (8 bytes).
    Removing sensirion_hw_i2c_implementation.o(.text.sensirion_i2c_rcu_config), (20 bytes).
    Removing sensirion_hw_i2c_implementation.o(.ARM.exidx.text.sensirion_i2c_rcu_config), (8 bytes).
    Removing sensirion_hw_i2c_implementation.o(.text.sensirion_i2c_attribute_config), (56 bytes).
    Removing sensirion_hw_i2c_implementation.o(.ARM.exidx.text.sensirion_i2c_attribute_config), (8 bytes).
    Removing sht_git_version.o(.text), (0 bytes).
    Removing sht_git_version.o(.rodata.str1.1), (6 bytes).
    Removing sht_git_version.o(.data.SHT_DRV_VERSION_STR), (4 bytes).
    Removing sht4x.o(.text), (0 bytes).
    Removing sht4x.o(.text.sht4x_measure_blocking_read), (70 bytes).
    Removing sht4x.o(.ARM.exidx.text.sht4x_measure_blocking_read), (8 bytes).
    Removing sht4x.o(.text.sht4x_measure), (20 bytes).
    Removing sht4x.o(.ARM.exidx.text.sht4x_measure), (8 bytes).
    Removing sht4x.o(.text.sht4x_read), (76 bytes).
    Removing sht4x.o(.ARM.exidx.text.sht4x_read), (8 bytes).
    Removing sht4x.o(.ARM.exidx.text.sht4x_probe), (8 bytes).
    Removing sht4x.o(.ARM.exidx.text.sht4x_read_serial), (8 bytes).
    Removing sht4x.o(.text.get_sht4x_status), (12 bytes).
    Removing sht4x.o(.ARM.exidx.text.get_sht4x_status), (8 bytes).
    Removing sht4x.o(.ARM.exidx.text.set_sht4x_status), (8 bytes).
    Removing sht4x.o(.data.sht4x_cmd_measure_delay_us), (2 bytes).
    Removing sht4x.o(.data.sht4x_cmd_measure), (1 bytes).
    Removing sht4x_example_usage.o(.text), (0 bytes).
    Removing sht4x_example_usage.o(.ARM.exidx.text.SHT4x_init), (8 bytes).
    Removing sht4x_example_usage.o(.ARM.exidx.text.Init_SHT4X), (8 bytes).
    Removing sht4x_example_usage.o(.text.sht4x_measure_detail), (40 bytes).
    Removing sht4x_example_usage.o(.ARM.exidx.text.sht4x_measure_detail), (8 bytes).

1803 unused section(s) (total 67416 bytes) removed from the image.

==============================================================================

Image Symbol Table

    Local Symbols

    Symbol Name                              Value     Ov Type        Size  Object(Section)

    ../clib/division.s                       0x00000000   Number         0  aeabi_sdiv.o ABSOLUTE
    ../clib/division.s                       0x00000000   Number         0  aeabi_sdiv_div0.o ABSOLUTE
    ../clib/microlib/division.c              0x00000000   Number         0  uidiv.o ABSOLUTE
    ../clib/microlib/division.c              0x00000000   Number         0  uldiv.o ABSOLUTE
    ../clib/microlib/division.c              0x00000000   Number         0  uidiv_div0.o ABSOLUTE
    ../clib/microlib/division.c              0x00000000   Number         0  idiv_div0.o ABSOLUTE
    ../clib/microlib/division.c              0x00000000   Number         0  idiv0.o ABSOLUTE
    ../clib/microlib/init/entry.s            0x00000000   Number         0  entry.o ABSOLUTE
    ../clib/microlib/init/entry.s            0x00000000   Number         0  entry2.o ABSOLUTE
    ../clib/microlib/init/entry.s            0x00000000   Number         0  entry5.o ABSOLUTE
    ../clib/microlib/init/entry.s            0x00000000   Number         0  entry7a.o ABSOLUTE
    ../clib/microlib/init/entry.s            0x00000000   Number         0  entry7b.o ABSOLUTE
    ../clib/microlib/init/entry.s            0x00000000   Number         0  entry8a.o ABSOLUTE
    ../clib/microlib/init/entry.s            0x00000000   Number         0  entry8b.o ABSOLUTE
    ../clib/microlib/init/entry.s            0x00000000   Number         0  entry9a.o ABSOLUTE
    ../clib/microlib/init/entry.s            0x00000000   Number         0  entry9b.o ABSOLUTE
    ../clib/microlib/init/entry.s            0x00000000   Number         0  entry10a.o ABSOLUTE
    ../clib/microlib/init/entry.s            0x00000000   Number         0  entry10b.o ABSOLUTE
    ../clib/microlib/init/entry.s            0x00000000   Number         0  entry11a.o ABSOLUTE
    ../clib/microlib/init/entry.s            0x00000000   Number         0  entry11b.o ABSOLUTE
    ../clib/microlib/longlong.c              0x00000000   Number         0  llshl.o ABSOLUTE
    ../clib/microlib/longlong.c              0x00000000   Number         0  llushr.o ABSOLUTE
    ../clib/microlib/longlong.c              0x00000000   Number         0  llsshr.o ABSOLUTE
    ../clib/microlib/printf/printf.c         0x00000000   Number         0  printfa.o ABSOLUTE
    ../clib/microlib/stdio/streams.c         0x00000000   Number         0  stdout.o ABSOLUTE
    ../clib/microlib/stdlib/abs.c            0x00000000   Number         0  siabs.o ABSOLUTE
    ../clib/microlib/stdlib/abs.c            0x00000000   Number         0  ilabs.o ABSOLUTE
    ../clib/microlib/string/memcpy.c         0x00000000   Number         0  memcpya.o ABSOLUTE
    ../clib/microlib/string/memcpy.c         0x00000000   Number         0  memcpyb.o ABSOLUTE
    ../clib/microlib/stubs.s                 0x00000000   Number         0  iusefp.o ABSOLUTE
    ../fplib/microlib/fpadd.c                0x00000000   Number         0  dadd.o ABSOLUTE
    ../fplib/microlib/fpdiv.c                0x00000000   Number         0  ddiv.o ABSOLUTE
    ../fplib/microlib/fpepilogue.c           0x00000000   Number         0  depilogue.o ABSOLUTE
    ../fplib/microlib/fpfix.c                0x00000000   Number         0  dfixul.o ABSOLUTE
    ../fplib/microlib/fpmul.c                0x00000000   Number         0  dmul.o ABSOLUTE
    ..\..\Firmware\CMSIS\GD\GD32L23x\Source\ARM\startup_gd32l235xx.s 0x00000000   Number         0  startup_gd32l235xx.o ABSOLUTE
    cdrcmple.s                               0x00000000   Number         0  cdrcmple.o ABSOLUTE
    dc.s                                     0x00000000   Number         0  dc.o ABSOLUTE
    gd32l23x_adc.c                           0x00000000   Number         0  gd32l23x_adc.o ABSOLUTE
    gd32l23x_can.c                           0x00000000   Number         0  gd32l23x_can.o ABSOLUTE
    gd32l23x_cau.c                           0x00000000   Number         0  gd32l23x_cau.o ABSOLUTE
    gd32l23x_cau_aes.c                       0x00000000   Number         0  gd32l23x_cau_aes.o ABSOLUTE
    gd32l23x_cau_des.c                       0x00000000   Number         0  gd32l23x_cau_des.o ABSOLUTE
    gd32l23x_cau_tdes.c                      0x00000000   Number         0  gd32l23x_cau_tdes.o ABSOLUTE
    gd32l23x_cmp.c                           0x00000000   Number         0  gd32l23x_cmp.o ABSOLUTE
    gd32l23x_crc.c                           0x00000000   Number         0  gd32l23x_crc.o ABSOLUTE
    gd32l23x_ctc.c                           0x00000000   Number         0  gd32l23x_ctc.o ABSOLUTE
    gd32l23x_dac.c                           0x00000000   Number         0  gd32l23x_dac.o ABSOLUTE
    gd32l23x_dbg.c                           0x00000000   Number         0  gd32l23x_dbg.o ABSOLUTE
    gd32l23x_dma.c                           0x00000000   Number         0  gd32l23x_dma.o ABSOLUTE
    gd32l23x_eval.c                          0x00000000   Number         0  gd32l23x_eval.o ABSOLUTE
    gd32l23x_exti.c                          0x00000000   Number         0  gd32l23x_exti.o ABSOLUTE
    gd32l23x_fmc.c                           0x00000000   Number         0  gd32l23x_fmc.o ABSOLUTE
    gd32l23x_fwdgt.c                         0x00000000   Number         0  gd32l23x_fwdgt.o ABSOLUTE
    gd32l23x_gpio.c                          0x00000000   Number         0  gd32l23x_gpio.o ABSOLUTE
    gd32l23x_i2c.c                           0x00000000   Number         0  gd32l23x_i2c.o ABSOLUTE
    gd32l23x_it.c                            0x00000000   Number         0  gd32l23x_it.o ABSOLUTE
    gd32l23x_lptimer.c                       0x00000000   Number         0  gd32l23x_lptimer.o ABSOLUTE
    gd32l23x_lpuart.c                        0x00000000   Number         0  gd32l23x_lpuart.o ABSOLUTE
    gd32l23x_misc.c                          0x00000000   Number         0  gd32l23x_misc.o ABSOLUTE
    gd32l23x_pmu.c                           0x00000000   Number         0  gd32l23x_pmu.o ABSOLUTE
    gd32l23x_rcu.c                           0x00000000   Number         0  gd32l23x_rcu.o ABSOLUTE
    gd32l23x_rtc.c                           0x00000000   Number         0  gd32l23x_rtc.o ABSOLUTE
    gd32l23x_slcd.c                          0x00000000   Number         0  gd32l23x_slcd.o ABSOLUTE
    gd32l23x_spi.c                           0x00000000   Number         0  gd32l23x_spi.o ABSOLUTE
    gd32l23x_syscfg.c                        0x00000000   Number         0  gd32l23x_syscfg.o ABSOLUTE
    gd32l23x_timer.c                         0x00000000   Number         0  gd32l23x_timer.o ABSOLUTE
    gd32l23x_trng.c                          0x00000000   Number         0  gd32l23x_trng.o ABSOLUTE
    gd32l23x_usart.c                         0x00000000   Number         0  gd32l23x_usart.o ABSOLUTE
    gd32l23x_vref.c                          0x00000000   Number         0  gd32l23x_vref.o ABSOLUTE
    gd32l23x_wwdgt.c                         0x00000000   Number         0  gd32l23x_wwdgt.o ABSOLUTE
    handlers.s                               0x00000000   Number         0  handlers.o ABSOLUTE
    i2c_led.c                                0x00000000   Number         0  i2c_led.o ABSOLUTE
    init.s                                   0x00000000   Number         0  init.o ABSOLUTE
    main.c                                   0x00000000   Number         0  main.o ABSOLUTE
    sensirion_common.c                       0x00000000   Number         0  sensirion_common.o ABSOLUTE
    sensirion_hw_i2c_implementation.c        0x00000000   Number         0  sensirion_hw_i2c_implementation.o ABSOLUTE
    sht4x.c                                  0x00000000   Number         0  sht4x.o ABSOLUTE
    sht4x_example_usage.c                    0x00000000   Number         0  sht4x_example_usage.o ABSOLUTE
    sht_git_version.c                        0x00000000   Number         0  sht_git_version.o ABSOLUTE
    system_gd32l23x.c                        0x00000000   Number         0  system_gd32l23x.o ABSOLUTE
    systick.c                                0x00000000   Number         0  systick.o ABSOLUTE
    RESET                                    0x08000000   Section      352  startup_gd32l235xx.o(RESET)
    .ARM.Collect$$$$00000000                 0x08000160   Section        0  entry.o(.ARM.Collect$$$$00000000)
    .ARM.Collect$$$$00000001                 0x08000160   Section        4  entry2.o(.ARM.Collect$$$$00000001)
    .ARM.Collect$$$$00000004                 0x08000164   Section        4  entry5.o(.ARM.Collect$$$$00000004)
    .ARM.Collect$$$$00000008                 0x08000168   Section        0  entry7b.o(.ARM.Collect$$$$00000008)
    .ARM.Collect$$$$0000000A                 0x08000168   Section        0  entry8b.o(.ARM.Collect$$$$0000000A)
    .ARM.Collect$$$$0000000B                 0x08000168   Section        8  entry9a.o(.ARM.Collect$$$$0000000B)
    __lit__00000000                          0x08000170   Data           4  entry2.o(.ARM.Collect$$$$00002712)
    .ARM.Collect$$$$0000000D                 0x08000170   Section        0  entry10a.o(.ARM.Collect$$$$0000000D)
    .ARM.Collect$$$$0000000F                 0x08000170   Section        0  entry11a.o(.ARM.Collect$$$$0000000F)
    .ARM.Collect$$$$00002712                 0x08000170   Section        4  entry2.o(.ARM.Collect$$$$00002712)
    .text                                    0x08000174   Section       68  startup_gd32l235xx.o(.text)
    .text                                    0x080001b8   Section        0  uldiv.o(.text)
    .text                                    0x08000218   Section        0  iusefp.o(.text)
    .text                                    0x08000218   Section        0  dadd.o(.text)
    .text                                    0x0800037c   Section        0  dmul.o(.text)
    .text                                    0x0800044c   Section        0  ddiv.o(.text)
    .text                                    0x0800053c   Section        0  dfixul.o(.text)
    .text                                    0x0800057c   Section       40  cdrcmple.o(.text)
    .text                                    0x080005a4   Section       36  init.o(.text)
    .text                                    0x080005c8   Section        0  uidiv_div0.o(.text)
    .text                                    0x08000606   Section        0  llshl.o(.text)
    .text                                    0x08000626   Section        0  llushr.o(.text)
    .text                                    0x08000648   Section        0  llsshr.o(.text)
    .text                                    0x0800066e   Section        0  depilogue.o(.text)
    [Anonymous Symbol]                       0x0800072c   Section        0  gd32l23x_it.o(.text.HardFault_Handler)
    [Anonymous Symbol]                       0x08000730   Section        0  i2c_led.o(.text.IIC2_All_Init)
    [Anonymous Symbol]                       0x08000740   Section        0  sht4x_example_usage.o(.text.Init_SHT4X)
    [Anonymous Symbol]                       0x0800077e   Section        0  gd32l23x_it.o(.text.NMI_Handler)
    [Anonymous Symbol]                       0x08000780   Section        0  gd32l23x_it.o(.text.PendSV_Handler)
    [Anonymous Symbol]                       0x08000782   Section        0  sht4x_example_usage.o(.text.SHT4x_init)
    [Anonymous Symbol]                       0x0800078a   Section        0  gd32l23x_it.o(.text.SVC_Handler)
    SysTick_Config                           0x0800078d   Thumb Code    82  systick.o(.text.SysTick_Config)
    [Anonymous Symbol]                       0x0800078c   Section        0  systick.o(.text.SysTick_Config)
    [Anonymous Symbol]                       0x080007de   Section        0  gd32l23x_it.o(.text.SysTick_Handler)
    [Anonymous Symbol]                       0x080007e6   Section        0  system_gd32l23x.o(.text.SystemInit)
    __NVIC_SetPriority                       0x080008a1   Thumb Code   136  systick.o(.text.__NVIC_SetPriority)
    [Anonymous Symbol]                       0x080008a0   Section        0  systick.o(.text.__NVIC_SetPriority)
    [Anonymous Symbol]                       0x08000928   Section        0  main.o(.text.com_usart_init)
    [Anonymous Symbol]                       0x080009dc   Section        0  systick.o(.text.delay_1ms)
    [Anonymous Symbol]                       0x08000a02   Section        0  systick.o(.text.delay_decrement)
    [Anonymous Symbol]                       0x08000a22   Section        0  main.o(.text.fputc)
    [Anonymous Symbol]                       0x08000a58   Section        0  gd32l23x_gpio.o(.text.gpio_af_set)
    [Anonymous Symbol]                       0x08000b18   Section        0  i2c_led.o(.text.gpio_config)
    [Anonymous Symbol]                       0x08000b7c   Section        0  gd32l23x_gpio.o(.text.gpio_mode_set)
    [Anonymous Symbol]                       0x08000c0a   Section        0  gd32l23x_gpio.o(.text.gpio_output_options_set)
    [Anonymous Symbol]                       0x08000c94   Section        0  gd32l23x_i2c.o(.text.i2c_address_config)
    [Anonymous Symbol]                       0x08000cc0   Section        0  i2c_led.o(.text.i2c_config)
    [Anonymous Symbol]                       0x08000cf8   Section        0  gd32l23x_i2c.o(.text.i2c_data_receive)
    [Anonymous Symbol]                       0x08000d06   Section        0  gd32l23x_i2c.o(.text.i2c_data_transmit)
    [Anonymous Symbol]                       0x08000d18   Section        0  gd32l23x_i2c.o(.text.i2c_enable)
    [Anonymous Symbol]                       0x08000d2a   Section        0  gd32l23x_i2c.o(.text.i2c_flag_clear)
    [Anonymous Symbol]                       0x08000d3e   Section        0  gd32l23x_i2c.o(.text.i2c_flag_get)
    [Anonymous Symbol]                       0x08000d68   Section        0  gd32l23x_i2c.o(.text.i2c_master_addressing)
    [Anonymous Symbol]                       0x08000da8   Section        0  gd32l23x_i2c.o(.text.i2c_master_clock_config)
    [Anonymous Symbol]                       0x08000dea   Section        0  gd32l23x_i2c.o(.text.i2c_nack_disable)
    [Anonymous Symbol]                       0x08000e02   Section        0  gd32l23x_i2c.o(.text.i2c_nack_enable)
    [Anonymous Symbol]                       0x08000e16   Section        0  gd32l23x_i2c.o(.text.i2c_start_on_bus)
    [Anonymous Symbol]                       0x08000e2a   Section        0  gd32l23x_i2c.o(.text.i2c_stop_on_bus)
    [Anonymous Symbol]                       0x08000e3e   Section        0  gd32l23x_i2c.o(.text.i2c_timing_config)
    [Anonymous Symbol]                       0x08000ea4   Section        0  gd32l23x_i2c.o(.text.i2c_transfer_byte_number_config)
    [Anonymous Symbol]                       0x08000eca   Section        0  main.o(.text.main)
    [Anonymous Symbol]                       0x08000f08   Section        0  gd32l23x_misc.o(.text.nvic_vector_table_set)
    [Anonymous Symbol]                       0x08000f30   Section        0  gd32l23x_rcu.o(.text.rcu_clock_freq_get)
    [Anonymous Symbol]                       0x080018e0   Section        0  i2c_led.o(.text.rcu_config)
    [Anonymous Symbol]                       0x080018f4   Section        0  gd32l23x_rcu.o(.text.rcu_periph_clock_enable)
    [Anonymous Symbol]                       0x0800191c   Section        0  gd32l23x_rcu.o(.text.rcu_periph_reset_disable)
    [Anonymous Symbol]                       0x08001944   Section        0  gd32l23x_rcu.o(.text.rcu_periph_reset_enable)
    [Anonymous Symbol]                       0x0800196c   Section        0  sensirion_common.o(.text.sensirion_common_check_crc)
    [Anonymous Symbol]                       0x080019ae   Section        0  sensirion_common.o(.text.sensirion_common_generate_crc)
    [Anonymous Symbol]                       0x08001a38   Section        0  sensirion_hw_i2c_implementation.o(.text.sensirion_i2c_ReadByte_timeout)
    [Anonymous Symbol]                       0x08001d64   Section        0  sensirion_hw_i2c_implementation.o(.text.sensirion_i2c_WriteByte_timeout)
    [Anonymous Symbol]                       0x08002112   Section        0  sensirion_hw_i2c_implementation.o(.text.sensirion_i2c_read)
    [Anonymous Symbol]                       0x08002172   Section        0  sensirion_common.o(.text.sensirion_i2c_read_words)
    [Anonymous Symbol]                       0x080021fa   Section        0  sensirion_common.o(.text.sensirion_i2c_read_words_as_bytes)
    [Anonymous Symbol]                       0x080022d6   Section        0  sensirion_hw_i2c_implementation.o(.text.sensirion_i2c_write)
    [Anonymous Symbol]                       0x08002354   Section        0  sensirion_hw_i2c_implementation.o(.text.sensirion_sleep_usec)
    [Anonymous Symbol]                       0x08002390   Section        0  sht4x.o(.text.set_sht4x_status)
    [Anonymous Symbol]                       0x080023a6   Section        0  sht4x.o(.text.sht4x_probe)
    [Anonymous Symbol]                       0x080023b4   Section        0  sht4x.o(.text.sht4x_read_serial)
    system_clock_64m_hxtal                   0x08002431   Thumb Code   314  system_gd32l23x.o(.text.system_clock_64m_hxtal)
    [Anonymous Symbol]                       0x08002430   Section        0  system_gd32l23x.o(.text.system_clock_64m_hxtal)
    system_clock_config                      0x0800256b   Thumb Code     8  system_gd32l23x.o(.text.system_clock_config)
    [Anonymous Symbol]                       0x0800256a   Section        0  system_gd32l23x.o(.text.system_clock_config)
    [Anonymous Symbol]                       0x08002572   Section        0  systick.o(.text.systick_config)
    [Anonymous Symbol]                       0x0800259c   Section        0  gd32l23x_usart.o(.text.usart_baudrate_set)
    [Anonymous Symbol]                       0x0800268c   Section        0  gd32l23x_usart.o(.text.usart_data_transmit)
    [Anonymous Symbol]                       0x080026a4   Section        0  gd32l23x_usart.o(.text.usart_deinit)
    [Anonymous Symbol]                       0x0800273a   Section        0  gd32l23x_usart.o(.text.usart_enable)
    [Anonymous Symbol]                       0x0800274c   Section        0  gd32l23x_usart.o(.text.usart_flag_get)
    [Anonymous Symbol]                       0x08002788   Section        0  gd32l23x_usart.o(.text.usart_parity_config)
    [Anonymous Symbol]                       0x080027b6   Section        0  gd32l23x_usart.o(.text.usart_receive_config)
    [Anonymous Symbol]                       0x080027d4   Section        0  gd32l23x_usart.o(.text.usart_stop_bit_set)
    [Anonymous Symbol]                       0x08002802   Section        0  gd32l23x_usart.o(.text.usart_transmit_config)
    [Anonymous Symbol]                       0x08002820   Section        0  gd32l23x_usart.o(.text.usart_word_length_set)
    i.__0printf                              0x08002850   Section        0  printfa.o(i.__0printf)
    i.__ARM_clz                              0x08002870   Section        0  depilogue.o(i.__ARM_clz)
    i.__scatterload_copy                     0x0800289e   Section       14  handlers.o(i.__scatterload_copy)
    i.__scatterload_null                     0x080028ac   Section        2  handlers.o(i.__scatterload_null)
    i.__scatterload_zeroinit                 0x080028ae   Section       14  handlers.o(i.__scatterload_zeroinit)
    _fp_digits                               0x080028bd   Thumb Code   344  printfa.o(i._fp_digits)
    i._fp_digits                             0x080028bc   Section        0  printfa.o(i._fp_digits)
    _printf_core                             0x08002a31   Thumb Code  1754  printfa.o(i._printf_core)
    i._printf_core                           0x08002a30   Section        0  printfa.o(i._printf_core)
    _printf_post_padding                     0x0800311d   Thumb Code    32  printfa.o(i._printf_post_padding)
    i._printf_post_padding                   0x0800311c   Section        0  printfa.o(i._printf_post_padding)
    _printf_pre_padding                      0x0800313d   Thumb Code    44  printfa.o(i._printf_pre_padding)
    i._printf_pre_padding                    0x0800313c   Section        0  printfa.o(i._printf_pre_padding)
    .L.str                                   0x08003168   Data          13  main.o(.rodata.str1.1)
    [Anonymous Symbol]                       0x08003168   Section        0  main.o(.rodata.str1.1)
    .L.str                                   0x08003175   Data          16  sensirion_common.o(.rodata.str1.1)
    [Anonymous Symbol]                       0x08003175   Section        0  sensirion_common.o(.rodata.str1.1)
    .L.str.19                                0x08003185   Data          19  sensirion_hw_i2c_implementation.o(.rodata.str1.1)
    [Anonymous Symbol]                       0x08003185   Section        0  sensirion_hw_i2c_implementation.o(.rodata.str1.1)
    .L.str.8                                 0x08003198   Data          15  sensirion_hw_i2c_implementation.o(.rodata.str1.1)
    .L.str.7                                 0x080031a7   Data          14  sensirion_hw_i2c_implementation.o(.rodata.str1.1)
    .L.str.11                                0x080031b5   Data          21  sensirion_hw_i2c_implementation.o(.rodata.str1.1)
    .L.str.13                                0x080031ca   Data          21  sensirion_hw_i2c_implementation.o(.rodata.str1.1)
    .L.str.9                                 0x080031df   Data          15  sensirion_hw_i2c_implementation.o(.rodata.str1.1)
    .L.str.10                                0x080031ee   Data          48  sensirion_hw_i2c_implementation.o(.rodata.str1.1)
    .L.str.20                                0x0800321e   Data          28  sensirion_hw_i2c_implementation.o(.rodata.str1.1)
    .L.str.1                                 0x0800323a   Data          59  sensirion_hw_i2c_implementation.o(.rodata.str1.1)
    .L.str.14                                0x08003275   Data          43  sensirion_hw_i2c_implementation.o(.rodata.str1.1)
    .L.str.15                                0x080032a0   Data          30  sensirion_hw_i2c_implementation.o(.rodata.str1.1)
    .L.str.12                                0x080032be   Data          54  sensirion_hw_i2c_implementation.o(.rodata.str1.1)
    .L.str.6                                 0x080032f4   Data          62  sensirion_hw_i2c_implementation.o(.rodata.str1.1)
    .L.str.17                                0x08003332   Data          50  sensirion_hw_i2c_implementation.o(.rodata.str1.1)
    .L.str.5                                 0x08003364   Data          36  sensirion_hw_i2c_implementation.o(.rodata.str1.1)
    .L.str.4                                 0x08003388   Data          26  sensirion_hw_i2c_implementation.o(.rodata.str1.1)
    .L.str.18                                0x080033a2   Data          14  sensirion_hw_i2c_implementation.o(.rodata.str1.1)
    .L.str                                   0x080033b0   Data          24  sensirion_hw_i2c_implementation.o(.rodata.str1.1)
    .L.str.16                                0x080033c8   Data          26  sensirion_hw_i2c_implementation.o(.rodata.str1.1)
    .L.str.2                                 0x080033e2   Data          24  sensirion_hw_i2c_implementation.o(.rodata.str1.1)
    .L.str.3                                 0x080033fa   Data          29  sensirion_hw_i2c_implementation.o(.rodata.str1.1)
    .L.str.22                                0x08003417   Data          40  sensirion_hw_i2c_implementation.o(.rodata.str1.1)
    .L.str.21                                0x0800343f   Data          47  sensirion_hw_i2c_implementation.o(.rodata.str1.1)
    .L.str                                   0x0800346e   Data          31  sht4x.o(.rodata.str1.1)
    [Anonymous Symbol]                       0x0800346e   Section        0  sht4x.o(.rodata.str1.1)
    .L.str.1                                 0x0800348d   Data          17  sht4x_example_usage.o(.rodata.str1.1)
    [Anonymous Symbol]                       0x0800348d   Section        0  sht4x_example_usage.o(.rodata.str1.1)
    .L.str                                   0x0800349e   Data          24  sht4x_example_usage.o(.rodata.str1.1)
    .data                                    0x20000000   Section        4  stdout.o(.data)
    sht4x_status                             0x20000008   Data           1  sht4x.o(.data.sht4x_status)
    delay                                    0x20000010   Data           4  systick.o(.bss.delay)
    STACK                                    0x20000018   Section     1024  startup_gd32l235xx.o(STACK)

    Global Symbols

    Symbol Name                              Value     Ov Type        Size  Object(Section)

    BuildAttributes$$THM_ISAv3M$S$8M$PE$A:L22$X:L11$S22$IEEE1$IW$~IW$USESV6$~STKCKD$USESV7$~SHL$OSPACE$ROPI$EBA8$MICROLIB$REQ8$PRES8$EABIv2 0x00000000   Number         0  anon$$obj.o ABSOLUTE
    __cpp_initialize__aeabi_                  - Undefined Weak Reference
    __cxa_finalize                            - Undefined Weak Reference
    __decompress                              - Undefined Weak Reference
    _clock_init                               - Undefined Weak Reference
    _microlib_exit                            - Undefined Weak Reference
    __Vectors_Size                           0x00000160   Number         0  startup_gd32l235xx.o ABSOLUTE
    __Vectors                                0x08000000   Data           4  startup_gd32l235xx.o(RESET)
    __Vectors_End                            0x08000160   Data           0  startup_gd32l235xx.o(RESET)
    __main                                   0x08000161   Thumb Code     0  entry.o(.ARM.Collect$$$$00000000)
    _main_stk                                0x08000161   Thumb Code     0  entry2.o(.ARM.Collect$$$$00000001)
    _main_scatterload                        0x08000165   Thumb Code     0  entry5.o(.ARM.Collect$$$$00000004)
    __main_after_scatterload                 0x08000169   Thumb Code     0  entry5.o(.ARM.Collect$$$$00000004)
    _main_clock                              0x08000169   Thumb Code     0  entry7b.o(.ARM.Collect$$$$00000008)
    _main_cpp_init                           0x08000169   Thumb Code     0  entry8b.o(.ARM.Collect$$$$0000000A)
    _main_init                               0x08000169   Thumb Code     0  entry9a.o(.ARM.Collect$$$$0000000B)
    __rt_final_cpp                           0x08000171   Thumb Code     0  entry10a.o(.ARM.Collect$$$$0000000D)
    __rt_final_exit                          0x08000171   Thumb Code     0  entry11a.o(.ARM.Collect$$$$0000000F)
    Reset_Handler                            0x08000175   Thumb Code    34  startup_gd32l235xx.o(.text)
    ADC_IRQHandler                           0x080001a1   Thumb Code     0  startup_gd32l235xx.o(.text)
    CAN_EWMC_IRQHandler                      0x080001a1   Thumb Code     0  startup_gd32l235xx.o(.text)
    CAN_RX1_IRQHandler                       0x080001a1   Thumb Code     0  startup_gd32l235xx.o(.text)
    CAU_IRQHandler                           0x080001a1   Thumb Code     0  startup_gd32l235xx.o(.text)
    CMP0_IRQHandler                          0x080001a1   Thumb Code     0  startup_gd32l235xx.o(.text)
    CMP1_IRQHandler                          0x080001a1   Thumb Code     0  startup_gd32l235xx.o(.text)
    DAC_IRQHandler                           0x080001a1   Thumb Code     0  startup_gd32l235xx.o(.text)
    DMAMUX_IRQHandler                        0x080001a1   Thumb Code     0  startup_gd32l235xx.o(.text)
    DMA_Channel0_IRQHandler                  0x080001a1   Thumb Code     0  startup_gd32l235xx.o(.text)
    DMA_Channel1_IRQHandler                  0x080001a1   Thumb Code     0  startup_gd32l235xx.o(.text)
    DMA_Channel2_IRQHandler                  0x080001a1   Thumb Code     0  startup_gd32l235xx.o(.text)
    DMA_Channel3_IRQHandler                  0x080001a1   Thumb Code     0  startup_gd32l235xx.o(.text)
    DMA_Channel4_IRQHandler                  0x080001a1   Thumb Code     0  startup_gd32l235xx.o(.text)
    DMA_Channel5_IRQHandler                  0x080001a1   Thumb Code     0  startup_gd32l235xx.o(.text)
    DMA_Channel6_IRQHandler                  0x080001a1   Thumb Code     0  startup_gd32l235xx.o(.text)
    EXTI0_IRQHandler                         0x080001a1   Thumb Code     0  startup_gd32l235xx.o(.text)
    EXTI10_15_IRQHandler                     0x080001a1   Thumb Code     0  startup_gd32l235xx.o(.text)
    EXTI1_IRQHandler                         0x080001a1   Thumb Code     0  startup_gd32l235xx.o(.text)
    EXTI2_IRQHandler                         0x080001a1   Thumb Code     0  startup_gd32l235xx.o(.text)
    EXTI3_IRQHandler                         0x080001a1   Thumb Code     0  startup_gd32l235xx.o(.text)
    EXTI4_IRQHandler                         0x080001a1   Thumb Code     0  startup_gd32l235xx.o(.text)
    EXTI5_9_IRQHandler                       0x080001a1   Thumb Code     0  startup_gd32l235xx.o(.text)
    FMC_IRQHandler                           0x080001a1   Thumb Code     0  startup_gd32l235xx.o(.text)
    I2C0_ER_IRQHandler                       0x080001a1   Thumb Code     0  startup_gd32l235xx.o(.text)
    I2C0_EV_IRQHandler                       0x080001a1   Thumb Code     0  startup_gd32l235xx.o(.text)
    I2C0_WKUP_IRQHandler                     0x080001a1   Thumb Code     0  startup_gd32l235xx.o(.text)
    I2C1_ER_IRQHandler                       0x080001a1   Thumb Code     0  startup_gd32l235xx.o(.text)
    I2C1_EV_IRQHandler                       0x080001a1   Thumb Code     0  startup_gd32l235xx.o(.text)
    I2C1_WKUP_IRQHandler                     0x080001a1   Thumb Code     0  startup_gd32l235xx.o(.text)
    I2C2_ER_IRQHandler                       0x080001a1   Thumb Code     0  startup_gd32l235xx.o(.text)
    I2C2_EV_IRQHandler                       0x080001a1   Thumb Code     0  startup_gd32l235xx.o(.text)
    I2C2_WKUP_IRQHandler                     0x080001a1   Thumb Code     0  startup_gd32l235xx.o(.text)
    LPTIMER0_IRQHandler                      0x080001a1   Thumb Code     0  startup_gd32l235xx.o(.text)
    LPTIMER1_IRQHandler                      0x080001a1   Thumb Code     0  startup_gd32l235xx.o(.text)
    LPUART0_IRQHandler                       0x080001a1   Thumb Code     0  startup_gd32l235xx.o(.text)
    LPUART0_WKUP_IRQHandler                  0x080001a1   Thumb Code     0  startup_gd32l235xx.o(.text)
    LPUART1_IRQHandler                       0x080001a1   Thumb Code     0  startup_gd32l235xx.o(.text)
    LPUART1_WKUP_IRQHandler                  0x080001a1   Thumb Code     0  startup_gd32l235xx.o(.text)
    LVD_IRQHandler                           0x080001a1   Thumb Code     0  startup_gd32l235xx.o(.text)
    RCU_CTC_IRQHandler                       0x080001a1   Thumb Code     0  startup_gd32l235xx.o(.text)
    RTC_Alarm_IRQHandler                     0x080001a1   Thumb Code     0  startup_gd32l235xx.o(.text)
    RTC_WKUP_IRQHandler                      0x080001a1   Thumb Code     0  startup_gd32l235xx.o(.text)
    SLCD_IRQHandler                          0x080001a1   Thumb Code     0  startup_gd32l235xx.o(.text)
    SPI0_IRQHandler                          0x080001a1   Thumb Code     0  startup_gd32l235xx.o(.text)
    SPI1_IRQHandler                          0x080001a1   Thumb Code     0  startup_gd32l235xx.o(.text)
    TAMPER_STAMP_IRQHandler                  0x080001a1   Thumb Code     0  startup_gd32l235xx.o(.text)
    TIMER0_Channel_IRQHandler                0x080001a1   Thumb Code     0  startup_gd32l235xx.o(.text)
    TIMER0_TRG_CMT_UP_BRK_IRQHandler         0x080001a1   Thumb Code     0  startup_gd32l235xx.o(.text)
    TIMER11_IRQHandler                       0x080001a1   Thumb Code     0  startup_gd32l235xx.o(.text)
    TIMER14_IRQHandler                       0x080001a1   Thumb Code     0  startup_gd32l235xx.o(.text)
    TIMER1_IRQHandler                        0x080001a1   Thumb Code     0  startup_gd32l235xx.o(.text)
    TIMER2_IRQHandler                        0x080001a1   Thumb Code     0  startup_gd32l235xx.o(.text)
    TIMER40_IRQHandler                       0x080001a1   Thumb Code     0  startup_gd32l235xx.o(.text)
    TIMER5_IRQHandler                        0x080001a1   Thumb Code     0  startup_gd32l235xx.o(.text)
    TIMER6_IRQHandler                        0x080001a1   Thumb Code     0  startup_gd32l235xx.o(.text)
    TIMER8_IRQHandler                        0x080001a1   Thumb Code     0  startup_gd32l235xx.o(.text)
    TRNG_IRQHandler                          0x080001a1   Thumb Code     0  startup_gd32l235xx.o(.text)
    UART3_IRQHandler                         0x080001a1   Thumb Code     0  startup_gd32l235xx.o(.text)
    UART4_IRQHandler                         0x080001a1   Thumb Code     0  startup_gd32l235xx.o(.text)
    USART0_IRQHandler                        0x080001a1   Thumb Code     0  startup_gd32l235xx.o(.text)
    USART0_WKUP_IRQHandler                   0x080001a1   Thumb Code     0  startup_gd32l235xx.o(.text)
    USART1_IRQHandler                        0x080001a1   Thumb Code     0  startup_gd32l235xx.o(.text)
    USART1_WKUP_IRQHandler                   0x080001a1   Thumb Code     0  startup_gd32l235xx.o(.text)
    USBD_HP_CAN_TX_IRQHandler                0x080001a1   Thumb Code     0  startup_gd32l235xx.o(.text)
    USBD_LP_CAN_RX0_IRQHandler               0x080001a1   Thumb Code     0  startup_gd32l235xx.o(.text)
    USBD_WKUP_IRQHandler                     0x080001a1   Thumb Code     0  startup_gd32l235xx.o(.text)
    WWDGT_IRQHandler                         0x080001a1   Thumb Code     0  startup_gd32l235xx.o(.text)
    __aeabi_uldivmod                         0x080001b9   Thumb Code    96  uldiv.o(.text)
    __I$use$fp                               0x08000219   Thumb Code     0  iusefp.o(.text)
    __aeabi_dadd                             0x08000219   Thumb Code   328  dadd.o(.text)
    __aeabi_dsub                             0x08000361   Thumb Code    12  dadd.o(.text)
    __aeabi_drsub                            0x0800036d   Thumb Code    12  dadd.o(.text)
    __aeabi_dmul                             0x0800037d   Thumb Code   202  dmul.o(.text)
    __aeabi_ddiv                             0x0800044d   Thumb Code   234  ddiv.o(.text)
    __aeabi_d2ulz                            0x0800053d   Thumb Code    54  dfixul.o(.text)
    __aeabi_cdrcmple                         0x0800057d   Thumb Code    38  cdrcmple.o(.text)
    __scatterload                            0x080005a5   Thumb Code    28  init.o(.text)
    __scatterload_rt2                        0x080005a5   Thumb Code     0  init.o(.text)
    __aeabi_uidiv$div0                       0x080005c9   Thumb Code     0  uidiv_div0.o(.text)
    __aeabi_uidivmod                         0x080005c9   Thumb Code    62  uidiv_div0.o(.text)
    __aeabi_llsl                             0x08000607   Thumb Code    32  llshl.o(.text)
    _ll_shift_l                              0x08000607   Thumb Code     0  llshl.o(.text)
    __aeabi_llsr                             0x08000627   Thumb Code    34  llushr.o(.text)
    _ll_ushift_r                             0x08000627   Thumb Code     0  llushr.o(.text)
    __aeabi_lasr                             0x08000649   Thumb Code    38  llsshr.o(.text)
    _ll_sshift_r                             0x08000649   Thumb Code     0  llsshr.o(.text)
    _double_round                            0x0800066f   Thumb Code    26  depilogue.o(.text)
    _double_epilogue                         0x08000689   Thumb Code   164  depilogue.o(.text)
    HardFault_Handler                        0x0800072d   Thumb Code     4  gd32l23x_it.o(.text.HardFault_Handler)
    IIC2_All_Init                            0x08000731   Thumb Code    16  i2c_led.o(.text.IIC2_All_Init)
    Init_SHT4X                               0x08000741   Thumb Code    62  sht4x_example_usage.o(.text.Init_SHT4X)
    NMI_Handler                              0x0800077f   Thumb Code     2  gd32l23x_it.o(.text.NMI_Handler)
    PendSV_Handler                           0x08000781   Thumb Code     2  gd32l23x_it.o(.text.PendSV_Handler)
    SHT4x_init                               0x08000783   Thumb Code     8  sht4x_example_usage.o(.text.SHT4x_init)
    SVC_Handler                              0x0800078b   Thumb Code     2  gd32l23x_it.o(.text.SVC_Handler)
    SysTick_Handler                          0x080007df   Thumb Code     8  gd32l23x_it.o(.text.SysTick_Handler)
    SystemInit                               0x080007e7   Thumb Code   186  system_gd32l23x.o(.text.SystemInit)
    com_usart_init                           0x08000929   Thumb Code   180  main.o(.text.com_usart_init)
    delay_1ms                                0x080009dd   Thumb Code    38  systick.o(.text.delay_1ms)
    delay_decrement                          0x08000a03   Thumb Code    32  systick.o(.text.delay_decrement)
    fputc                                    0x08000a23   Thumb Code    54  main.o(.text.fputc)
    gpio_af_set                              0x08000a59   Thumb Code   192  gd32l23x_gpio.o(.text.gpio_af_set)
    gpio_config                              0x08000b19   Thumb Code   100  i2c_led.o(.text.gpio_config)
    gpio_mode_set                            0x08000b7d   Thumb Code   142  gd32l23x_gpio.o(.text.gpio_mode_set)
    gpio_output_options_set                  0x08000c0b   Thumb Code   138  gd32l23x_gpio.o(.text.gpio_output_options_set)
    i2c_address_config                       0x08000c95   Thumb Code    44  gd32l23x_i2c.o(.text.i2c_address_config)
    i2c_config                               0x08000cc1   Thumb Code    56  i2c_led.o(.text.i2c_config)
    i2c_data_receive                         0x08000cf9   Thumb Code    14  gd32l23x_i2c.o(.text.i2c_data_receive)
    i2c_data_transmit                        0x08000d07   Thumb Code    18  gd32l23x_i2c.o(.text.i2c_data_transmit)
    i2c_enable                               0x08000d19   Thumb Code    18  gd32l23x_i2c.o(.text.i2c_enable)
    i2c_flag_clear                           0x08000d2b   Thumb Code    20  gd32l23x_i2c.o(.text.i2c_flag_clear)
    i2c_flag_get                             0x08000d3f   Thumb Code    42  gd32l23x_i2c.o(.text.i2c_flag_get)
    i2c_master_addressing                    0x08000d69   Thumb Code    64  gd32l23x_i2c.o(.text.i2c_master_addressing)
    i2c_master_clock_config                  0x08000da9   Thumb Code    66  gd32l23x_i2c.o(.text.i2c_master_clock_config)
    i2c_nack_disable                         0x08000deb   Thumb Code    24  gd32l23x_i2c.o(.text.i2c_nack_disable)
    i2c_nack_enable                          0x08000e03   Thumb Code    20  gd32l23x_i2c.o(.text.i2c_nack_enable)
    i2c_start_on_bus                         0x08000e17   Thumb Code    20  gd32l23x_i2c.o(.text.i2c_start_on_bus)
    i2c_stop_on_bus                          0x08000e2b   Thumb Code    20  gd32l23x_i2c.o(.text.i2c_stop_on_bus)
    i2c_timing_config                        0x08000e3f   Thumb Code   102  gd32l23x_i2c.o(.text.i2c_timing_config)
    i2c_transfer_byte_number_config          0x08000ea5   Thumb Code    38  gd32l23x_i2c.o(.text.i2c_transfer_byte_number_config)
    main                                     0x08000ecb   Thumb Code    62  main.o(.text.main)
    nvic_vector_table_set                    0x08000f09   Thumb Code    40  gd32l23x_misc.o(.text.nvic_vector_table_set)
    rcu_clock_freq_get                       0x08000f31   Thumb Code  2480  gd32l23x_rcu.o(.text.rcu_clock_freq_get)
    rcu_config                               0x080018e1   Thumb Code    20  i2c_led.o(.text.rcu_config)
    rcu_periph_clock_enable                  0x080018f5   Thumb Code    40  gd32l23x_rcu.o(.text.rcu_periph_clock_enable)
    rcu_periph_reset_disable                 0x0800191d   Thumb Code    40  gd32l23x_rcu.o(.text.rcu_periph_reset_disable)
    rcu_periph_reset_enable                  0x08001945   Thumb Code    40  gd32l23x_rcu.o(.text.rcu_periph_reset_enable)
    sensirion_common_check_crc               0x0800196d   Thumb Code    66  sensirion_common.o(.text.sensirion_common_check_crc)
    sensirion_common_generate_crc            0x080019af   Thumb Code   138  sensirion_common.o(.text.sensirion_common_generate_crc)
    sensirion_i2c_ReadByte_timeout           0x08001a39   Thumb Code   810  sensirion_hw_i2c_implementation.o(.text.sensirion_i2c_ReadByte_timeout)
    sensirion_i2c_WriteByte_timeout          0x08001d65   Thumb Code   942  sensirion_hw_i2c_implementation.o(.text.sensirion_i2c_WriteByte_timeout)
    sensirion_i2c_read                       0x08002113   Thumb Code    96  sensirion_hw_i2c_implementation.o(.text.sensirion_i2c_read)
    sensirion_i2c_read_words                 0x08002173   Thumb Code   136  sensirion_common.o(.text.sensirion_i2c_read_words)
    sensirion_i2c_read_words_as_bytes        0x080021fb   Thumb Code   220  sensirion_common.o(.text.sensirion_i2c_read_words_as_bytes)
    sensirion_i2c_write                      0x080022d7   Thumb Code   126  sensirion_hw_i2c_implementation.o(.text.sensirion_i2c_write)
    sensirion_sleep_usec                     0x08002355   Thumb Code    60  sensirion_hw_i2c_implementation.o(.text.sensirion_sleep_usec)
    set_sht4x_status                         0x08002391   Thumb Code    22  sht4x.o(.text.set_sht4x_status)
    sht4x_probe                              0x080023a7   Thumb Code    14  sht4x.o(.text.sht4x_probe)
    sht4x_read_serial                        0x080023b5   Thumb Code   124  sht4x.o(.text.sht4x_read_serial)
    systick_config                           0x08002573   Thumb Code    42  systick.o(.text.systick_config)
    usart_baudrate_set                       0x0800259d   Thumb Code   240  gd32l23x_usart.o(.text.usart_baudrate_set)
    usart_data_transmit                      0x0800268d   Thumb Code    24  gd32l23x_usart.o(.text.usart_data_transmit)
    usart_deinit                             0x080026a5   Thumb Code   150  gd32l23x_usart.o(.text.usart_deinit)
    usart_enable                             0x0800273b   Thumb Code    18  gd32l23x_usart.o(.text.usart_enable)
    usart_flag_get                           0x0800274d   Thumb Code    60  gd32l23x_usart.o(.text.usart_flag_get)
    usart_parity_config                      0x08002789   Thumb Code    46  gd32l23x_usart.o(.text.usart_parity_config)
    usart_receive_config                     0x080027b7   Thumb Code    30  gd32l23x_usart.o(.text.usart_receive_config)
    usart_stop_bit_set                       0x080027d5   Thumb Code    46  gd32l23x_usart.o(.text.usart_stop_bit_set)
    usart_transmit_config                    0x08002803   Thumb Code    30  gd32l23x_usart.o(.text.usart_transmit_config)
    usart_word_length_set                    0x08002821   Thumb Code    46  gd32l23x_usart.o(.text.usart_word_length_set)
    __0printf                                0x08002851   Thumb Code    24  printfa.o(i.__0printf)
    __1printf                                0x08002851   Thumb Code     0  printfa.o(i.__0printf)
    __2printf                                0x08002851   Thumb Code     0  printfa.o(i.__0printf)
    __c89printf                              0x08002851   Thumb Code     0  printfa.o(i.__0printf)
    printf                                   0x08002851   Thumb Code     0  printfa.o(i.__0printf)
    __ARM_clz                                0x08002871   Thumb Code    46  depilogue.o(i.__ARM_clz)
    __scatterload_copy                       0x0800289f   Thumb Code    14  handlers.o(i.__scatterload_copy)
    __scatterload_null                       0x080028ad   Thumb Code     2  handlers.o(i.__scatterload_null)
    __scatterload_zeroinit                   0x080028af   Thumb Code    14  handlers.o(i.__scatterload_zeroinit)
    Region$$Table$$Base                      0x080034b8   Number         0  anon$$obj.o(Region$$Table)
    Region$$Table$$Limit                     0x080034d8   Number         0  anon$$obj.o(Region$$Table)
    __stdout                                 0x20000000   Data           4  stdout.o(.data)
    SystemCoreClock                          0x20000004   Data           4  system_gd32l23x.o(.data.SystemCoreClock)
    __initial_sp                             0x20000418   Data           0  startup_gd32l235xx.o(STACK)



==============================================================================

Memory Map of the image

  Image Entry point : 0x08000161

  Load Region LR_IROM1 (Base: 0x08000000, Size: 0x000034e8, Max: 0x00020000, ABSOLUTE)

    Execution Region ER_IROM1 (Exec base: 0x08000000, Load base: 0x08000000, Size: 0x000034d8, Max: 0x00020000, ABSOLUTE)

    Exec Addr    Load Addr    Size         Type   Attr      Idx    E Section Name        Object

    0x08000000   0x08000000   0x00000160   Data   RO         1695    RESET               startup_gd32l235xx.o
    0x08000160   0x08000160   0x00000000   Code   RO         1881  * .ARM.Collect$$$$00000000  mc_p.l(entry.o)
    0x08000160   0x08000160   0x00000004   Code   RO         1902    .ARM.Collect$$$$00000001  mc_p.l(entry2.o)
    0x08000164   0x08000164   0x00000004   Code   RO         1905    .ARM.Collect$$$$00000004  mc_p.l(entry5.o)
    0x08000168   0x08000168   0x00000000   Code   RO         1907    .ARM.Collect$$$$00000008  mc_p.l(entry7b.o)
    0x08000168   0x08000168   0x00000000   Code   RO         1909    .ARM.Collect$$$$0000000A  mc_p.l(entry8b.o)
    0x08000168   0x08000168   0x00000008   Code   RO         1910    .ARM.Collect$$$$0000000B  mc_p.l(entry9a.o)
    0x08000170   0x08000170   0x00000000   Code   RO         1912    .ARM.Collect$$$$0000000D  mc_p.l(entry10a.o)
    0x08000170   0x08000170   0x00000000   Code   RO         1914    .ARM.Collect$$$$0000000F  mc_p.l(entry11a.o)
    0x08000170   0x08000170   0x00000004   Code   RO         1903    .ARM.Collect$$$$00002712  mc_p.l(entry2.o)
    0x08000174   0x08000174   0x00000044   Code   RO         1696    .text               startup_gd32l235xx.o
    0x080001b8   0x080001b8   0x00000060   Code   RO         1919    .text               mc_p.l(uldiv.o)
    0x08000218   0x08000218   0x00000000   Code   RO         1920    .text               mc_p.l(iusefp.o)
    0x08000218   0x08000218   0x00000164   Code   RO         1921    .text               mf_p.l(dadd.o)
    0x0800037c   0x0800037c   0x000000d0   Code   RO         1922    .text               mf_p.l(dmul.o)
    0x0800044c   0x0800044c   0x000000f0   Code   RO         1923    .text               mf_p.l(ddiv.o)
    0x0800053c   0x0800053c   0x00000040   Code   RO         1924    .text               mf_p.l(dfixul.o)
    0x0800057c   0x0800057c   0x00000028   Code   RO         1925    .text               mf_p.l(cdrcmple.o)
    0x080005a4   0x080005a4   0x00000024   Code   RO         1926    .text               mc_p.l(init.o)
    0x080005c8   0x080005c8   0x0000003e   Code   RO         1928    .text               mc_p.l(uidiv_div0.o)
    0x08000606   0x08000606   0x00000020   Code   RO         1931    .text               mc_p.l(llshl.o)
    0x08000626   0x08000626   0x00000022   Code   RO         1932    .text               mc_p.l(llushr.o)
    0x08000648   0x08000648   0x00000026   Code   RO         1933    .text               mc_p.l(llsshr.o)
    0x0800066e   0x0800066e   0x000000be   Code   RO         1934    .text               mf_p.l(depilogue.o)
    0x0800072c   0x0800072c   0x00000004   Code   RO           25    .text.HardFault_Handler  gd32l23x_it.o
    0x08000730   0x08000730   0x00000010   Code   RO         1734    .text.IIC2_All_Init  i2c_led.o
    0x08000740   0x08000740   0x0000003e   Code   RO         1876    .text.Init_SHT4X    sht4x_example_usage.o
    0x0800077e   0x0800077e   0x00000002   Code   RO           23    .text.NMI_Handler   gd32l23x_it.o
    0x08000780   0x08000780   0x00000002   Code   RO           29    .text.PendSV_Handler  gd32l23x_it.o
    0x08000782   0x08000782   0x00000008   Code   RO         1874    .text.SHT4x_init    sht4x_example_usage.o
    0x0800078a   0x0800078a   0x00000002   Code   RO           27    .text.SVC_Handler   gd32l23x_it.o
    0x0800078c   0x0800078c   0x00000052   Code   RO           13    .text.SysTick_Config  systick.o
    0x080007de   0x080007de   0x00000008   Code   RO           31    .text.SysTick_Handler  gd32l23x_it.o
    0x080007e6   0x080007e6   0x000000ba   Code   RO           34    .text.SystemInit    system_gd32l23x.o
    0x080008a0   0x080008a0   0x00000088   Code   RO           15    .text.__NVIC_SetPriority  systick.o
    0x08000928   0x08000928   0x000000b4   Code   RO            4    .text.com_usart_init  main.o
    0x080009dc   0x080009dc   0x00000026   Code   RO           17    .text.delay_1ms     systick.o
    0x08000a02   0x08000a02   0x00000020   Code   RO           19    .text.delay_decrement  systick.o
    0x08000a22   0x08000a22   0x00000036   Code   RO            6    .text.fputc         main.o
    0x08000a58   0x08000a58   0x000000c0   Code   RO          240    .text.gpio_af_set   gd32l23x_gpio.o
    0x08000b18   0x08000b18   0x00000064   Code   RO         1728    .text.gpio_config   i2c_led.o
    0x08000b7c   0x08000b7c   0x0000008e   Code   RO          220    .text.gpio_mode_set  gd32l23x_gpio.o
    0x08000c0a   0x08000c0a   0x0000008a   Code   RO          222    .text.gpio_output_options_set  gd32l23x_gpio.o
    0x08000c94   0x08000c94   0x0000002c   Code   RO          991    .text.i2c_address_config  gd32l23x_i2c.o
    0x08000cc0   0x08000cc0   0x00000038   Code   RO         1730    .text.i2c_config    i2c_led.o
    0x08000cf8   0x08000cf8   0x0000000e   Code   RO         1025    .text.i2c_data_receive  gd32l23x_i2c.o
    0x08000d06   0x08000d06   0x00000012   Code   RO         1023    .text.i2c_data_transmit  gd32l23x_i2c.o
    0x08000d18   0x08000d18   0x00000012   Code   RO         1015    .text.i2c_enable    gd32l23x_i2c.o
    0x08000d2a   0x08000d2a   0x00000014   Code   RO         1073    .text.i2c_flag_clear  gd32l23x_i2c.o
    0x08000d3e   0x08000d3e   0x0000002a   Code   RO         1071    .text.i2c_flag_get  gd32l23x_i2c.o
    0x08000d68   0x08000d68   0x00000040   Code   RO          969    .text.i2c_master_addressing  gd32l23x_i2c.o
    0x08000da8   0x08000da8   0x00000042   Code   RO          967    .text.i2c_master_clock_config  gd32l23x_i2c.o
    0x08000dea   0x08000dea   0x00000018   Code   RO         1009    .text.i2c_nack_disable  gd32l23x_i2c.o
    0x08000e02   0x08000e02   0x00000014   Code   RO         1007    .text.i2c_nack_enable  gd32l23x_i2c.o
    0x08000e16   0x08000e16   0x00000014   Code   RO         1019    .text.i2c_start_on_bus  gd32l23x_i2c.o
    0x08000e2a   0x08000e2a   0x00000014   Code   RO         1021    .text.i2c_stop_on_bus  gd32l23x_i2c.o
    0x08000e3e   0x08000e3e   0x00000066   Code   RO          959    .text.i2c_timing_config  gd32l23x_i2c.o
    0x08000ea4   0x08000ea4   0x00000026   Code   RO         1031    .text.i2c_transfer_byte_number_config  gd32l23x_i2c.o
    0x08000eca   0x08000eca   0x0000003e   Code   RO            2    .text.main          main.o
    0x08000f08   0x08000f08   0x00000028   Code   RO          263    .text.nvic_vector_table_set  gd32l23x_misc.o
    0x08000f30   0x08000f30   0x000009b0   Code   RO          350    .text.rcu_clock_freq_get  gd32l23x_rcu.o
    0x080018e0   0x080018e0   0x00000014   Code   RO         1726    .text.rcu_config    i2c_led.o
    0x080018f4   0x080018f4   0x00000028   Code   RO          274    .text.rcu_periph_clock_enable  gd32l23x_rcu.o
    0x0800191c   0x0800191c   0x00000028   Code   RO          284    .text.rcu_periph_reset_disable  gd32l23x_rcu.o
    0x08001944   0x08001944   0x00000028   Code   RO          282    .text.rcu_periph_reset_enable  gd32l23x_rcu.o
    0x0800196c   0x0800196c   0x00000042   Code   RO         1806    .text.sensirion_common_check_crc  sensirion_common.o
    0x080019ae   0x080019ae   0x0000008a   Code   RO         1804    .text.sensirion_common_generate_crc  sensirion_common.o
    0x08001a38   0x08001a38   0x0000032a   Code   RO         1834    .text.sensirion_i2c_ReadByte_timeout  sensirion_hw_i2c_implementation.o
    0x08001d62   0x08001d62   0x00000002   PAD
    0x08001d64   0x08001d64   0x000003ae   Code   RO         1838    .text.sensirion_i2c_WriteByte_timeout  sensirion_hw_i2c_implementation.o
    0x08002112   0x08002112   0x00000060   Code   RO         1832    .text.sensirion_i2c_read  sensirion_hw_i2c_implementation.o
    0x08002172   0x08002172   0x00000088   Code   RO         1814    .text.sensirion_i2c_read_words  sensirion_common.o
    0x080021fa   0x080021fa   0x000000dc   Code   RO         1812    .text.sensirion_i2c_read_words_as_bytes  sensirion_common.o
    0x080022d6   0x080022d6   0x0000007e   Code   RO         1836    .text.sensirion_i2c_write  sensirion_hw_i2c_implementation.o
    0x08002354   0x08002354   0x0000003c   Code   RO         1840    .text.sensirion_sleep_usec  sensirion_hw_i2c_implementation.o
    0x08002390   0x08002390   0x00000016   Code   RO         1867    .text.set_sht4x_status  sht4x.o
    0x080023a6   0x080023a6   0x0000000e   Code   RO         1861    .text.sht4x_probe   sht4x.o
    0x080023b4   0x080023b4   0x0000007c   Code   RO         1863    .text.sht4x_read_serial  sht4x.o
    0x08002430   0x08002430   0x0000013a   Code   RO           40    .text.system_clock_64m_hxtal  system_gd32l23x.o
    0x0800256a   0x0800256a   0x00000008   Code   RO           36    .text.system_clock_config  system_gd32l23x.o
    0x08002572   0x08002572   0x0000002a   Code   RO           11    .text.systick_config  systick.o
    0x0800259c   0x0800259c   0x000000f0   Code   RO          394    .text.usart_baudrate_set  gd32l23x_usart.o
    0x0800268c   0x0800268c   0x00000018   Code   RO          428    .text.usart_data_transmit  gd32l23x_usart.o
    0x080026a4   0x080026a4   0x00000096   Code   RO          392    .text.usart_deinit  gd32l23x_usart.o
    0x0800273a   0x0800273a   0x00000012   Code   RO          402    .text.usart_enable  gd32l23x_usart.o
    0x0800274c   0x0800274c   0x0000003c   Code   RO          522    .text.usart_flag_get  gd32l23x_usart.o
    0x08002788   0x08002788   0x0000002e   Code   RO          396    .text.usart_parity_config  gd32l23x_usart.o
    0x080027b6   0x080027b6   0x0000001e   Code   RO          408    .text.usart_receive_config  gd32l23x_usart.o
    0x080027d4   0x080027d4   0x0000002e   Code   RO          400    .text.usart_stop_bit_set  gd32l23x_usart.o
    0x08002802   0x08002802   0x0000001e   Code   RO          406    .text.usart_transmit_config  gd32l23x_usart.o
    0x08002820   0x08002820   0x0000002e   Code   RO          398    .text.usart_word_length_set  gd32l23x_usart.o
    0x0800284e   0x0800284e   0x00000002   PAD
    0x08002850   0x08002850   0x00000020   Code   RO         1889    i.__0printf         mc_p.l(printfa.o)
    0x08002870   0x08002870   0x0000002e   Code   RO         1936    i.__ARM_clz         mf_p.l(depilogue.o)
    0x0800289e   0x0800289e   0x0000000e   Code   RO         1939    i.__scatterload_copy  mc_p.l(handlers.o)
    0x080028ac   0x080028ac   0x00000002   Code   RO         1940    i.__scatterload_null  mc_p.l(handlers.o)
    0x080028ae   0x080028ae   0x0000000e   Code   RO         1941    i.__scatterload_zeroinit  mc_p.l(handlers.o)
    0x080028bc   0x080028bc   0x00000174   Code   RO         1896    i._fp_digits        mc_p.l(printfa.o)
    0x08002a30   0x08002a30   0x000006ec   Code   RO         1897    i._printf_core      mc_p.l(printfa.o)
    0x0800311c   0x0800311c   0x00000020   Code   RO         1898    i._printf_post_padding  mc_p.l(printfa.o)
    0x0800313c   0x0800313c   0x0000002c   Code   RO         1899    i._printf_pre_padding  mc_p.l(printfa.o)
    0x08003168   0x08003168   0x0000000d   Data   RO            8    .rodata.str1.1      main.o
    0x08003175   0x08003175   0x00000010   Data   RO         1824    .rodata.str1.1      sensirion_common.o
    0x08003185   0x08003185   0x000002e9   Data   RO         1850    .rodata.str1.1      sensirion_hw_i2c_implementation.o
    0x0800346e   0x0800346e   0x0000001f   Data   RO         1872    .rodata.str1.1      sht4x.o
    0x0800348d   0x0800348d   0x00000029   Data   RO         1880    .rodata.str1.1      sht4x_example_usage.o
    0x080034b6   0x080034b6   0x00000002   PAD
    0x080034b8   0x080034b8   0x00000020   Data   RO         1938    Region$$Table       anon$$obj.o


    Execution Region RW_IRAM1 (Exec base: 0x20000000, Load base: 0x080034d8, Size: 0x00000418, Max: 0x00006000, ABSOLUTE)

    Exec Addr    Load Addr    Size         Type   Attr      Idx    E Section Name        Object

    0x20000000   0x080034d8   0x00000004   Data   RW         1916    .data               mc_p.l(stdout.o)
    0x20000004   0x080034dc   0x00000004   Data   RW           42    .data.SystemCoreClock  system_gd32l23x.o
    0x20000008   0x080034e0   0x00000001   Data   RW         1871    .data.sht4x_status  sht4x.o
    0x20000009   0x080034e1   0x00000007   PAD
    0x20000010        -       0x00000004   Zero   RW           21    .bss.delay          systick.o
    0x20000014   0x080034e1   0x00000004   PAD
    0x20000018        -       0x00000400   Zero   RW         1693    STACK               startup_gd32l235xx.o


==============================================================================

Image component sizes


      Code (inc. data)   RO Data    RW Data    ZI Data      Debug   Object Name

       472          0          0          0          0          0   gd32l23x_gpio.o
       510          0          0          0          0          0   gd32l23x_i2c.o
        18          0          0          0          0          0   gd32l23x_it.o
        40          0          0          0          0          0   gd32l23x_misc.o
      2600          0          0          0          0          0   gd32l23x_rcu.o
       690          0          0          0          0          0   gd32l23x_usart.o
       192          0          0          0          0          0   i2c_led.o
       296          0         13          0          0          0   main.o
       560          0         16          0          0          0   sensirion_common.o
      2034          0        745          0          0          0   sensirion_hw_i2c_implementation.o
       160          0         31          1          0          0   sht4x.o
        70          0         41          0          0          0   sht4x_example_usage.o
        68         22        352          0       1024          0   startup_gd32l235xx.o
       508          0          0          4          0          0   system_gd32l23x.o
       330          0          0          0          4          0   systick.o

    ----------------------------------------------------------------------
      8552         22       1232          8       1036          0   Object Totals
         0          0         32          0          0          0   (incl. Generated)
         4          0          2          3          8          0   (incl. Padding)

    ----------------------------------------------------------------------

      Code (inc. data)   RO Data    RW Data    ZI Data      Debug   Library Member Name

         0          0          0          0          0          0   entry.o
         0          0          0          0          0          0   entry10a.o
         0          0          0          0          0          0   entry11a.o
         8          4          0          0          0          0   entry2.o
         4          0          0          0          0          0   entry5.o
         0          0          0          0          0          0   entry7b.o
         0          0          0          0          0          0   entry8b.o
         8          4          0          0          0          0   entry9a.o
        30          0          0          0          0          0   handlers.o
        36          8          0          0          0          0   init.o
         0          0          0          0          0          0   iusefp.o
        32          0          0          0          0          0   llshl.o
        38          0          0          0          0          0   llsshr.o
        34          0          0          0          0          0   llushr.o
      2252         98          0          0          0          0   printfa.o
         0          0          0          4          0          0   stdout.o
        62          0          0          0          0          0   uidiv_div0.o
        96          0          0          0          0          0   uldiv.o
        40          2          0          0          0          0   cdrcmple.o
       356          4          0          0          0          0   dadd.o
       240          6          0          0          0          0   ddiv.o
       236          0          0          0          0          0   depilogue.o
        64         10          0          0          0          0   dfixul.o
       208          6          0          0          0          0   dmul.o

    ----------------------------------------------------------------------
      3744        142          0          4          0          0   Library Totals
         0          0          0          0          0          0   (incl. Padding)

    ----------------------------------------------------------------------

      Code (inc. data)   RO Data    RW Data    ZI Data      Debug   Library Name

      2600        114          0          4          0          0   mc_p.l
      1144         28          0          0          0          0   mf_p.l

    ----------------------------------------------------------------------
      3744        142          0          4          0          0   Library Totals

    ----------------------------------------------------------------------

==============================================================================


      Code (inc. data)   RO Data    RW Data    ZI Data      Debug   

     12296        164       1232         12       1036          0   Grand Totals
     12296        164       1232         12       1036          0   ELF Image Totals
     12296        164       1232         12          0          0   ROM Totals

==============================================================================

    Total RO  Size (Code + RO Data)                13528 (  13.21kB)
    Total RW  Size (RW Data + ZI Data)              1048 (   1.02kB)
    Total ROM Size (Code + RO Data + RW Data)      13540 (  13.22kB)

==============================================================================

