Component: Arm Compiler for Embedded 6.18 Tool: armlink [5e4cc100]

==============================================================================

Section Cross References

    main.o(.text.main) refers to gd32l23x_misc.o(.text.nvic_vector_table_set) for nvic_vector_table_set
    main.o(.text.main) refers to systick.o(.text.systick_config) for systick_config
    main.o(.text.main) refers to gd32l23x_rcu.o(.text.rcu_osci_on) for rcu_osci_on
    main.o(.text.main) refers to gd32l23x_rcu.o(.text.rcu_osci_stab_wait) for rcu_osci_stab_wait
    main.o(.text.main) refers to systick.o(.text.delay_1ms) for delay_1ms
    main.o(.text.main) refers to main.o(.text.com_usart_init) for com_usart_init
    main.o(.text.main) refers to i2c_led.o(.text.IIC2_All_Init) for IIC2_All_Init
    main.o(.text.main) refers to usebasetimer.o(.text.useGeneralTimerProcess) for useGeneralTimerProcess
    main.o(.text.main) refers to sht4x_example_usage.o(.text.Init_SHT4X) for Init_SHT4X
    main.o(.text.main) refers to sht4x.o(.text.get_sht4x_status) for get_sht4x_status
    main.o(.text.main) refers to gd32l23x_i2c.o(.text.i2c_deinit) for i2c_deinit
    main.o(.text.main) refers to i2c_led.o(.text.IS31FL3236_Init) for IS31FL3236_Init
    main.o(.text.main) refers to gd25qxx.o(.text.spi_flash_init) for spi_flash_init
    main.o(.text.main) refers to gd32l23x_fwdgt.o(.text.fwdgt_config) for fwdgt_config
    main.o(.text.main) refers to gd32l23x_fwdgt.o(.text.fwdgt_write_disable) for fwdgt_write_disable
    main.o(.text.main) refers to gd32l23x_fwdgt.o(.text.fwdgt_enable) for fwdgt_enable
    main.o(.text.main) refers to main.o(.rodata.str1.1) for .L.str
    main.o(.text.main) refers to printfa.o(i.__0printf) for printf
    main.o(.text.main) refers to gd25qxx.o(.text.spi_flash_read_id) for spi_flash_read_id
    main.o(.text.main) refers to core_task.o(.text.measure_task_exe) for measure_task_exe
    main.o(.text.main) refers to gd32l23x_fwdgt.o(.text.fwdgt_write_enable) for fwdgt_write_enable
    main.o(.text.main) refers to gd32l23x_fwdgt.o(.text.fwdgt_counter_reload) for fwdgt_counter_reload
    main.o(.ARM.exidx.text.main) refers to main.o(.text.main) for [Anonymous Symbol]
    main.o(.text.com_usart_init) refers to gd32l23x_rcu.o(.text.rcu_periph_clock_enable) for rcu_periph_clock_enable
    main.o(.text.com_usart_init) refers to gd32l23x_gpio.o(.text.gpio_af_set) for gpio_af_set
    main.o(.text.com_usart_init) refers to gd32l23x_gpio.o(.text.gpio_mode_set) for gpio_mode_set
    main.o(.text.com_usart_init) refers to gd32l23x_gpio.o(.text.gpio_output_options_set) for gpio_output_options_set
    main.o(.text.com_usart_init) refers to gd32l23x_usart.o(.text.usart_deinit) for usart_deinit
    main.o(.text.com_usart_init) refers to gd32l23x_usart.o(.text.usart_word_length_set) for usart_word_length_set
    main.o(.text.com_usart_init) refers to gd32l23x_usart.o(.text.usart_stop_bit_set) for usart_stop_bit_set
    main.o(.text.com_usart_init) refers to gd32l23x_usart.o(.text.usart_parity_config) for usart_parity_config
    main.o(.text.com_usart_init) refers to gd32l23x_usart.o(.text.usart_baudrate_set) for usart_baudrate_set
    main.o(.text.com_usart_init) refers to gd32l23x_usart.o(.text.usart_receive_config) for usart_receive_config
    main.o(.text.com_usart_init) refers to gd32l23x_usart.o(.text.usart_transmit_config) for usart_transmit_config
    main.o(.text.com_usart_init) refers to gd32l23x_usart.o(.text.usart_enable) for usart_enable
    main.o(.ARM.exidx.text.com_usart_init) refers to main.o(.text.com_usart_init) for [Anonymous Symbol]
    main.o(.text.fputc) refers to gd32l23x_usart.o(.text.usart_data_transmit) for usart_data_transmit
    main.o(.text.fputc) refers to gd32l23x_usart.o(.text.usart_flag_get) for usart_flag_get
    main.o(.ARM.exidx.text.fputc) refers to main.o(.text.fputc) for [Anonymous Symbol]
    systick.o(.text.systick_config) refers to system_gd32l23x.o(.data.SystemCoreClock) for SystemCoreClock
    systick.o(.text.systick_config) refers to systick.o(.text.SysTick_Config) for SysTick_Config
    systick.o(.text.systick_config) refers to systick.o(.text.__NVIC_SetPriority) for __NVIC_SetPriority
    systick.o(.ARM.exidx.text.systick_config) refers to systick.o(.text.systick_config) for [Anonymous Symbol]
    systick.o(.text.SysTick_Config) refers to systick.o(.text.__NVIC_SetPriority) for __NVIC_SetPriority
    systick.o(.ARM.exidx.text.SysTick_Config) refers to systick.o(.text.SysTick_Config) for [Anonymous Symbol]
    systick.o(.ARM.exidx.text.__NVIC_SetPriority) refers to systick.o(.text.__NVIC_SetPriority) for [Anonymous Symbol]
    systick.o(.text.delay_1ms) refers to systick.o(.bss.delay) for delay
    systick.o(.ARM.exidx.text.delay_1ms) refers to systick.o(.text.delay_1ms) for [Anonymous Symbol]
    systick.o(.text.delay_decrement) refers to systick.o(.bss.delay) for delay
    systick.o(.ARM.exidx.text.delay_decrement) refers to systick.o(.text.delay_decrement) for [Anonymous Symbol]
[...]
    ../fplib/microlib/fpcmp.c                0x00000000   Number         0  fcmple.o ABSOLUTE
    ../fplib/microlib/fpcmp.c                0x00000000   Number         0  fcmpge.o ABSOLUTE
    ../fplib/microlib/fpcmp.c                0x00000000   Number         0  fcmpgt.o ABSOLUTE
    ../fplib/microlib/fpcmp.c                0x00000000   Number         0  fcmpeq.o ABSOLUTE
    ../fplib/microlib/fpdiv.c                0x00000000   Number         0  fdiv.o ABSOLUTE
    ../fplib/microlib/fpdiv.c                0x00000000   Number         0  ddiv.o ABSOLUTE
    ../fplib/microlib/fpepilogue.c           0x00000000   Number         0  fepilogue.o ABSOLUTE
    ../fplib/microlib/fpepilogue.c           0x00000000   Number         0  depilogue.o ABSOLUTE
    ../fplib/microlib/fpfix.c                0x00000000   Number         0  ffixi.o ABSOLUTE
    ../fplib/microlib/fpfix.c                0x00000000   Number         0  ffixui.o ABSOLUTE
    ../fplib/microlib/fpfix.c                0x00000000   Number         0  dfixul.o ABSOLUTE
    ../fplib/microlib/fpflt.c                0x00000000   Number         0  fflti.o ABSOLUTE
    ../fplib/microlib/fpflt.c                0x00000000   Number         0  dflti.o ABSOLUTE
    ../fplib/microlib/fpmul.c                0x00000000   Number         0  fmul.o ABSOLUTE
    ../fplib/microlib/fpmul.c                0x00000000   Number         0  dmul.o ABSOLUTE
    ..\..\Firmware\CMSIS\GD\GD32L23x\Source\ARM\startup_gd32l235xx.s 0x00000000   Number         0  startup_gd32l235xx.o ABSOLUTE
    cdrcmple.s                               0x00000000   Number         0  cdrcmple.o ABSOLUTE
    core_task.c                              0x00000000   Number         0  core_task.o ABSOLUTE
    dc.s                                     0x00000000   Number         0  dc.o ABSOLUTE
    gd25qxx.c                                0x00000000   Number         0  gd25qxx.o ABSOLUTE
    gd32l23x_adc.c                           0x00000000   Number         0  gd32l23x_adc.o ABSOLUTE
    gd32l23x_can.c                           0x00000000   Number         0  gd32l23x_can.o ABSOLUTE
    gd32l23x_cau.c                           0x00000000   Number         0  gd32l23x_cau.o ABSOLUTE
    gd32l23x_cau_aes.c                       0x00000000   Number         0  gd32l23x_cau_aes.o ABSOLUTE
    gd32l23x_cau_des.c                       0x00000000   Number         0  gd32l23x_cau_des.o ABSOLUTE
    gd32l23x_cau_tdes.c                      0x00000000   Number         0  gd32l23x_cau_tdes.o ABSOLUTE
    gd32l23x_cmp.c                           0x00000000   Number         0  gd32l23x_cmp.o ABSOLUTE
    gd32l23x_crc.c                           0x00000000   Number         0  gd32l23x_crc.o ABSOLUTE
    gd32l23x_ctc.c                           0x00000000   Number         0  gd32l23x_ctc.o ABSOLUTE
    gd32l23x_dac.c                           0x00000000   Number         0  gd32l23x_dac.o ABSOLUTE
    gd32l23x_dbg.c                           0x00000000   Number         0  gd32l23x_dbg.o ABSOLUTE
    gd32l23x_dma.c                           0x00000000   Number         0  gd32l23x_dma.o ABSOLUTE
    gd32l23x_eval.c                          0x00000000   Number         0  gd32l23x_eval.o ABSOLUTE
    gd32l23x_exti.c                          0x00000000   Number         0  gd32l23x_exti.o ABSOLUTE
    gd32l23x_fmc.c                           0x00000000   Number         0  gd32l23x_fmc.o ABSOLUTE
    gd32l23x_fwdgt.c                         0x00000000   Number         0  gd32l23x_fwdgt.o ABSOLUTE
    gd32l23x_gpio.c                          0x00000000   Number         0  gd32l23x_gpio.o ABSOLUTE
    gd32l23x_i2c.c                           0x00000000   Number         0  gd32l23x_i2c.o ABSOLUTE
    gd32l23x_it.c                            0x00000000   Number         0  gd32l23x_it.o ABSOLUTE
    gd32l23x_lptimer.c                       0x00000000   Number         0  gd32l23x_lptimer.o ABSOLUTE
    gd32l23x_lpuart.c                        0x00000000   Number         0  gd32l23x_lpuart.o ABSOLUTE
    gd32l23x_misc.c                          0x00000000   Number         0  gd32l23x_misc.o ABSOLUTE
    gd32l23x_pmu.c                           0x00000000   Number         0  gd32l23x_pmu.o ABSOLUTE
    gd32l23x_rcu.c                           0x00000000   Number         0  gd32l23x_rcu.o ABSOLUTE
    gd32l23x_rtc.c                           0x00000000   Number         0  gd32l23x_rtc.o ABSOLUTE
    gd32l23x_slcd.c                          0x00000000   Number         0  gd32l23x_slcd.o ABSOLUTE
    gd32l23x_spi.c                           0x00000000   Number         0  gd32l23x_spi.o ABSOLUTE
    gd32l23x_syscfg.c                        0x00000000   Number         0  gd32l23x_syscfg.o ABSOLUTE
    gd32l23x_timer.c                         0x00000000   Number         0  gd32l23x_timer.o ABSOLUTE
    gd32l23x_trng.c                          0x00000000   Number         0  gd32l23x_trng.o ABSOLUTE
    gd32l23x_usart.c                         0x00000000   Number         0  gd32l23x_usart.o ABSOLUTE
    gd32l23x_vref.c                          0x00000000   Number         0  gd32l23x_vref.o ABSOLUTE
    gd32l23x_wwdgt.c                         0x00000000   Number         0  gd32l23x_wwdgt.o ABSOLUTE
    handlers.s                               0x00000000   Number         0  handlers.o ABSOLUTE
    i2c_led.c                                0x00000000   Number         0  i2c_led.o ABSOLUTE
    init.s                                   0x00000000   Number         0  init.o ABSOLUTE
    main.c                                   0x00000000   Number         0  main.o ABSOLUTE
    sensirion_common.c                       0x00000000   Number         0  sensirion_common.o ABSOLUTE
    sensirion_hw_i2c_implementation.c        0x00000000   Number         0  sensirion_hw_i2c_implementation.o ABSOLUTE
    sht4x.c                                  0x00000000   Number         0  sht4x.o ABSOLUTE
    sht4x_example_usage.c                    0x00000000   Number         0  sht4x_example_usage.o ABSOLUTE
    sht_git_version.c                        0x00000000   Number         0  sht_git_version.o ABSOLUTE
    system_gd32l23x.c                        0x00000000   Number         0  system_gd32l23x.o ABSOLUTE
    systick.c                                0x00000000   Number         0  systick.o ABSOLUTE
    useBaseTimer.c                           0x00000000   Number         0  usebasetimer.o ABSOLUTE
    RESET                                    0x08002c00   Section      352  startup_gd32l235xx.o(RESET)
    .ARM.Collect$$$$00000000                 0x08002d60   Section        0  entry.o(.ARM.Collect$$$$00000000)
    .ARM.Collect$$$$00000001                 0x08002d60   Section        4  entry2.o(.ARM.Collect$$$$00000001)
    .ARM.Collect$$$$00000004                 0x08002d64   Section        4  entry5.o(.ARM.Collect$$$$00000004)
    .ARM.Collect$$$$00000008                 0x08002d68   Section        0  entry7b.o(.ARM.Collect$$$$00000008)
    .ARM.Collect$$$$0000000A                 0x08002d68   Section        0  entry8b.o(.ARM.Collect$$$$0000000A)
    .ARM.Collect$$$$0000000B                 0x08002d68   Section        8  entry9a.o(.ARM.Collect$$$$0000000B)
    __lit__00000000                          0x08002d70   Data           4  entry2.o(.ARM.Collect$$$$00002712)
    .ARM.Collect$$$$0000000D                 0x08002d70   Section        0  entry10a.o(.ARM.Collect$$$$0000000D)
    .ARM.Collect$$$$0000000F                 0x08002d70   Section        0  entry11a.o(.ARM.Collect$$$$0000000F)
    .ARM.Collect$$$$00002712                 0x08002d70   Section        4  entry2.o(.ARM.Collect$$$$00002712)
    .text                                    0x08002d74   Section       68  startup_gd32l235xx.o(.text)
    .text                                    0x08002db8   Section        0  siabs.o(.text)
    .text                                    0x08002dc0   Section        0  fadd.o(.text)
    .text                                    0x08002e72   Section        0  fmul.o(.text)
    .text                                    0x08002eec   Section        0  fdiv.o(.text)
    .text                                    0x08002f68   Section        0  dadd.o(.text)
    .text                                    0x080030cc   Section        0  dmul.o(.text)
    .text                                    0x0800319c   Section        0  fcmple.o(.text)
    .text                                    0x080031b8   Section        0  fcmpge.o(.text)
    .text                                    0x080031d4   Section        0  fcmpgt.o(.text)
    .text                                    0x080031f0   Section        0  fcmpeq.o(.text)
    .text                                    0x0800320c   Section        0  fflti.o(.text)
    .text                                    0x08003224   Section        0  dflti.o(.text)
    .text                                    0x0800324c   Section        0  ffixi.o(.text)
    .text                                    0x0800327e   Section        0  f2d.o(.text)
    .text                                    0x080032a6   Section        0  d2f.o(.text)
    .text                                    0x080032de   Section        0  uldiv.o(.text)
    .text                                    0x0800333e   Section        0  llshl.o(.text)
    .text                                    0x0800335e   Section        0  llsshr.o(.text)
    .text                                    0x08003384   Section        0  iusefp.o(.text)
    .text                                    0x08003384   Section        0  fepilogue.o(.text)
    .text                                    0x08003406   Section        0  depilogue.o(.text)
    .text                                    0x080034c4   Section        0  ddiv.o(.text)
    .text                                    0x080035b4   Section        0  dfixul.o(.text)
    .text                                    0x080035f4   Section       40  cdrcmple.o(.text)
    .text                                    0x0800361c   Section       36  init.o(.text)
    .text                                    0x08003640   Section        0  uidiv_div0.o(.text)
    .text                                    0x0800367e   Section        0  llushr.o(.text)
    [Anonymous Symbol]                       0x080036a0   Section        0  usebasetimer.o(.text.ConfigTimerTask)
    [Anonymous Symbol]                       0x08003700   Section        0  usebasetimer.o(.text.GetTimeTaskParams)
    [Anonymous Symbol]                       0x08003760   Section        0  i2c_led.o(.text.Get_led_run_mode)
    [Anonymous Symbol]                       0x0800376c   Section        0  gd32l23x_it.o(.text.HardFault_Handler)
    I2C_CTRL_Show_half                       0x08003771   Thumb Code   164  i2c_led.o(.text.I2C_CTRL_Show_half)
    [Anonymous Symbol]                       0x08003770   Section        0  i2c_led.o(.text.I2C_CTRL_Show_half)
    [Anonymous Symbol]                       0x08003814   Section        0  i2c_led.o(.text.I2C_CTRL_Show_temp_humi)
    [Anonymous Symbol]                       0x08003aec   Section        0  i2c_led.o(.text.IIC2_All_Init)
    [Anonymous Symbol]                       0x08003afc   Section        0  i2c_led.o(.text.IS31FL3236_Init)
    [Anonymous Symbol]                       0x08003c2c   Section        0  i2c_led.o(.text.IS31_WriteOneByte_timeout)
    [Anonymous Symbol]                       0x08003f1e   Section        0  sht4x_example_usage.o(.text.Init_SHT4X)
    [Anonymous Symbol]                       0x08003f5c   Section        0  gd32l23x_it.o(.text.NMI_Handler)
    [Anonymous Symbol]                       0x08003f5e   Section        0  gd32l23x_it.o(.text.PendSV_Handler)
    [Anonymous Symbol]                       0x08003f60   Section        0  sht4x_example_usage.o(.text.SHT4x_init)
    [Anonymous Symbol]                       0x08003f68   Section        0  gd32l23x_it.o(.text.SVC_Handler)
    SysTick_Config                           0x08003f6b   Thumb Code    82  systick.o(.text.SysTick_Config)
    [Anonymous Symbol]                       0x08003f6a   Section        0  systick.o(.text.SysTick_Config)
    [Anonymous Symbol]                       0x08003fbc   Section        0  gd32l23x_it.o(.text.SysTick_Handler)
    [Anonymous Symbol]                       0x08003fc4   Section        0  system_gd32l23x.o(.text.SystemInit)
    [Anonymous Symbol]                       0x0800407e   Section        0  usebasetimer.o(.text.TIMER11_IRQHandler)
    [Anonymous Symbol]                       0x080040aa   Section        0  usebasetimer.o(.text.TIMER14_IRQHandler)
    [Anonymous Symbol]                       0x080040ac   Section        0  usebasetimer.o(.text.TIMER40_IRQHandler)
    __NVIC_EnableIRQ                         0x080040d5   Thumb Code    54  gd32l23x_misc.o(.text.__NVIC_EnableIRQ)
    [Anonymous Symbol]                       0x080040d4   Section        0  gd32l23x_misc.o(.text.__NVIC_EnableIRQ)
    __NVIC_SetPriority                       0x0800410b   Thumb Code   136  systick.o(.text.__NVIC_SetPriority)
    [Anonymous Symbol]                       0x0800410a   Section        0  systick.o(.text.__NVIC_SetPriority)
    __NVIC_SetPriority                       0x08004193   Thumb Code   136  gd32l23x_misc.o(.text.__NVIC_SetPriority)
    [Anonymous Symbol]                       0x08004192   Section        0  gd32l23x_misc.o(.text.__NVIC_SetPriority)
    [Anonymous Symbol]                       0x0800421a   Section        0  main.o(.text.com_usart_init)
    [Anonymous Symbol]                       0x080042ce   Section        0  systick.o(.text.delay_1ms)
    [Anonymous Symbol]                       0x080042f4   Section        0  systick.o(.text.delay_decrement)
    [Anonymous Symbol]                       0x08004314   Section        0  main.o(.text.fputc)
    [Anonymous Symbol]                       0x0800434a   Section        0  gd32l23x_fwdgt.o(.text.fwdgt_config)
    [Anonymous Symbol]                       0x08004442   Section        0  gd32l23x_fwdgt.o(.text.fwdgt_counter_reload)
    [Anonymous Symbol]                       0x08004452   Section        0  gd32l23x_fwdgt.o(.text.fwdgt_enable)
    [Anonymous Symbol]                       0x08004462   Section        0  gd32l23x_fwdgt.o(.text.fwdgt_write_disable)
    [Anonymous Symbol]                       0x08004470   Section        0  gd32l23x_fwdgt.o(.text.fwdgt_write_enable)
    [Anonymous Symbol]                       0x08004480   Section        0  i2c_led.o(.text.get_IS31FL_status)
    [Anonymous Symbol]                       0x0800448c   Section        0  sht4x.o(.text.get_sht4x_status)
    [Anonymous Symbol]                       0x08004498   Section        0  gd32l23x_gpio.o(.text.gpio_af_set)
    [Anonymous Symbol]                       0x08004558   Section        0  gd32l23x_gpio.o(.text.gpio_bit_reset)
    [Anonymous Symbol]                       0x08004568   Section        0  gd32l23x_gpio.o(.text.gpio_bit_set)
    [Anonymous Symbol]                       0x08004578   Section        0  i2c_led.o(.text.gpio_config)
    [Anonymous Symbol]                       0x080045dc   Section        0  gd32l23x_gpio.o(.text.gpio_mode_set)
    [Anonymous Symbol]                       0x0800466a   Section        0  gd32l23x_gpio.o(.text.gpio_output_options_set)
    [Anonymous Symbol]                       0x080046f4   Section        0  gd32l23x_i2c.o(.text.i2c_address_config)
    [Anonymous Symbol]                       0x08004720   Section        0  gd32l23x_i2c.o(.text.i2c_automatic_end_enable)
    [Anonymous Symbol]                       0x08004734   Section        0  i2c_led.o(.text.i2c_config)
    [Anonymous Symbol]                       0x08004774   Section        0  gd32l23x_i2c.o(.text.i2c_data_receive)
    [Anonymous Symbol]                       0x08004782   Section        0  gd32l23x_i2c.o(.text.i2c_data_transmit)
    [Anonymous Symbol]                       0x08004794   Section        0  gd32l23x_i2c.o(.text.i2c_deinit)
    [Anonymous Symbol]                       0x08004808   Section        0  gd32l23x_i2c.o(.text.i2c_enable)
    [Anonymous Symbol]                       0x0800481a   Section        0  gd32l23x_i2c.o(.text.i2c_flag_clear)
    [Anonymous Symbol]                       0x0800482e   Section        0  gd32l23x_i2c.o(.text.i2c_flag_get)
    [Anonymous Symbol]                       0x08004858   Section        0  gd32l23x_i2c.o(.text.i2c_master_addressing)
    [Anonymous Symbol]                       0x08004898   Section        0  gd32l23x_i2c.o(.text.i2c_master_clock_config)
    [Anonymous Symbol]                       0x080048da   Section        0  gd32l23x_i2c.o(.text.i2c_reload_disable)
    [Anonymous Symbol]                       0x080048f2   Section        0  gd32l23x_i2c.o(.text.i2c_start_on_bus)
    [Anonymous Symbol]                       0x08004906   Section        0  gd32l23x_i2c.o(.text.i2c_stop_on_bus)
    [Anonymous Symbol]                       0x0800491a   Section        0  gd32l23x_i2c.o(.text.i2c_timing_config)
    [Anonymous Symbol]                       0x08004980   Section        0  gd32l23x_i2c.o(.text.i2c_transfer_byte_number_config)
    [Anonymous Symbol]                       0x080049a6   Section        0  i2c_led.o(.text.init_led_status)
    [Anonymous Symbol]                       0x080049c0   Section        0  i2c_led.o(.text.led_dispaly_state)
    [Anonymous Symbol]                       0x08004a4e   Section        0  main.o(.text.main)
    [Anonymous Symbol]                       0x08004b16   Section        0  core_task.o(.text.measure_task_exe)
    nvic_config                              0x08004d31   Thumb Code    22  usebasetimer.o(.text.nvic_config)
    [Anonymous Symbol]                       0x08004d30   Section        0  usebasetimer.o(.text.nvic_config)
    [Anonymous Symbol]                       0x08004d46   Section        0  gd32l23x_misc.o(.text.nvic_irq_enable)
    [Anonymous Symbol]                       0x08004d72   Section        0  gd32l23x_misc.o(.text.nvic_vector_table_set)
    [Anonymous Symbol]                       0x08004d9c   Section        0  gd32l23x_rcu.o(.text.rcu_clock_freq_get)
    [Anonymous Symbol]                       0x0800574c   Section        0  i2c_led.o(.text.rcu_config)
    [Anonymous Symbol]                       0x08005760   Section        0  gd32l23x_rcu.o(.text.rcu_flag_get)
    [Anonymous Symbol]                       0x0800579a   Section        0  gd32l23x_rcu.o(.text.rcu_i2c_clock_config)
    [Anonymous Symbol]                       0x08005814   Section        0  gd32l23x_rcu.o(.text.rcu_osci_on)
    [Anonymous Symbol]                       0x0800583c   Section        0  gd32l23x_rcu.o(.text.rcu_osci_stab_wait)
    [Anonymous Symbol]                       0x08005a78   Section        0  gd32l23x_rcu.o(.text.rcu_periph_clock_enable)
    [Anonymous Symbol]                       0x08005aa0   Section        0  gd32l23x_rcu.o(.text.rcu_periph_reset_disable)
    [Anonymous Symbol]                       0x08005ac8   Section        0  gd32l23x_rcu.o(.text.rcu_periph_reset_enable)
    [Anonymous Symbol]                       0x08005af0   Section        0  usebasetimer.o(.text.record_led_status)
    [Anonymous Symbol]                       0x08005c72   Section        0  usebasetimer.o(.text.resetTimeTaskParams)
    [Anonymous Symbol]                       0x08005cc2   Section        0  sensirion_common.o(.text.sensirion_common_check_crc)
    [Anonymous Symbol]                       0x08005d04   Section        0  sensirion_common.o(.text.sensirion_common_generate_crc)
    [Anonymous Symbol]                       0x08005d90   Section        0  sensirion_hw_i2c_implementation.o(.text.sensirion_i2c_ReadByte_timeout)
    [Anonymous Symbol]                       0x08006000   Section        0  sensirion_hw_i2c_implementation.o(.text.sensirion_i2c_WriteByte_timeout)
    [Anonymous Symbol]                       0x080062bc   Section        0  sensirion_hw_i2c_implementation.o(.text.sensirion_i2c_read)
    [Anonymous Symbol]                       0x0800630c   Section        0  sensirion_common.o(.text.sensirion_i2c_read_words)
    [Anonymous Symbol]                       0x08006394   Section        0  sensirion_common.o(.text.sensirion_i2c_read_words_as_bytes)
    [Anonymous Symbol]                       0x0800645a   Section        0  sensirion_hw_i2c_implementation.o(.text.sensirion_i2c_write)
    [Anonymous Symbol]                       0x080064ba   Section        0  sensirion_hw_i2c_implementation.o(.text.sensirion_sleep_usec)
    [Anonymous Symbol]                       0x080064f6   Section        0  i2c_led.o(.text.setPwm)
    [Anonymous Symbol]                       0x0800651e   Section        0  i2c_led.o(.text.setPwmupdate)
    [Anonymous Symbol]                       0x0800653a   Section        0  i2c_led.o(.text.setRunMode)
    [Anonymous Symbol]                       0x08006572   Section        0  core_task.o(.text.setShtParams)
    [Anonymous Symbol]                       0x0800658c   Section        0  i2c_led.o(.text.set_led_level)
    [Anonymous Symbol]                       0x080065b0   Section        0  sht4x.o(.text.set_sht4x_status)
    [Anonymous Symbol]                       0x080065c8   Section        0  i2c_led.o(.text.showNumber)
    [Anonymous Symbol]                       0x080066bc   Section        0  i2c_led.o(.text.show_negative)
    [Anonymous Symbol]                       0x080066f0   Section        0  sht4x.o(.text.sht4x_measure)
    [Anonymous Symbol]                       0x08006704   Section        0  sht4x.o(.text.sht4x_measure_blocking_read)
    [Anonymous Symbol]                       0x0800674a   Section        0  sht4x_example_usage.o(.text.sht4x_measure_detail)
    [Anonymous Symbol]                       0x08006772   Section        0  core_task.o(.text.sht4x_measure_task)
    [Anonymous Symbol]                       0x08006a7a   Section        0  sht4x.o(.text.sht4x_probe)
    [Anonymous Symbol]                       0x08006a88   Section        0  sht4x.o(.text.sht4x_read)
    [Anonymous Symbol]                       0x08006ad4   Section        0  sht4x.o(.text.sht4x_read_serial)
    [Anonymous Symbol]                       0x08006b3a   Section        0  gd32l23x_spi.o(.text.spi_crc_polynomial_set)
    [Anonymous Symbol]                       0x08006b4c   Section        0  gd32l23x_spi.o(.text.spi_enable)
    [Anonymous Symbol]                       0x08006b5e   Section        0  gd32l23x_spi.o(.text.spi_fifo_access_size_config)
    [Anonymous Symbol]                       0x08006b84   Section        0  gd25qxx.o(.text.spi_flash_init)
    [Anonymous Symbol]                       0x08006c98   Section        0  gd25qxx.o(.text.spi_flash_read_id)
    [Anonymous Symbol]                       0x08006cf8   Section        0  gd25qxx.o(.text.spi_flash_send_byte)
    [Anonymous Symbol]                       0x08006d4e   Section        0  gd32l23x_spi.o(.text.spi_i2s_data_receive)
    [Anonymous Symbol]                       0x08006da0   Section        0  gd32l23x_spi.o(.text.spi_i2s_data_transmit)
    [Anonymous Symbol]                       0x08006df2   Section        0  gd32l23x_spi.o(.text.spi_i2s_flag_get)
    [Anonymous Symbol]                       0x08006e72   Section        0  gd32l23x_spi.o(.text.spi_init)
    [Anonymous Symbol]                       0x08006faa   Section        0  gd32l23x_spi.o(.text.spi_quad_io23_output_enable)
    system_clock_64m_hxtal                   0x08006fbf   Thumb Code   314  system_gd32l23x.o(.text.system_clock_64m_hxtal)
    [Anonymous Symbol]                       0x08006fbe   Section        0  system_gd32l23x.o(.text.system_clock_64m_hxtal)
    system_clock_config                      0x080070f9   Thumb Code     8  system_gd32l23x.o(.text.system_clock_config)
    [Anonymous Symbol]                       0x080070f8   Section        0  system_gd32l23x.o(.text.system_clock_config)
    [Anonymous Symbol]                       0x08007100   Section        0  systick.o(.text.systick_config)
    time_cycle                               0x0800712b   Thumb Code   276  usebasetimer.o(.text.time_cycle)
    [Anonymous Symbol]                       0x0800712a   Section        0  usebasetimer.o(.text.time_cycle)
    timer_config                             0x0800723f   Thumb Code   120  usebasetimer.o(.text.timer_config)
    [Anonymous Symbol]                       0x0800723e   Section        0  usebasetimer.o(.text.timer_config)
    [Anonymous Symbol]                       0x080072b6   Section        0  gd32l23x_timer.o(.text.timer_deinit)
    [Anonymous Symbol]                       0x080073f2   Section        0  gd32l23x_timer.o(.text.timer_disable)
    [Anonymous Symbol]                       0x08007404   Section        0  gd32l23x_timer.o(.text.timer_enable)
    [Anonymous Symbol]                       0x08007416   Section        0  gd32l23x_timer.o(.text.timer_init)
    [Anonymous Symbol]                       0x08007526   Section        0  gd32l23x_timer.o(.text.timer_interrupt_enable)
    [Anonymous Symbol]                       0x0800753a   Section        0  gd32l23x_timer.o(.text.timer_interrupt_flag_clear)
    [Anonymous Symbol]                       0x0800754c   Section        0  gd32l23x_timer.o(.text.timer_interrupt_flag_get)
    [Anonymous Symbol]                       0x08007586   Section        0  gd32l23x_timer.o(.text.timer_struct_para_init)
    [Anonymous Symbol]                       0x080075ac   Section        0  i2c_led.o(.text.update_data_prepare_number)
    [Anonymous Symbol]                       0x080075f6   Section        0  core_task.o(.text.update_i2c_show_humi_task)
    [Anonymous Symbol]                       0x080076a4   Section        0  gd32l23x_usart.o(.text.usart_baudrate_set)
    [Anonymous Symbol]                       0x08007794   Section        0  gd32l23x_usart.o(.text.usart_data_transmit)
    [Anonymous Symbol]                       0x080077ac   Section        0  gd32l23x_usart.o(.text.usart_deinit)
    [Anonymous Symbol]                       0x08007842   Section        0  gd32l23x_usart.o(.text.usart_enable)
    [Anonymous Symbol]                       0x08007854   Section        0  gd32l23x_usart.o(.text.usart_flag_get)
    [Anonymous Symbol]                       0x08007890   Section        0  gd32l23x_usart.o(.text.usart_parity_config)
    [Anonymous Symbol]                       0x080078be   Section        0  gd32l23x_usart.o(.text.usart_receive_config)
    [Anonymous Symbol]                       0x080078dc   Section        0  gd32l23x_usart.o(.text.usart_stop_bit_set)
    [Anonymous Symbol]                       0x0800790a   Section        0  gd32l23x_usart.o(.text.usart_transmit_config)
    [Anonymous Symbol]                       0x08007928   Section        0  gd32l23x_usart.o(.text.usart_word_length_set)
    [Anonymous Symbol]                       0x08007956   Section        0  usebasetimer.o(.text.useGeneralTimerProcess)
    i.__0printf                              0x080079d8   Section        0  printfa.o(i.__0printf)
    i.__ARM_clz                              0x080079f8   Section        0  depilogue.o(i.__ARM_clz)
    i.__scatterload_copy                     0x08007a26   Section       14  handlers.o(i.__scatterload_copy)
    i.__scatterload_null                     0x08007a34   Section        2  handlers.o(i.__scatterload_null)
    i.__scatterload_zeroinit                 0x08007a36   Section       14  handlers.o(i.__scatterload_zeroinit)
    _fp_digits                               0x08007a45   Thumb Code   344  printfa.o(i._fp_digits)
    i._fp_digits                             0x08007a44   Section        0  printfa.o(i._fp_digits)
    _printf_core                             0x08007bb9   Thumb Code  1754  printfa.o(i._printf_core)
    i._printf_core                           0x08007bb8   Section        0  printfa.o(i._printf_core)
    _printf_post_padding                     0x080082a5   Thumb Code    32  printfa.o(i._printf_post_padding)
    i._printf_post_padding                   0x080082a4   Section        0  printfa.o(i._printf_post_padding)
    _printf_pre_padding                      0x080082c5   Thumb Code    44  printfa.o(i._printf_pre_padding)
    i._printf_pre_padding                    0x080082c4   Section        0  printfa.o(i._printf_pre_padding)
    .L.str                                   0x080082f0   Data          15  main.o(.rodata.str1.1)
    [Anonymous Symbol]                       0x080082f0   Section        0  main.o(.rodata.str1.1)
    .L.str.1                                 0x080082ff   Data          25  main.o(.rodata.str1.1)
    .L.str.1                                 0x08008318   Data          43  i2c_led.o(.rodata.str1.1)
    .L.str.2                                 0x08008318   Data          43  i2c_led.o(.rodata.str1.1)
    [Anonymous Symbol]                       0x08008318   Section        0  i2c_led.o(.rodata.str1.1)
    .L.str                                   0x08008343   Data          32  i2c_led.o(.rodata.str1.1)
    .L.str.4                                 0x08008363   Data          42  sensirion_hw_i2c_implementation.o(.rodata.str1.1)
    [Anonymous Symbol]                       0x08008363   Section        0  sensirion_hw_i2c_implementation.o(.rodata.str1.1)
    .L.str.3                                 0x0800838d   Data          30  sensirion_hw_i2c_implementation.o(.rodata.str1.1)
    .L.str.1                                 0x080083ab   Data          54  sensirion_hw_i2c_implementation.o(.rodata.str1.1)
    .L.str                                   0x080083e1   Data          24  sensirion_hw_i2c_implementation.o(.rodata.str1.1)
    .L.str.5                                 0x080083f9   Data          40  sensirion_hw_i2c_implementation.o(.rodata.str1.1)
    .L.str.1                                 0x08008421   Data          17  sht4x_example_usage.o(.rodata.str1.1)
    [Anonymous Symbol]                       0x08008421   Section        0  sht4x_example_usage.o(.rodata.str1.1)
    .L.str                                   0x08008432   Data          24  sht4x_example_usage.o(.rodata.str1.1)
    .data                                    0x20000000   Section        4  stdout.o(.data)
    m_IS31FL_status                          0x20000052   Data           1  i2c_led.o(.data.m_IS31FL_status)
    record_led_status.old_value              0x20000054   Data           4  usebasetimer.o(.data.record_led_status.old_value)
    sht4x_cmd_measure                        0x20000058   Data           1  sht4x.o(.data.sht4x_cmd_measure)
    sht4x_cmd_measure_delay_us               0x2000005a   Data           2  sht4x.o(.data.sht4x_cmd_measure_delay_us)
    sht4x_status                             0x2000005c   Data           1  sht4x.o(.data.sht4x_status)
    timerTaskFlag                            0x2000005d   Data           1  usebasetimer.o(.data.timerTaskFlag)
    I2C_CTRL_Show_temp_humi.old_humi         0x20000060   Data           2  i2c_led.o(.bss.I2C_CTRL_Show_temp_humi.old_humi)
    I2C_CTRL_Show_temp_humi.old_temper       0x20000062   Data           2  i2c_led.o(.bss.I2C_CTRL_Show_temp_humi.old_temper)
    delay                                    0x20000064   Data           4  systick.o(.bss.delay)
    i2c_led_level                            0x20000069   Data           1  i2c_led.o(.bss.i2c_led_level)
    measure_task_exe.humidity                0x2000006c   Data           4  core_task.o(.bss.measure_task_exe.humidity)
    measure_task_exe.humidity_clouds         0x20000070   Data           4  core_task.o(.bss.measure_task_exe.humidity_clouds)
    measure_task_exe.temperatures            0x20000074   Data           4  core_task.o(.bss.measure_task_exe.temperatures)
    measure_task_exe.temperatures_clouds     0x20000078   Data           4  core_task.o(.bss.measure_task_exe.temperatures_clouds)
    measure_task_exe.update_times_freq       0x2000007c   Data           4  core_task.o(.bss.measure_task_exe.update_times_freq)
    measure_task_exe.updates                 0x20000080   Data           1  core_task.o(.bss.measure_task_exe.updates)
    record_led_status.base                   0x20000081   Data           1  usebasetimer.o(.bss.record_led_status.base)
    record_led_status.off_times              0x20000082   Data           1  usebasetimer.o(.bss.record_led_status.off_times)
    record_led_status.on_times               0x20000083   Data           1  usebasetimer.o(.bss.record_led_status.on_times)
    s_led_run_mode                           0x20000084   Data           1  i2c_led.o(.bss.s_led_run_mode)
    sht4x_measure_task.g_record_times        0x20000088   Data           4  core_task.o(.bss.sht4x_measure_task.g_record_times)
    sht4x_measure_task.old_humidity          0x2000008c   Data           4  core_task.o(.bss.sht4x_measure_task.old_humidity)
    sht4x_measure_task.old_temperature       0x20000090   Data           4  core_task.o(.bss.sht4x_measure_task.old_temperature)
    sht4x_measure_task.update                0x20000094   Data           1  core_task.o(.bss.sht4x_measure_task.update)
    shtp                                     0x20000098   Data           8  core_task.o(.bss.shtp)
    time_cycle.Timer_Count_Value             0x200000a0   Data           1  usebasetimer.o(.bss.time_cycle.Timer_Count_Value)
    timetaskparams                           0x200000a1   Data           3  usebasetimer.o(.bss.timetaskparams)
    STACK                                    0x200000a8   Section     1024  startup_gd32l235xx.o(STACK)

    Global Symbols

    Symbol Name                              Value     Ov Type        Size  Object(Section)

    BuildAttributes$$THM_ISAv3M$S$8M$PE$A:L22$X:L11$S22$IEEE1$IW$~IW$USESV6$~STKCKD$USESV7$~SHL$OTIME$ROPI$EBA8$MICROLIB$REQ8$PRES8$EABIv2 0x00000000   Number         0  anon$$obj.o ABSOLUTE
    __cpp_initialize__aeabi_                  - Undefined Weak Reference
    __cxa_finalize                            - Undefined Weak Reference
    __decompress                              - Undefined Weak Reference
    _clock_init                               - Undefined Weak Reference
    _microlib_exit                            - Undefined Weak Reference
    __Vectors_Size                           0x00000160   Number         0  startup_gd32l235xx.o ABSOLUTE
    Image$$ER_IROM1$$Base                    0x08002c00   Number         0  anon$$obj.o ABSOLUTE
    __Vectors                                0x08002c00   Data           4  startup_gd32l235xx.o(RESET)
    __Vectors_End                            0x08002d60   Data           0  startup_gd32l235xx.o(RESET)
    __main                                   0x08002d61   Thumb Code     0  entry.o(.ARM.Collect$$$$00000000)
    _main_stk                                0x08002d61   Thumb Code     0  entry2.o(.ARM.Collect$$$$00000001)
    _main_scatterload                        0x08002d65   Thumb Code     0  entry5.o(.ARM.Collect$$$$00000004)
    __main_after_scatterload                 0x08002d69   Thumb Code     0  entry5.o(.ARM.Collect$$$$00000004)
    _main_clock                              0x08002d69   Thumb Code     0  entry7b.o(.ARM.Collect$$$$00000008)
    _main_cpp_init                           0x08002d69   Thumb Code     0  entry8b.o(.ARM.Collect$$$$0000000A)
    _main_init                               0x08002d69   Thumb Code     0  entry9a.o(.ARM.Collect$$$$0000000B)
    __rt_final_cpp                           0x08002d71   Thumb Code     0  entry10a.o(.ARM.Collect$$$$0000000D)
    __rt_final_exit                          0x08002d71   Thumb Code     0  entry11a.o(.ARM.Collect$$$$0000000F)
    Reset_Handler                            0x08002d75   Thumb Code    34  startup_gd32l235xx.o(.text)
    ADC_IRQHandler                           0x08002da1   Thumb Code     0  startup_gd32l235xx.o(.text)
    CAN_EWMC_IRQHandler                      0x08002da1   Thumb Code     0  startup_gd32l235xx.o(.text)
    CAN_RX1_IRQHandler                       0x08002da1   Thumb Code     0  startup_gd32l235xx.o(.text)
    CAU_IRQHandler                           0x08002da1   Thumb Code     0  startup_gd32l235xx.o(.text)
    CMP0_IRQHandler                          0x08002da1   Thumb Code     0  startup_gd32l235xx.o(.text)
    CMP1_IRQHandler                          0x08002da1   Thumb Code     0  startup_gd32l235xx.o(.text)
    DAC_IRQHandler                           0x08002da1   Thumb Code     0  startup_gd32l235xx.o(.text)
    DMAMUX_IRQHandler                        0x08002da1   Thumb Code     0  startup_gd32l235xx.o(.text)
    DMA_Channel0_IRQHandler                  0x08002da1   Thumb Code     0  startup_gd32l235xx.o(.text)
    DMA_Channel1_IRQHandler                  0x08002da1   Thumb Code     0  startup_gd32l235xx.o(.text)
    DMA_Channel2_IRQHandler                  0x08002da1   Thumb Code     0  startup_gd32l235xx.o(.text)
    DMA_Channel3_IRQHandler                  0x08002da1   Thumb Code     0  startup_gd32l235xx.o(.text)
    DMA_Channel4_IRQHandler                  0x08002da1   Thumb Code     0  startup_gd32l235xx.o(.text)
    DMA_Channel5_IRQHandler                  0x08002da1   Thumb Code     0  startup_gd32l235xx.o(.text)
    DMA_Channel6_IRQHandler                  0x08002da1   Thumb Code     0  startup_gd32l235xx.o(.text)
    EXTI0_IRQHandler                         0x08002da1   Thumb Code     0  startup_gd32l235xx.o(.text)
    EXTI10_15_IRQHandler                     0x08002da1   Thumb Code     0  startup_gd32l235xx.o(.text)
    EXTI1_IRQHandler                         0x08002da1   Thumb Code     0  startup_gd32l235xx.o(.text)
    EXTI2_IRQHandler                         0x08002da1   Thumb Code     0  startup_gd32l235xx.o(.text)
    EXTI3_IRQHandler                         0x08002da1   Thumb Code     0  startup_gd32l235xx.o(.text)
    EXTI4_IRQHandler                         0x08002da1   Thumb Code     0  startup_gd32l235xx.o(.text)
    EXTI5_9_IRQHandler                       0x08002da1   Thumb Code     0  startup_gd32l235xx.o(.text)
    FMC_IRQHandler                           0x08002da1   Thumb Code     0  startup_gd32l235xx.o(.text)
    I2C0_ER_IRQHandler                       0x08002da1   Thumb Code     0  startup_gd32l235xx.o(.text)
    I2C0_EV_IRQHandler                       0x08002da1   Thumb Code     0  startup_gd32l235xx.o(.text)
    I2C0_WKUP_IRQHandler                     0x08002da1   Thumb Code     0  startup_gd32l235xx.o(.text)
    I2C1_ER_IRQHandler                       0x08002da1   Thumb Code     0  startup_gd32l235xx.o(.text)
    I2C1_EV_IRQHandler                       0x08002da1   Thumb Code     0  startup_gd32l235xx.o(.text)
    I2C1_WKUP_IRQHandler                     0x08002da1   Thumb Code     0  startup_gd32l235xx.o(.text)
    I2C2_ER_IRQHandler                       0x08002da1   Thumb Code     0  startup_gd32l235xx.o(.text)
    I2C2_EV_IRQHandler                       0x08002da1   Thumb Code     0  startup_gd32l235xx.o(.text)
    I2C2_WKUP_IRQHandler                     0x08002da1   Thumb Code     0  startup_gd32l235xx.o(.text)
    LPTIMER0_IRQHandler                      0x08002da1   Thumb Code     0  startup_gd32l235xx.o(.text)
    LPTIMER1_IRQHandler                      0x08002da1   Thumb Code     0  startup_gd32l235xx.o(.text)
    LPUART0_IRQHandler                       0x08002da1   Thumb Code     0  startup_gd32l235xx.o(.text)
    LPUART0_WKUP_IRQHandler                  0x08002da1   Thumb Code     0  startup_gd32l235xx.o(.text)
    LPUART1_IRQHandler                       0x08002da1   Thumb Code     0  startup_gd32l235xx.o(.text)
    LPUART1_WKUP_IRQHandler                  0x08002da1   Thumb Code     0  startup_gd32l235xx.o(.text)
    LVD_IRQHandler                           0x08002da1   Thumb Code     0  startup_gd32l235xx.o(.text)
    RCU_CTC_IRQHandler                       0x08002da1   Thumb Code     0  startup_gd32l235xx.o(.text)
    RTC_Alarm_IRQHandler                     0x08002da1   Thumb Code     0  startup_gd32l235xx.o(.text)
    RTC_WKUP_IRQHandler                      0x08002da1   Thumb Code     0  startup_gd32l235xx.o(.text)
    SLCD_IRQHandler                          0x08002da1   Thumb Code     0  startup_gd32l235xx.o(.text)
    SPI0_IRQHandler                          0x08002da1   Thumb Code     0  startup_gd32l235xx.o(.text)
    SPI1_IRQHandler                          0x08002da1   Thumb Code     0  startup_gd32l235xx.o(.text)
    TAMPER_STAMP_IRQHandler                  0x08002da1   Thumb Code     0  startup_gd32l235xx.o(.text)
    TIMER0_Channel_IRQHandler                0x08002da1   Thumb Code     0  startup_gd32l235xx.o(.text)
    TIMER0_TRG_CMT_UP_BRK_IRQHandler         0x08002da1   Thumb Code     0  startup_gd32l235xx.o(.text)
    TIMER1_IRQHandler                        0x08002da1   Thumb Code     0  startup_gd32l235xx.o(.text)
    TIMER2_IRQHandler                        0x08002da1   Thumb Code     0  startup_gd32l235xx.o(.text)
    TIMER5_IRQHandler                        0x08002da1   Thumb Code     0  startup_gd32l235xx.o(.text)
    TIMER6_IRQHandler                        0x08002da1   Thumb Code     0  startup_gd32l235xx.o(.text)
    TIMER8_IRQHandler                        0x08002da1   Thumb Code     0  startup_gd32l235xx.o(.text)
    TRNG_IRQHandler                          0x08002da1   Thumb Code     0  startup_gd32l235xx.o(.text)
    UART3_IRQHandler                         0x08002da1   Thumb Code     0  startup_gd32l235xx.o(.text)
    UART4_IRQHandler                         0x08002da1   Thumb Code     0  startup_gd32l235xx.o(.text)
    USART0_IRQHandler                        0x08002da1   Thumb Code     0  startup_gd32l235xx.o(.text)
    USART0_WKUP_IRQHandler                   0x08002da1   Thumb Code     0  startup_gd32l235xx.o(.text)
    USART1_IRQHandler                        0x08002da1   Thumb Code     0  startup_gd32l235xx.o(.text)
    USART1_WKUP_IRQHandler                   0x08002da1   Thumb Code     0  startup_gd32l235xx.o(.text)
    USBD_HP_CAN_TX_IRQHandler                0x08002da1   Thumb Code     0  startup_gd32l235xx.o(.text)
    USBD_LP_CAN_RX0_IRQHandler               0x08002da1   Thumb Code     0  startup_gd32l235xx.o(.text)
    USBD_WKUP_IRQHandler                     0x08002da1   Thumb Code     0  startup_gd32l235xx.o(.text)
    WWDGT_IRQHandler                         0x08002da1   Thumb Code     0  startup_gd32l235xx.o(.text)
    abs                                      0x08002db9   Thumb Code     8  siabs.o(.text)
    __aeabi_fadd                             0x08002dc1   Thumb Code   162  fadd.o(.text)
    __aeabi_fsub                             0x08002e63   Thumb Code     8  fadd.o(.text)
    __aeabi_frsub                            0x08002e6b   Thumb Code     8  fadd.o(.text)
    __aeabi_fmul                             0x08002e73   Thumb Code   122  fmul.o(.text)
    __aeabi_fdiv                             0x08002eed   Thumb Code   124  fdiv.o(.text)
    __aeabi_dadd                             0x08002f69   Thumb Code   328  dadd.o(.text)
    __aeabi_dsub                             0x080030b1   Thumb Code    12  dadd.o(.text)
    __aeabi_drsub                            0x080030bd   Thumb Code    12  dadd.o(.text)
    __aeabi_dmul                             0x080030cd   Thumb Code   202  dmul.o(.text)
    __aeabi_fcmple                           0x0800319d   Thumb Code    28  fcmple.o(.text)
    __aeabi_fcmpge                           0x080031b9   Thumb Code    28  fcmpge.o(.text)
    __aeabi_fcmpgt                           0x080031d5   Thumb Code    28  fcmpgt.o(.text)
    __aeabi_fcmpeq                           0x080031f1   Thumb Code    28  fcmpeq.o(.text)
    __aeabi_i2f                              0x0800320d   Thumb Code    22  fflti.o(.text)
    __aeabi_i2d                              0x08003225   Thumb Code    34  dflti.o(.text)
    __aeabi_f2iz                             0x0800324d   Thumb Code    50  ffixi.o(.text)
    __aeabi_f2d                              0x0800327f   Thumb Code    40  f2d.o(.text)
    __aeabi_d2f                              0x080032a7   Thumb Code    56  d2f.o(.text)
    __aeabi_uldivmod                         0x080032df   Thumb Code    96  uldiv.o(.text)
    __aeabi_llsl                             0x0800333f   Thumb Code    32  llshl.o(.text)
    _ll_shift_l                              0x0800333f   Thumb Code     0  llshl.o(.text)
    __aeabi_lasr                             0x0800335f   Thumb Code    38  llsshr.o(.text)
    _ll_sshift_r                             0x0800335f   Thumb Code     0  llsshr.o(.text)
    __I$use$fp                               0x08003385   Thumb Code     0  iusefp.o(.text)
    _float_round                             0x08003385   Thumb Code    16  fepilogue.o(.text)
    _float_epilogue                          0x08003395   Thumb Code   114  fepilogue.o(.text)
    _double_round                            0x08003407   Thumb Code    26  depilogue.o(.text)
    _double_epilogue                         0x08003421   Thumb Code   164  depilogue.o(.text)
    __aeabi_ddiv                             0x080034c5   Thumb Code   234  ddiv.o(.text)
    __aeabi_d2ulz                            0x080035b5   Thumb Code    54  dfixul.o(.text)
    __aeabi_cdrcmple                         0x080035f5   Thumb Code    38  cdrcmple.o(.text)
    __scatterload                            0x0800361d   Thumb Code    28  init.o(.text)
    __scatterload_rt2                        0x0800361d   Thumb Code     0  init.o(.text)
    __aeabi_uidiv$div0                       0x08003641   Thumb Code     0  uidiv_div0.o(.text)
    __aeabi_uidivmod                         0x08003641   Thumb Code    62  uidiv_div0.o(.text)
    __aeabi_llsr                             0x0800367f   Thumb Code    34  llushr.o(.text)
    _ll_ushift_r                             0x0800367f   Thumb Code     0  llushr.o(.text)
    ConfigTimerTask                          0x080036a1   Thumb Code    96  usebasetimer.o(.text.ConfigTimerTask)
    GetTimeTaskParams                        0x08003701   Thumb Code    96  usebasetimer.o(.text.GetTimeTaskParams)
    Get_led_run_mode                         0x08003761   Thumb Code    12  i2c_led.o(.text.Get_led_run_mode)
    HardFault_Handler                        0x0800376d   Thumb Code     4  gd32l23x_it.o(.text.HardFault_Handler)
    I2C_CTRL_Show_temp_humi                  0x08003815   Thumb Code   728  i2c_led.o(.text.I2C_CTRL_Show_temp_humi)
    IIC2_All_Init                            0x08003aed   Thumb Code    16  i2c_led.o(.text.IIC2_All_Init)
    IS31FL3236_Init                          0x08003afd   Thumb Code   302  i2c_led.o(.text.IS31FL3236_Init)
    IS31_WriteOneByte_timeout                0x08003c2d   Thumb Code   754  i2c_led.o(.text.IS31_WriteOneByte_timeout)
    Init_SHT4X                               0x08003f1f   Thumb Code    62  sht4x_example_usage.o(.text.Init_SHT4X)
    NMI_Handler                              0x08003f5d   Thumb Code     2  gd32l23x_it.o(.text.NMI_Handler)
    PendSV_Handler                           0x08003f5f   Thumb Code     2  gd32l23x_it.o(.text.PendSV_Handler)
    SHT4x_init                               0x08003f61   Thumb Code     8  sht4x_example_usage.o(.text.SHT4x_init)
    SVC_Handler                              0x08003f69   Thumb Code     2  gd32l23x_it.o(.text.SVC_Handler)
    SysTick_Handler                          0x08003fbd   Thumb Code     8  gd32l23x_it.o(.text.SysTick_Handler)
    SystemInit                               0x08003fc5   Thumb Code   186  system_gd32l23x.o(.text.SystemInit)
    TIMER11_IRQHandler                       0x0800407f   Thumb Code    44  usebasetimer.o(.text.TIMER11_IRQHandler)
    TIMER14_IRQHandler                       0x080040ab   Thumb Code     2  usebasetimer.o(.text.TIMER14_IRQHandler)
    TIMER40_IRQHandler                       0x080040ad   Thumb Code    40  usebasetimer.o(.text.TIMER40_IRQHandler)
    com_usart_init                           0x0800421b   Thumb Code   180  main.o(.text.com_usart_init)
    delay_1ms                                0x080042cf   Thumb Code    38  systick.o(.text.delay_1ms)
    delay_decrement                          0x080042f5   Thumb Code    32  systick.o(.text.delay_decrement)
    fputc                                    0x08004315   Thumb Code    54  main.o(.text.fputc)
    fwdgt_config                             0x0800434b   Thumb Code   248  gd32l23x_fwdgt.o(.text.fwdgt_config)
    fwdgt_counter_reload                     0x08004443   Thumb Code    16  gd32l23x_fwdgt.o(.text.fwdgt_counter_reload)
    fwdgt_enable                             0x08004453   Thumb Code    16  gd32l23x_fwdgt.o(.text.fwdgt_enable)
    fwdgt_write_disable                      0x08004463   Thumb Code    14  gd32l23x_fwdgt.o(.text.fwdgt_write_disable)
    fwdgt_write_enable                       0x08004471   Thumb Code    16  gd32l23x_fwdgt.o(.text.fwdgt_write_enable)
    get_IS31FL_status                        0x08004481   Thumb Code    12  i2c_led.o(.text.get_IS31FL_status)
    get_sht4x_status                         0x0800448d   Thumb Code    12  sht4x.o(.text.get_sht4x_status)
    gpio_af_set                              0x08004499   Thumb Code   192  gd32l23x_gpio.o(.text.gpio_af_set)
    gpio_bit_reset                           0x08004559   Thumb Code    16  gd32l23x_gpio.o(.text.gpio_bit_reset)
    gpio_bit_set                             0x08004569   Thumb Code    16  gd32l23x_gpio.o(.text.gpio_bit_set)
    gpio_config                              0x08004579   Thumb Code   100  i2c_led.o(.text.gpio_config)
    gpio_mode_set                            0x080045dd   Thumb Code   142  gd32l23x_gpio.o(.text.gpio_mode_set)
    gpio_output_options_set                  0x0800466b   Thumb Code   138  gd32l23x_gpio.o(.text.gpio_output_options_set)
    i2c_address_config                       0x080046f5   Thumb Code    44  gd32l23x_i2c.o(.text.i2c_address_config)
    i2c_automatic_end_enable                 0x08004721   Thumb Code    20  gd32l23x_i2c.o(.text.i2c_automatic_end_enable)
    i2c_config                               0x08004735   Thumb Code    64  i2c_led.o(.text.i2c_config)
    i2c_data_receive                         0x08004775   Thumb Code    14  gd32l23x_i2c.o(.text.i2c_data_receive)
    i2c_data_transmit                        0x08004783   Thumb Code    18  gd32l23x_i2c.o(.text.i2c_data_transmit)
    i2c_deinit                               0x08004795   Thumb Code   116  gd32l23x_i2c.o(.text.i2c_deinit)
    i2c_enable                               0x08004809   Thumb Code    18  gd32l23x_i2c.o(.text.i2c_enable)
    i2c_flag_clear                           0x0800481b   Thumb Code    20  gd32l23x_i2c.o(.text.i2c_flag_clear)
    i2c_flag_get                             0x0800482f   Thumb Code    42  gd32l23x_i2c.o(.text.i2c_flag_get)
    i2c_master_addressing                    0x08004859   Thumb Code    64  gd32l23x_i2c.o(.text.i2c_master_addressing)
    i2c_master_clock_config                  0x08004899   Thumb Code    66  gd32l23x_i2c.o(.text.i2c_master_clock_config)
    i2c_reload_disable                       0x080048db   Thumb Code    24  gd32l23x_i2c.o(.text.i2c_reload_disable)
    i2c_start_on_bus                         0x080048f3   Thumb Code    20  gd32l23x_i2c.o(.text.i2c_start_on_bus)
    i2c_stop_on_bus                          0x08004907   Thumb Code    20  gd32l23x_i2c.o(.text.i2c_stop_on_bus)
    i2c_timing_config                        0x0800491b   Thumb Code   102  gd32l23x_i2c.o(.text.i2c_timing_config)
    i2c_transfer_byte_number_config          0x08004981   Thumb Code    38  gd32l23x_i2c.o(.text.i2c_transfer_byte_number_config)
    init_led_status                          0x080049a7   Thumb Code    26  i2c_led.o(.text.init_led_status)
    led_dispaly_state                        0x080049c1   Thumb Code   142  i2c_led.o(.text.led_dispaly_state)
    main                                     0x08004a4f   Thumb Code   200  main.o(.text.main)
    measure_task_exe                         0x08004b17   Thumb Code   538  core_task.o(.text.measure_task_exe)
    nvic_irq_enable                          0x08004d47   Thumb Code    44  gd32l23x_misc.o(.text.nvic_irq_enable)
    nvic_vector_table_set                    0x08004d73   Thumb Code    40  gd32l23x_misc.o(.text.nvic_vector_table_set)
    rcu_clock_freq_get                       0x08004d9d   Thumb Code  2480  gd32l23x_rcu.o(.text.rcu_clock_freq_get)
    rcu_config                               0x0800574d   Thumb Code    20  i2c_led.o(.text.rcu_config)
    rcu_flag_get                             0x08005761   Thumb Code    58  gd32l23x_rcu.o(.text.rcu_flag_get)
    rcu_i2c_clock_config                     0x0800579b   Thumb Code   122  gd32l23x_rcu.o(.text.rcu_i2c_clock_config)
    rcu_osci_on                              0x08005815   Thumb Code    40  gd32l23x_rcu.o(.text.rcu_osci_on)
    rcu_osci_stab_wait                       0x0800583d   Thumb Code   572  gd32l23x_rcu.o(.text.rcu_osci_stab_wait)
    rcu_periph_clock_enable                  0x08005a79   Thumb Code    40  gd32l23x_rcu.o(.text.rcu_periph_clock_enable)
    rcu_periph_reset_disable                 0x08005aa1   Thumb Code    40  gd32l23x_rcu.o(.text.rcu_periph_reset_disable)
    rcu_periph_reset_enable                  0x08005ac9   Thumb Code    40  gd32l23x_rcu.o(.text.rcu_periph_reset_enable)
    record_led_status                        0x08005af1   Thumb Code   386  usebasetimer.o(.text.record_led_status)
    resetTimeTaskParams                      0x08005c73   Thumb Code    80  usebasetimer.o(.text.resetTimeTaskParams)
    sensirion_common_check_crc               0x08005cc3   Thumb Code    66  sensirion_common.o(.text.sensirion_common_check_crc)
    sensirion_common_generate_crc            0x08005d05   Thumb Code   138  sensirion_common.o(.text.sensirion_common_generate_crc)
    sensirion_i2c_ReadByte_timeout           0x08005d91   Thumb Code   624  sensirion_hw_i2c_implementation.o(.text.sensirion_i2c_ReadByte_timeout)
    sensirion_i2c_WriteByte_timeout          0x08006001   Thumb Code   700  sensirion_hw_i2c_implementation.o(.text.sensirion_i2c_WriteByte_timeout)
    sensirion_i2c_read                       0x080062bd   Thumb Code    80  sensirion_hw_i2c_implementation.o(.text.sensirion_i2c_read)
    sensirion_i2c_read_words                 0x0800630d   Thumb Code   136  sensirion_common.o(.text.sensirion_i2c_read_words)
    sensirion_i2c_read_words_as_bytes        0x08006395   Thumb Code   198  sensirion_common.o(.text.sensirion_i2c_read_words_as_bytes)
    sensirion_i2c_write                      0x0800645b   Thumb Code    96  sensirion_hw_i2c_implementation.o(.text.sensirion_i2c_write)
    sensirion_sleep_usec                     0x080064bb   Thumb Code    60  sensirion_hw_i2c_implementation.o(.text.sensirion_sleep_usec)
    setPwm                                   0x080064f7   Thumb Code    40  i2c_led.o(.text.setPwm)
    setPwmupdate                             0x0800651f   Thumb Code    28  i2c_led.o(.text.setPwmupdate)
    setRunMode                               0x0800653b   Thumb Code    56  i2c_led.o(.text.setRunMode)
    setShtParams                             0x08006573   Thumb Code    26  core_task.o(.text.setShtParams)
    set_led_level                            0x0800658d   Thumb Code    36  i2c_led.o(.text.set_led_level)
    set_sht4x_status                         0x080065b1   Thumb Code    22  sht4x.o(.text.set_sht4x_status)
    showNumber                               0x080065c9   Thumb Code   244  i2c_led.o(.text.showNumber)
    show_negative                            0x080066bd   Thumb Code    52  i2c_led.o(.text.show_negative)
    sht4x_measure                            0x080066f1   Thumb Code    20  sht4x.o(.text.sht4x_measure)
    sht4x_measure_blocking_read              0x08006705   Thumb Code    70  sht4x.o(.text.sht4x_measure_blocking_read)
    sht4x_measure_detail                     0x0800674b   Thumb Code    40  sht4x_example_usage.o(.text.sht4x_measure_detail)
    sht4x_measure_task                       0x08006773   Thumb Code   776  core_task.o(.text.sht4x_measure_task)
    sht4x_probe                              0x08006a7b   Thumb Code    14  sht4x.o(.text.sht4x_probe)
    sht4x_read                               0x08006a89   Thumb Code    76  sht4x.o(.text.sht4x_read)
    sht4x_read_serial                        0x08006ad5   Thumb Code   102  sht4x.o(.text.sht4x_read_serial)
    spi_crc_polynomial_set                   0x08006b3b   Thumb Code    18  gd32l23x_spi.o(.text.spi_crc_polynomial_set)
    spi_enable                               0x08006b4d   Thumb Code    18  gd32l23x_spi.o(.text.spi_enable)
    spi_fifo_access_size_config              0x08006b5f   Thumb Code    38  gd32l23x_spi.o(.text.spi_fifo_access_size_config)
    spi_flash_init                           0x08006b85   Thumb Code   276  gd25qxx.o(.text.spi_flash_init)
    spi_flash_read_id                        0x08006c99   Thumb Code    96  gd25qxx.o(.text.spi_flash_read_id)
    spi_flash_send_byte                      0x08006cf9   Thumb Code    86  gd25qxx.o(.text.spi_flash_send_byte)
    spi_i2s_data_receive                     0x08006d4f   Thumb Code    82  gd32l23x_spi.o(.text.spi_i2s_data_receive)
    spi_i2s_data_transmit                    0x08006da1   Thumb Code    82  gd32l23x_spi.o(.text.spi_i2s_data_transmit)
    spi_i2s_flag_get                         0x08006df3   Thumb Code   128  gd32l23x_spi.o(.text.spi_i2s_flag_get)
    spi_init                                 0x08006e73   Thumb Code   312  gd32l23x_spi.o(.text.spi_init)
    spi_quad_io23_output_enable              0x08006fab   Thumb Code    20  gd32l23x_spi.o(.text.spi_quad_io23_output_enable)
    systick_config                           0x08007101   Thumb Code    42  systick.o(.text.systick_config)
    timer_deinit                             0x080072b7   Thumb Code   316  gd32l23x_timer.o(.text.timer_deinit)
    timer_disable                            0x080073f3   Thumb Code    18  gd32l23x_timer.o(.text.timer_disable)
    timer_enable                             0x08007405   Thumb Code    18  gd32l23x_timer.o(.text.timer_enable)
    timer_init                               0x08007417   Thumb Code   272  gd32l23x_timer.o(.text.timer_init)
    timer_interrupt_enable                   0x08007527   Thumb Code    20  gd32l23x_timer.o(.text.timer_interrupt_enable)
    timer_interrupt_flag_clear               0x0800753b   Thumb Code    18  gd32l23x_timer.o(.text.timer_interrupt_flag_clear)
    timer_interrupt_flag_get                 0x0800754d   Thumb Code    58  gd32l23x_timer.o(.text.timer_interrupt_flag_get)
    timer_struct_para_init                   0x08007587   Thumb Code    38  gd32l23x_timer.o(.text.timer_struct_para_init)
    update_data_prepare_number               0x080075ad   Thumb Code    74  i2c_led.o(.text.update_data_prepare_number)
    update_i2c_show_humi_task                0x080075f7   Thumb Code   174  core_task.o(.text.update_i2c_show_humi_task)
    usart_baudrate_set                       0x080076a5   Thumb Code   240  gd32l23x_usart.o(.text.usart_baudrate_set)
    usart_data_transmit                      0x08007795   Thumb Code    24  gd32l23x_usart.o(.text.usart_data_transmit)
    usart_deinit                             0x080077ad   Thumb Code   150  gd32l23x_usart.o(.text.usart_deinit)
    usart_enable                             0x08007843   Thumb Code    18  gd32l23x_usart.o(.text.usart_enable)
    usart_flag_get                           0x08007855   Thumb Code    60  gd32l23x_usart.o(.text.usart_flag_get)
    usart_parity_config                      0x08007891   Thumb Code    46  gd32l23x_usart.o(.text.usart_parity_config)
    usart_receive_config                     0x080078bf   Thumb Code    30  gd32l23x_usart.o(.text.usart_receive_config)
    usart_stop_bit_set                       0x080078dd   Thumb Code    46  gd32l23x_usart.o(.text.usart_stop_bit_set)
    usart_transmit_config                    0x0800790b   Thumb Code    30  gd32l23x_usart.o(.text.usart_transmit_config)
    usart_word_length_set                    0x08007929   Thumb Code    46  gd32l23x_usart.o(.text.usart_word_length_set)
    useGeneralTimerProcess                   0x08007957   Thumb Code   128  usebasetimer.o(.text.useGeneralTimerProcess)
    __0printf                                0x080079d9   Thumb Code    24  printfa.o(i.__0printf)
    __1printf                                0x080079d9   Thumb Code     0  printfa.o(i.__0printf)
    __2printf                                0x080079d9   Thumb Code     0  printfa.o(i.__0printf)
    __c89printf                              0x080079d9   Thumb Code     0  printfa.o(i.__0printf)
    printf                                   0x080079d9   Thumb Code     0  printfa.o(i.__0printf)
    __ARM_clz                                0x080079f9   Thumb Code    46  depilogue.o(i.__ARM_clz)
    __scatterload_copy                       0x08007a27   Thumb Code    14  handlers.o(i.__scatterload_copy)
    __scatterload_null                       0x08007a35   Thumb Code     2  handlers.o(i.__scatterload_null)
    __scatterload_zeroinit                   0x08007a37   Thumb Code    14  handlers.o(i.__scatterload_zeroinit)
    Region$$Table$$Base                      0x0800844c   Number         0  anon$$obj.o(Region$$Table)
    Region$$Table$$Limit                     0x0800846c   Number         0  anon$$obj.o(Region$$Table)
    __stdout                                 0x20000000   Data           4  stdout.o(.data)
    PWM_Gamma64                              0x20000004   Data          64  i2c_led.o(.data.PWM_Gamma64)
    SystemCoreClock                          0x20000044   Data           4  system_gd32l23x.o(.data.SystemCoreClock)
    digital_code                             0x20000048   Data          10  i2c_led.o(.data.digital_code)
    i2c_bus_status                           0x20000068   Data           1  i2c_led.o(.bss.i2c_bus_status)
    local_i2c_led_value                      0x2000006a   Data           2  i2c_led.o(.bss.local_i2c_led_value)
    wifi_indicator_cycle                     0x200000a4   Data           1  usebasetimer.o(.bss.wifi_indicator_cycle)
    wifi_status_time_cycle                   0x200000a5   Data           1  usebasetimer.o(.bss.wifi_status_time_cycle)
    __initial_sp                             0x200004a8   Data           0  startup_gd32l235xx.o(STACK)



==============================================================================

Memory Map of the image

  Image Entry point : 0x08002d61

  Load Region LR_IROM1 (Base: 0x08002c00, Size: 0x000058d0, Max: 0x00020000, ABSOLUTE)

    Execution Region ER_IROM1 (Exec base: 0x08002c00, Load base: 0x08002c00, Size: 0x0000586c, Max: 0x00020000, ABSOLUTE)

    Exec Addr    Load Addr    Size         Type   Attr      Idx    E Section Name        Object

    0x08002c00   0x08002c00   0x00000160   Data   RO         1695    RESET               startup_gd32l235xx.o
    0x08002d60   0x08002d60   0x00000000   Code   RO         1981  * .ARM.Collect$$$$00000000  mc_p.l(entry.o)
    0x08002d60   0x08002d60   0x00000004   Code   RO         2017    .ARM.Collect$$$$00000001  mc_p.l(entry2.o)
    0x08002d64   0x08002d64   0x00000004   Code   RO         2020    .ARM.Collect$$$$00000004  mc_p.l(entry5.o)
    0x08002d68   0x08002d68   0x00000000   Code   RO         2022    .ARM.Collect$$$$00000008  mc_p.l(entry7b.o)
    0x08002d68   0x08002d68   0x00000000   Code   RO         2024    .ARM.Collect$$$$0000000A  mc_p.l(entry8b.o)
    0x08002d68   0x08002d68   0x00000008   Code   RO         2025    .ARM.Collect$$$$0000000B  mc_p.l(entry9a.o)
    0x08002d70   0x08002d70   0x00000000   Code   RO         2027    .ARM.Collect$$$$0000000D  mc_p.l(entry10a.o)
    0x08002d70   0x08002d70   0x00000000   Code   RO         2029    .ARM.Collect$$$$0000000F  mc_p.l(entry11a.o)
    0x08002d70   0x08002d70   0x00000004   Code   RO         2018    .ARM.Collect$$$$00002712  mc_p.l(entry2.o)
    0x08002d74   0x08002d74   0x00000044   Code   RO         1696    .text               startup_gd32l235xx.o
    0x08002db8   0x08002db8   0x00000008   Code   RO         1984    .text               mc_p.l(siabs.o)
    0x08002dc0   0x08002dc0   0x000000b2   Code   RO         2002    .text               mf_p.l(fadd.o)
    0x08002e72   0x08002e72   0x0000007a   Code   RO         2003    .text               mf_p.l(fmul.o)
    0x08002eec   0x08002eec   0x0000007c   Code   RO         2004    .text               mf_p.l(fdiv.o)
    0x08002f68   0x08002f68   0x00000164   Code   RO         2005    .text               mf_p.l(dadd.o)
    0x080030cc   0x080030cc   0x000000d0   Code   RO         2006    .text               mf_p.l(dmul.o)
    0x0800319c   0x0800319c   0x0000001c   Code   RO         2007    .text               mf_p.l(fcmple.o)
    0x080031b8   0x080031b8   0x0000001c   Code   RO         2008    .text               mf_p.l(fcmpge.o)
    0x080031d4   0x080031d4   0x0000001c   Code   RO         2009    .text               mf_p.l(fcmpgt.o)
    0x080031f0   0x080031f0   0x0000001c   Code   RO         2010    .text               mf_p.l(fcmpeq.o)
    0x0800320c   0x0800320c   0x00000016   Code   RO         2011    .text               mf_p.l(fflti.o)
    0x08003222   0x08003222   0x00000002   PAD
    0x08003224   0x08003224   0x00000028   Code   RO         2012    .text               mf_p.l(dflti.o)
    0x0800324c   0x0800324c   0x00000032   Code   RO         2013    .text               mf_p.l(ffixi.o)
    0x0800327e   0x0800327e   0x00000028   Code   RO         2015    .text               mf_p.l(f2d.o)
    0x080032a6   0x080032a6   0x00000038   Code   RO         2016    .text               mf_p.l(d2f.o)
    0x080032de   0x080032de   0x00000060   Code   RO         2034    .text               mc_p.l(uldiv.o)
    0x0800333e   0x0800333e   0x00000020   Code   RO         2035    .text               mc_p.l(llshl.o)
    0x0800335e   0x0800335e   0x00000026   Code   RO         2036    .text               mc_p.l(llsshr.o)
    0x08003384   0x08003384   0x00000000   Code   RO         2037    .text               mc_p.l(iusefp.o)
    0x08003384   0x08003384   0x00000082   Code   RO         2038    .text               mf_p.l(fepilogue.o)
    0x08003406   0x08003406   0x000000be   Code   RO         2039    .text               mf_p.l(depilogue.o)
    0x080034c4   0x080034c4   0x000000f0   Code   RO         2042    .text               mf_p.l(ddiv.o)
    0x080035b4   0x080035b4   0x00000040   Code   RO         2043    .text               mf_p.l(dfixul.o)
    0x080035f4   0x080035f4   0x00000028   Code   RO         2044    .text               mf_p.l(cdrcmple.o)
    0x0800361c   0x0800361c   0x00000024   Code   RO         2045    .text               mc_p.l(init.o)
    0x08003640   0x08003640   0x0000003e   Code   RO         2047    .text               mc_p.l(uidiv_div0.o)
    0x0800367e   0x0800367e   0x00000022   Code   RO         2050    .text               mc_p.l(llushr.o)
    0x080036a0   0x080036a0   0x00000060   Code   RO         1919    .text.ConfigTimerTask  usebasetimer.o
    0x08003700   0x08003700   0x00000060   Code   RO         1929    .text.GetTimeTaskParams  usebasetimer.o
    0x08003760   0x08003760   0x0000000c   Code   RO         1748    .text.Get_led_run_mode  i2c_led.o
    0x0800376c   0x0800376c   0x00000004   Code   RO           25    .text.HardFault_Handler  gd32l23x_it.o
    0x08003770   0x08003770   0x000000a4   Code   RO         1774    .text.I2C_CTRL_Show_half  i2c_led.o
    0x08003814   0x08003814   0x000002d8   Code   RO         1772    .text.I2C_CTRL_Show_temp_humi  i2c_led.o
    0x08003aec   0x08003aec   0x00000010   Code   RO         1734    .text.IIC2_All_Init  i2c_led.o
    0x08003afc   0x08003afc   0x0000012e   Code   RO         1756    .text.IS31FL3236_Init  i2c_led.o
    0x08003c2a   0x08003c2a   0x00000002   PAD
    0x08003c2c   0x08003c2c   0x000002f2   Code   RO         1740    .text.IS31_WriteOneByte_timeout  i2c_led.o
    0x08003f1e   0x08003f1e   0x0000003e   Code   RO         1874    .text.Init_SHT4X    sht4x_example_usage.o
    0x08003f5c   0x08003f5c   0x00000002   Code   RO           23    .text.NMI_Handler   gd32l23x_it.o
    0x08003f5e   0x08003f5e   0x00000002   Code   RO           29    .text.PendSV_Handler  gd32l23x_it.o
    0x08003f60   0x08003f60   0x00000008   Code   RO         1872    .text.SHT4x_init    sht4x_example_usage.o
    0x08003f68   0x08003f68   0x00000002   Code   RO           27    .text.SVC_Handler   gd32l23x_it.o
    0x08003f6a   0x08003f6a   0x00000052   Code   RO           13    .text.SysTick_Config  systick.o
    0x08003fbc   0x08003fbc   0x00000008   Code   RO           31    .text.SysTick_Handler  gd32l23x_it.o
    0x08003fc4   0x08003fc4   0x000000ba   Code   RO           34    .text.SystemInit    system_gd32l23x.o
    0x0800407e   0x0800407e   0x0000002c   Code   RO         1913    .text.TIMER11_IRQHandler  usebasetimer.o
    0x080040aa   0x080040aa   0x00000002   Code   RO         1915    .text.TIMER14_IRQHandler  usebasetimer.o
    0x080040ac   0x080040ac   0x00000028   Code   RO         1917    .text.TIMER40_IRQHandler  usebasetimer.o
    0x080040d4   0x080040d4   0x00000036   Code   RO          253    .text.__NVIC_EnableIRQ  gd32l23x_misc.o
    0x0800410a   0x0800410a   0x00000088   Code   RO           15    .text.__NVIC_SetPriority  systick.o
    0x08004192   0x08004192   0x00000088   Code   RO          251    .text.__NVIC_SetPriority  gd32l23x_misc.o
    0x0800421a   0x0800421a   0x000000b4   Code   RO            4    .text.com_usart_init  main.o
    0x080042ce   0x080042ce   0x00000026   Code   RO           17    .text.delay_1ms     systick.o
    0x080042f4   0x080042f4   0x00000020   Code   RO           19    .text.delay_decrement  systick.o
    0x08004314   0x08004314   0x00000036   Code   RO            6    .text.fputc         main.o
    0x0800434a   0x0800434a   0x000000f8   Code   RO          646    .text.fwdgt_config  gd32l23x_fwdgt.o
    0x08004442   0x08004442   0x00000010   Code   RO          644    .text.fwdgt_counter_reload  gd32l23x_fwdgt.o
    0x08004452   0x08004452   0x00000010   Code   RO          636    .text.fwdgt_enable  gd32l23x_fwdgt.o
    0x08004462   0x08004462   0x0000000e   Code   RO          634    .text.fwdgt_write_disable  gd32l23x_fwdgt.o
    0x08004470   0x08004470   0x00000010   Code   RO          632    .text.fwdgt_write_enable  gd32l23x_fwdgt.o
    0x08004480   0x08004480   0x0000000c   Code   RO         1754    .text.get_IS31FL_status  i2c_led.o
    0x0800448c   0x0800448c   0x0000000c   Code   RO         1864    .text.get_sht4x_status  sht4x.o
    0x08004498   0x08004498   0x000000c0   Code   RO          240    .text.gpio_af_set   gd32l23x_gpio.o
    0x08004558   0x08004558   0x00000010   Code   RO          226    .text.gpio_bit_reset  gd32l23x_gpio.o
    0x08004568   0x08004568   0x00000010   Code   RO          224    .text.gpio_bit_set  gd32l23x_gpio.o
    0x08004578   0x08004578   0x00000064   Code   RO         1728    .text.gpio_config   i2c_led.o
    0x080045dc   0x080045dc   0x0000008e   Code   RO          220    .text.gpio_mode_set  gd32l23x_gpio.o
    0x0800466a   0x0800466a   0x0000008a   Code   RO          222    .text.gpio_output_options_set  gd32l23x_gpio.o
    0x080046f4   0x080046f4   0x0000002c   Code   RO          991    .text.i2c_address_config  gd32l23x_i2c.o
    0x08004720   0x08004720   0x00000014   Code   RO          979    .text.i2c_automatic_end_enable  gd32l23x_i2c.o
    0x08004734   0x08004734   0x00000040   Code   RO         1730    .text.i2c_config    i2c_led.o
    0x08004774   0x08004774   0x0000000e   Code   RO         1025    .text.i2c_data_receive  gd32l23x_i2c.o
    0x08004782   0x08004782   0x00000012   Code   RO         1023    .text.i2c_data_transmit  gd32l23x_i2c.o
    0x08004794   0x08004794   0x00000074   Code   RO          957    .text.i2c_deinit    gd32l23x_i2c.o
    0x08004808   0x08004808   0x00000012   Code   RO         1015    .text.i2c_enable    gd32l23x_i2c.o
    0x0800481a   0x0800481a   0x00000014   Code   RO         1073    .text.i2c_flag_clear  gd32l23x_i2c.o
    0x0800482e   0x0800482e   0x0000002a   Code   RO         1071    .text.i2c_flag_get  gd32l23x_i2c.o
    0x08004858   0x08004858   0x00000040   Code   RO          969    .text.i2c_master_addressing  gd32l23x_i2c.o
    0x08004898   0x08004898   0x00000042   Code   RO          967    .text.i2c_master_clock_config  gd32l23x_i2c.o
    0x080048da   0x080048da   0x00000018   Code   RO         1029    .text.i2c_reload_disable  gd32l23x_i2c.o
    0x080048f2   0x080048f2   0x00000014   Code   RO         1019    .text.i2c_start_on_bus  gd32l23x_i2c.o
    0x08004906   0x08004906   0x00000014   Code   RO         1021    .text.i2c_stop_on_bus  gd32l23x_i2c.o
    0x0800491a   0x0800491a   0x00000066   Code   RO          959    .text.i2c_timing_config  gd32l23x_i2c.o
    0x08004980   0x08004980   0x00000026   Code   RO         1031    .text.i2c_transfer_byte_number_config  gd32l23x_i2c.o
    0x080049a6   0x080049a6   0x0000001a   Code   RO         1778    .text.init_led_status  i2c_led.o
    0x080049c0   0x080049c0   0x0000008e   Code   RO         1764    .text.led_dispaly_state  i2c_led.o
    0x08004a4e   0x08004a4e   0x000000c8   Code   RO            2    .text.main          main.o
    0x08004b16   0x08004b16   0x0000021a   Code   RO         1886    .text.measure_task_exe  core_task.o
    0x08004d30   0x08004d30   0x00000016   Code   RO         1909    .text.nvic_config   usebasetimer.o
    0x08004d46   0x08004d46   0x0000002c   Code   RO          249    .text.nvic_irq_enable  gd32l23x_misc.o
    0x08004d72   0x08004d72   0x00000028   Code   RO          263    .text.nvic_vector_table_set  gd32l23x_misc.o
    0x08004d9a   0x08004d9a   0x00000002   PAD
    0x08004d9c   0x08004d9c   0x000009b0   Code   RO          350    .text.rcu_clock_freq_get  gd32l23x_rcu.o
    0x0800574c   0x0800574c   0x00000014   Code   RO         1726    .text.rcu_config    i2c_led.o
    0x08005760   0x08005760   0x0000003a   Code   RO          328    .text.rcu_flag_get  gd32l23x_rcu.o
    0x0800579a   0x0800579a   0x0000007a   Code   RO          308    .text.rcu_i2c_clock_config  gd32l23x_rcu.o
    0x08005814   0x08005814   0x00000028   Code   RO          330    .text.rcu_osci_on   gd32l23x_rcu.o
    0x0800583c   0x0800583c   0x0000023c   Code   RO          326    .text.rcu_osci_stab_wait  gd32l23x_rcu.o
    0x08005a78   0x08005a78   0x00000028   Code   RO          274    .text.rcu_periph_clock_enable  gd32l23x_rcu.o
    0x08005aa0   0x08005aa0   0x00000028   Code   RO          284    .text.rcu_periph_reset_disable  gd32l23x_rcu.o
    0x08005ac8   0x08005ac8   0x00000028   Code   RO          282    .text.rcu_periph_reset_enable  gd32l23x_rcu.o
    0x08005af0   0x08005af0   0x00000182   Code   RO         1911    .text.record_led_status  usebasetimer.o
    0x08005c72   0x08005c72   0x00000050   Code   RO         1931    .text.resetTimeTaskParams  usebasetimer.o
    0x08005cc2   0x08005cc2   0x00000042   Code   RO         1806    .text.sensirion_common_check_crc  sensirion_common.o
    0x08005d04   0x08005d04   0x0000008a   Code   RO         1804    .text.sensirion_common_generate_crc  sensirion_common.o
    0x08005d8e   0x08005d8e   0x00000002   PAD
    0x08005d90   0x08005d90   0x00000270   Code   RO         1833    .text.sensirion_i2c_ReadByte_timeout  sensirion_hw_i2c_implementation.o
    0x08006000   0x08006000   0x000002bc   Code   RO         1837    .text.sensirion_i2c_WriteByte_timeout  sensirion_hw_i2c_implementation.o
    0x080062bc   0x080062bc   0x00000050   Code   RO         1831    .text.sensirion_i2c_read  sensirion_hw_i2c_implementation.o
    0x0800630c   0x0800630c   0x00000088   Code   RO         1814    .text.sensirion_i2c_read_words  sensirion_common.o
    0x08006394   0x08006394   0x000000c6   Code   RO         1812    .text.sensirion_i2c_read_words_as_bytes  sensirion_common.o
    0x0800645a   0x0800645a   0x00000060   Code   RO         1835    .text.sensirion_i2c_write  sensirion_hw_i2c_implementation.o
    0x080064ba   0x080064ba   0x0000003c   Code   RO         1839    .text.sensirion_sleep_usec  sensirion_hw_i2c_implementation.o
    0x080064f6   0x080064f6   0x00000028   Code   RO         1752    .text.setPwm        i2c_led.o
    0x0800651e   0x0800651e   0x0000001c   Code   RO         1758    .text.setPwmupdate  i2c_led.o
    0x0800653a   0x0800653a   0x00000038   Code   RO         1746    .text.setRunMode    i2c_led.o
    0x08006572   0x08006572   0x0000001a   Code   RO         1884    .text.setShtParams  core_task.o
    0x0800658c   0x0800658c   0x00000024   Code   RO         1736    .text.set_led_level  i2c_led.o
    0x080065b0   0x080065b0   0x00000016   Code   RO         1866    .text.set_sht4x_status  sht4x.o
    0x080065c6   0x080065c6   0x00000002   PAD
    0x080065c8   0x080065c8   0x000000f4   Code   RO         1770    .text.showNumber    i2c_led.o
    0x080066bc   0x080066bc   0x00000034   Code   RO         1768    .text.show_negative  i2c_led.o
    0x080066f0   0x080066f0   0x00000014   Code   RO         1856    .text.sht4x_measure  sht4x.o
    0x08006704   0x08006704   0x00000046   Code   RO         1854    .text.sht4x_measure_blocking_read  sht4x.o
    0x0800674a   0x0800674a   0x00000028   Code   RO         1876    .text.sht4x_measure_detail  sht4x_example_usage.o
    0x08006772   0x08006772   0x00000308   Code   RO         1880    .text.sht4x_measure_task  core_task.o
    0x08006a7a   0x08006a7a   0x0000000e   Code   RO         1860    .text.sht4x_probe   sht4x.o
    0x08006a88   0x08006a88   0x0000004c   Code   RO         1858    .text.sht4x_read    sht4x.o
    0x08006ad4   0x08006ad4   0x00000066   Code   RO         1862    .text.sht4x_read_serial  sht4x.o
    0x08006b3a   0x08006b3a   0x00000012   Code   RO         1272    .text.spi_crc_polynomial_set  gd32l23x_spi.o
    0x08006b4c   0x08006b4c   0x00000012   Code   RO         1234    .text.spi_enable    gd32l23x_spi.o
    0x08006b5e   0x08006b5e   0x00000026   Code   RO         1264    .text.spi_fifo_access_size_config  gd32l23x_spi.o
    0x08006b84   0x08006b84   0x00000114   Code   RO         1945    .text.spi_flash_init  gd25qxx.o
    0x08006c98   0x08006c98   0x00000060   Code   RO         1965    .text.spi_flash_read_id  gd25qxx.o
    0x08006cf8   0x08006cf8   0x00000056   Code   RO         1951    .text.spi_flash_send_byte  gd25qxx.o
    0x08006d4e   0x08006d4e   0x00000052   Code   RO         1270    .text.spi_i2s_data_receive  gd32l23x_spi.o
    0x08006da0   0x08006da0   0x00000052   Code   RO         1268    .text.spi_i2s_data_transmit  gd32l23x_spi.o
    0x08006df2   0x08006df2   0x00000080   Code   RO         1310    .text.spi_i2s_flag_get  gd32l23x_spi.o
    0x08006e72   0x08006e72   0x00000138   Code   RO         1232    .text.spi_init      gd32l23x_spi.o
    0x08006faa   0x08006faa   0x00000014   Code   RO         1304    .text.spi_quad_io23_output_enable  gd32l23x_spi.o
    0x08006fbe   0x08006fbe   0x0000013a   Code   RO           40    .text.system_clock_64m_hxtal  system_gd32l23x.o
    0x080070f8   0x080070f8   0x00000008   Code   RO           36    .text.system_clock_config  system_gd32l23x.o
    0x08007100   0x08007100   0x0000002a   Code   RO           11    .text.systick_config  systick.o
    0x0800712a   0x0800712a   0x00000114   Code   RO         1933    .text.time_cycle    usebasetimer.o
    0x0800723e   0x0800723e   0x00000078   Code   RO         1907    .text.timer_config  usebasetimer.o
    0x080072b6   0x080072b6   0x0000013c   Code   RO         1319    .text.timer_deinit  gd32l23x_timer.o
    0x080073f2   0x080073f2   0x00000012   Code   RO         1327    .text.timer_disable  gd32l23x_timer.o
    0x08007404   0x08007404   0x00000012   Code   RO         1325    .text.timer_enable  gd32l23x_timer.o
    0x08007416   0x08007416   0x00000110   Code   RO         1323    .text.timer_init    gd32l23x_timer.o
    0x08007526   0x08007526   0x00000014   Code   RO         1453    .text.timer_interrupt_enable  gd32l23x_timer.o
    0x0800753a   0x0800753a   0x00000012   Code   RO         1459    .text.timer_interrupt_flag_clear  gd32l23x_timer.o
    0x0800754c   0x0800754c   0x0000003a   Code   RO         1457    .text.timer_interrupt_flag_get  gd32l23x_timer.o
    0x08007586   0x08007586   0x00000026   Code   RO         1321    .text.timer_struct_para_init  gd32l23x_timer.o
    0x080075ac   0x080075ac   0x0000004a   Code   RO         1762    .text.update_data_prepare_number  i2c_led.o
    0x080075f6   0x080075f6   0x000000ae   Code   RO         1882    .text.update_i2c_show_humi_task  core_task.o
    0x080076a4   0x080076a4   0x000000f0   Code   RO          394    .text.usart_baudrate_set  gd32l23x_usart.o
    0x08007794   0x08007794   0x00000018   Code   RO          428    .text.usart_data_transmit  gd32l23x_usart.o
    0x080077ac   0x080077ac   0x00000096   Code   RO          392    .text.usart_deinit  gd32l23x_usart.o
    0x08007842   0x08007842   0x00000012   Code   RO          402    .text.usart_enable  gd32l23x_usart.o
    0x08007854   0x08007854   0x0000003c   Code   RO          522    .text.usart_flag_get  gd32l23x_usart.o
    0x08007890   0x08007890   0x0000002e   Code   RO          396    .text.usart_parity_config  gd32l23x_usart.o
    0x080078be   0x080078be   0x0000001e   Code   RO          408    .text.usart_receive_config  gd32l23x_usart.o
    0x080078dc   0x080078dc   0x0000002e   Code   RO          400    .text.usart_stop_bit_set  gd32l23x_usart.o
    0x0800790a   0x0800790a   0x0000001e   Code   RO          406    .text.usart_transmit_config  gd32l23x_usart.o
    0x08007928   0x08007928   0x0000002e   Code   RO          398    .text.usart_word_length_set  gd32l23x_usart.o
    0x08007956   0x08007956   0x00000080   Code   RO         1905    .text.useGeneralTimerProcess  usebasetimer.o
    0x080079d6   0x080079d6   0x00000002   PAD
    0x080079d8   0x080079d8   0x00000020   Code   RO         1989    i.__0printf         mc_p.l(printfa.o)
    0x080079f8   0x080079f8   0x0000002e   Code   RO         2041    i.__ARM_clz         mf_p.l(depilogue.o)
    0x08007a26   0x08007a26   0x0000000e   Code   RO         2053    i.__scatterload_copy  mc_p.l(handlers.o)
    0x08007a34   0x08007a34   0x00000002   Code   RO         2054    i.__scatterload_null  mc_p.l(handlers.o)
    0x08007a36   0x08007a36   0x0000000e   Code   RO         2055    i.__scatterload_zeroinit  mc_p.l(handlers.o)
    0x08007a44   0x08007a44   0x00000174   Code   RO         1996    i._fp_digits        mc_p.l(printfa.o)
    0x08007bb8   0x08007bb8   0x000006ec   Code   RO         1997    i._printf_core      mc_p.l(printfa.o)
    0x080082a4   0x080082a4   0x00000020   Code   RO         1998    i._printf_post_padding  mc_p.l(printfa.o)
    0x080082c4   0x080082c4   0x0000002c   Code   RO         1999    i._printf_pre_padding  mc_p.l(printfa.o)
    0x080082f0   0x080082f0   0x00000028   Data   RO            8    .rodata.str1.1      main.o
    0x08008318   0x08008318   0x0000004b   Data   RO         1788    .rodata.str1.1      i2c_led.o
    0x08008363   0x08008363   0x000000be   Data   RO         1849    .rodata.str1.1      sensirion_hw_i2c_implementation.o
    0x08008421   0x08008421   0x00000029   Data   RO         1878    .rodata.str1.1      sht4x_example_usage.o
    0x0800844a   0x0800844a   0x00000002   PAD
    0x0800844c   0x0800844c   0x00000020   Data   RO         2052    Region$$Table       anon$$obj.o


    Execution Region RW_IRAM1 (Exec base: 0x20000000, Load base: 0x08008470, Size: 0x000004a8, Max: 0x00006000, ABSOLUTE)

    Exec Addr    Load Addr    Size         Type   Attr      Idx    E Section Name        Object

    0x20000000   0x08008470   0x00000004   Data   RW         2031    .data               mc_p.l(stdout.o)
    0x20000004   0x08008474   0x00000040   Data   RW         1785    .data.PWM_Gamma64   i2c_led.o
    0x20000044   0x080084b4   0x00000004   Data   RW           42    .data.SystemCoreClock  system_gd32l23x.o
    0x20000048   0x080084b8   0x0000000a   Data   RW         1786    .data.digital_code  i2c_led.o
    0x20000052   0x080084c2   0x00000001   Data   RW         1790    .data.m_IS31FL_status  i2c_led.o
    0x20000053   0x080084c3   0x00000001   PAD
    0x20000054   0x080084c4   0x00000004   Data   RW         1940    .data.record_led_status.old_value  usebasetimer.o
    0x20000058   0x080084c8   0x00000001   Data   RW         1869    .data.sht4x_cmd_measure  sht4x.o
    0x20000059   0x080084c9   0x00000001   PAD
    0x2000005a   0x080084ca   0x00000002   Data   RW         1868    .data.sht4x_cmd_measure_delay_us  sht4x.o
    0x2000005c   0x080084cc   0x00000001   Data   RW         1870    .data.sht4x_status  sht4x.o
    0x2000005d   0x080084cd   0x00000001   Data   RW         1941    .data.timerTaskFlag  usebasetimer.o
    0x2000005e   0x080084ce   0x00000002   PAD
    0x20000060        -       0x00000002   Zero   RW         1792    .bss.I2C_CTRL_Show_temp_humi.old_humi  i2c_led.o
    0x20000062        -       0x00000002   Zero   RW         1791    .bss.I2C_CTRL_Show_temp_humi.old_temper  i2c_led.o
    0x20000064        -       0x00000004   Zero   RW           21    .bss.delay          systick.o
    0x20000068        -       0x00000001   Zero   RW         1784    .bss.i2c_bus_status  i2c_led.o
    0x20000069        -       0x00000001   Zero   RW         1787    .bss.i2c_led_level  i2c_led.o
    0x2000006a        -       0x00000002   Zero   RW         1793    .bss.local_i2c_led_value  i2c_led.o
    0x2000006c        -       0x00000004   Zero   RW         1900    .bss.measure_task_exe.humidity  core_task.o
    0x20000070        -       0x00000004   Zero   RW         1902    .bss.measure_task_exe.humidity_clouds  core_task.o
    0x20000074        -       0x00000004   Zero   RW         1899    .bss.measure_task_exe.temperatures  core_task.o
    0x20000078        -       0x00000004   Zero   RW         1901    .bss.measure_task_exe.temperatures_clouds  core_task.o
    0x2000007c        -       0x00000004   Zero   RW         1903    .bss.measure_task_exe.update_times_freq  core_task.o
    0x20000080        -       0x00000001   Zero   RW         1898    .bss.measure_task_exe.updates  core_task.o
    0x20000081        -       0x00000001   Zero   RW         1939    .bss.record_led_status.base  usebasetimer.o
    0x20000082        -       0x00000001   Zero   RW         1938    .bss.record_led_status.off_times  usebasetimer.o
    0x20000083        -       0x00000001   Zero   RW         1937    .bss.record_led_status.on_times  usebasetimer.o
    0x20000084        -       0x00000001   Zero   RW         1789    .bss.s_led_run_mode  i2c_led.o
    0x20000085   0x080084ce   0x00000003   PAD
    0x20000088        -       0x00000004   Zero   RW         1896    .bss.sht4x_measure_task.g_record_times  core_task.o
    0x2000008c        -       0x00000004   Zero   RW         1894    .bss.sht4x_measure_task.old_humidity  core_task.o
    0x20000090        -       0x00000004   Zero   RW         1893    .bss.sht4x_measure_task.old_temperature  core_task.o
    0x20000094        -       0x00000001   Zero   RW         1895    .bss.sht4x_measure_task.update  core_task.o
    0x20000095   0x080084ce   0x00000003   PAD
    0x20000098        -       0x00000008   Zero   RW         1897    .bss.shtp           core_task.o
    0x200000a0        -       0x00000001   Zero   RW         1943    .bss.time_cycle.Timer_Count_Value  usebasetimer.o
    0x200000a1        -       0x00000003   Zero   RW         1942    .bss.timetaskparams  usebasetimer.o
    0x200000a4        -       0x00000001   Zero   RW         1936    .bss.wifi_indicator_cycle  usebasetimer.o
    0x200000a5        -       0x00000001   Zero   RW         1935    .bss.wifi_status_time_cycle  usebasetimer.o
    0x200000a6   0x080084ce   0x00000002   PAD
    0x200000a8        -       0x00000400   Zero   RW         1693    STACK               startup_gd32l235xx.o


==============================================================================

Image component sizes


      Code (inc. data)   RO Data    RW Data    ZI Data      Debug   Object Name

      1514          0          0          0         42          0   core_task.o
       458          0          0          0          0          0   gd25qxx.o
       310          0          0          0          0          0   gd32l23x_fwdgt.o
       504          0          0          0          0          0   gd32l23x_gpio.o
       626          0          0          0          0          0   gd32l23x_i2c.o
        18          0          0          0          0          0   gd32l23x_it.o
       274          0          0          0          0          0   gd32l23x_misc.o
      3392          0          0          0          0          0   gd32l23x_rcu.o
       698          0          0          0          0          0   gd32l23x_spi.o
       758          0          0          0          0          0   gd32l23x_timer.o
       690          0          0          0          0          0   gd32l23x_usart.o
      2870          0         75         75          9          0   i2c_led.o
       434          0         40          0          0          0   main.o
       538          0          0          0          0          0   sensirion_common.o
      1560          0        190          0          0          0   sensirion_hw_i2c_implementation.o
       316          0          0          4          0          0   sht4x.o
       110          0         41          0          0          0   sht4x_example_usage.o
        68         22        352          0       1024          0   startup_gd32l235xx.o
       508          0          0          4          0          0   system_gd32l23x.o
       330          0          0          0          4          0   systick.o
      1290          0          0          5          9          0   usebasetimer.o

    ----------------------------------------------------------------------
     17276         22        732         92       1096          0   Object Totals
         0          0         32          0          0          0   (incl. Generated)
        10          0          2          4          8          0   (incl. Padding)

    ----------------------------------------------------------------------

      Code (inc. data)   RO Data    RW Data    ZI Data      Debug   Library Member Name

         0          0          0          0          0          0   entry.o
         0          0          0          0          0          0   entry10a.o
         0          0          0          0          0          0   entry11a.o
         8          4          0          0          0          0   entry2.o
         4          0          0          0          0          0   entry5.o
         0          0          0          0          0          0   entry7b.o
         0          0          0          0          0          0   entry8b.o
         8          4          0          0          0          0   entry9a.o
        30          0          0          0          0          0   handlers.o
        36          8          0          0          0          0   init.o
         0          0          0          0          0          0   iusefp.o
        32          0          0          0          0          0   llshl.o
        38          0          0          0          0          0   llsshr.o
        34          0          0          0          0          0   llushr.o
      2252         98          0          0          0          0   printfa.o
         8          0          0          0          0          0   siabs.o
         0          0          0          4          0          0   stdout.o
        62          0          0          0          0          0   uidiv_div0.o
        96          0          0          0          0          0   uldiv.o
        40          2          0          0          0          0   cdrcmple.o
        56          0          0          0          0          0   d2f.o
       356          4          0          0          0          0   dadd.o
       240          6          0          0          0          0   ddiv.o
       236          0          0          0          0          0   depilogue.o
        64         10          0          0          0          0   dfixul.o
        40          6          0          0          0          0   dflti.o
       208          6          0          0          0          0   dmul.o
        40          0          0          0          0          0   f2d.o
       178          0          0          0          0          0   fadd.o
        28          0          0          0          0          0   fcmpeq.o
        28          0          0          0          0          0   fcmpge.o
        28          0          0          0          0          0   fcmpgt.o
        28          0          0          0          0          0   fcmple.o
       124          0          0          0          0          0   fdiv.o
       130          0          0          0          0          0   fepilogue.o
        50          0          0          0          0          0   ffixi.o
        22          0          0          0          0          0   fflti.o
       122          0          0          0          0          0   fmul.o

    ----------------------------------------------------------------------
      4628        148          0          4          0          0   Library Totals
         2          0          0          0          0          0   (incl. Padding)

    ----------------------------------------------------------------------

      Code (inc. data)   RO Data    RW Data    ZI Data      Debug   Library Name

      2608        114          0          4          0          0   mc_p.l
      2018         34          0          0          0          0   mf_p.l

    ----------------------------------------------------------------------
      4628        148          0          4          0          0   Library Totals

    ----------------------------------------------------------------------

==============================================================================


      Code (inc. data)   RO Data    RW Data    ZI Data      Debug   

     21904        170        732         96       1096          0   Grand Totals
     21904        170        732         96       1096          0   ELF Image Totals
     21904        170        732         96          0          0   ROM Totals

==============================================================================

    Total RO  Size (Code + RO Data)                22636 (  22.11kB)
    Total RW  Size (RW Data + ZI Data)              1192 (   1.16kB)
    Total ROM Size (Code + RO Data + RW Data)      22732 (  22.20kB)

==============================================================================

